============================================================
  Generated by:           Genus(TM) Synthesis Solution 23.14-s090_1
  Generated on:           Sep 12 2026  12:20:30 am
  Module:                 usb_phy
  Operating conditions:   PVT_0P7V_25C (balanced_tree)
  Wireload mode:          enclosed
  Area mode:              timing library
============================================================


Path 1: MET (683.50000000 ps) Late External Delay Assertion at pin po20
          Group: vclk
     Startpoint: (R) pi147
          Clock: (R) vclk
       Endpoint: (R) po20
          Clock: (R) vclk

                         Capture            Launch       
        Clock Edge:+  1000.00000000       0.00000000     
        Drv Adjust:+     0.00000000      28.50000000     
       Src Latency:+     0.00000000       0.00000000     
       Net Latency:+     0.00000000 (I)   0.00000000 (I) 
           Arrival:=  1000.00000000      28.50000000     
                                                         
      Output Delay:-     0.00000000                      
     Required Time:=  1000.00000000                      
      Launch Clock:-    28.50000000                      
       Input Delay:-     0.00000000                      
         Data Path:-   288.00000000                      
             Slack:=   683.50000000                      

Exceptions/Constraints:
  input_delay           0.00000000         in_del_1419_1   
  output_delay          0.00000000         ou_del_1501_1   

#--------------------------------------------------------------------------------------------------------------------------
# Timing Point   Flags   Arc   Edge        Cell          Fanout     Load        Trans       Delay       Arrival   Instance 
#                                                                   (fF)        (ps)         (ps)        (ps)     Location 
#--------------------------------------------------------------------------------------------------------------------------
  pi147          <<<     -     R     (arrival)               21 13.50000000  62.40000000  0.00000000  28.50000000    (-,-) 
  _nid_46/Y      -       A->Y  F     INVx1_ASAP7_75t_R       28 16.60000000 116.70000000 78.10000000 106.60000000    (-,-) 
  _nid_63/Y      -       B->Y  F     AO21x1_ASAP7_75t_R       2  1.20000000  15.40000000 41.50000000 148.10000000    (-,-) 
  _nid_65/Y      -       A->Y  F     OR3x1_ASAP7_75t_R        5  3.80000000  32.10000000 41.10000000 189.20000000    (-,-) 
  _nid_66/Y      -       B->Y  R     NOR2x1_ASAP7_75t_R       2  1.00000000  19.40000000 16.00000000 205.20000000    (-,-) 
  _nid_67/Y      -       D->Y  R     AND4x2_ASAP7_75t_R       2  1.60000000  17.50000000 38.80000000 244.00000000    (-,-) 
  _nid_68/Y      -       A->Y  F     INVx1_ASAP7_75t_R        1  0.40000000   7.90000000  8.10000000 252.10000000    (-,-) 
  _nid_71/Y      -       B->Y  F     OA211x2_ASAP7_75t_R      1  0.60000000  14.60000000 33.80000000 285.90000000    (-,-) 
  _nid_72/Y      -       A->Y  R     INVx1_ASAP7_75t_R        1  5.80000000  53.00000000 30.60000000 316.50000000    (-,-) 
  po20           <<<     -     R     (port)                   -           -            -  0.00000000 316.50000000    (-,-) 
#--------------------------------------------------------------------------------------------------------------------------



Path 2: MET (712.40000000 ps) Late External Delay Assertion at pin po48
          Group: vclk
     Startpoint: (F) pi147
          Clock: (R) vclk
       Endpoint: (F) po48
          Clock: (R) vclk

                         Capture            Launch       
        Clock Edge:+  1000.00000000       0.00000000     
        Drv Adjust:+     0.00000000      23.90000000     
       Src Latency:+     0.00000000       0.00000000     
       Net Latency:+     0.00000000 (I)   0.00000000 (I) 
           Arrival:=  1000.00000000      23.90000000     
                                                         
      Output Delay:-     0.00000000                      
     Required Time:=  1000.00000000                      
      Launch Clock:-    23.90000000                      
       Input Delay:-     0.00000000                      
         Data Path:-   263.70000000                      
             Slack:=   712.40000000                      

Exceptions/Constraints:
  input_delay           0.00000000         in_del_1419_1   
  output_delay          0.00000000         ou_del_1529_1   

#--------------------------------------------------------------------------------------------------------------------------
# Timing Point   Flags   Arc   Edge        Cell          Fanout     Load        Trans       Delay       Arrival   Instance 
#                                                                   (fF)        (ps)         (ps)        (ps)     Location 
#--------------------------------------------------------------------------------------------------------------------------
  pi147          <<<     -     F     (arrival)               21 13.30000000  48.40000000  0.00000000  23.90000000    (-,-) 
  _nid_46/Y      -       A->Y  R     INVx1_ASAP7_75t_R       28 16.50000000 147.50000000 85.30000000 109.20000000    (-,-) 
  _nid_200/Y     -       A->Y  F     NOR2x1_ASAP7_75t_R       8  5.10000000  68.70000000 62.30000000 171.50000000    (-,-) 
  _nid_242/Y     -       B->Y  F     OA211x2_ASAP7_75t_R      2  1.10000000  15.40000000 56.70000000 228.20000000    (-,-) 
  _nid_243/Y     -       A1->Y F     OA21x2_ASAP7_75t_R       1  0.60000000  12.30000000 24.40000000 252.60000000    (-,-) 
  _nid_247/Y     -       A1->Y F     OA21x2_ASAP7_75t_R       1  5.80000000  25.60000000 35.00000000 287.60000000    (-,-) 
  po48           <<<     -     F     (port)                   -           -            -  0.00000000 287.60000000    (-,-) 
#--------------------------------------------------------------------------------------------------------------------------



Path 3: MET (713.30000000 ps) Late External Delay Assertion at pin po22
          Group: vclk
     Startpoint: (R) pi147
          Clock: (R) vclk
       Endpoint: (R) po22
          Clock: (R) vclk

                         Capture            Launch       
        Clock Edge:+  1000.00000000       0.00000000     
        Drv Adjust:+     0.00000000      28.50000000     
       Src Latency:+     0.00000000       0.00000000     
       Net Latency:+     0.00000000 (I)   0.00000000 (I) 
           Arrival:=  1000.00000000      28.50000000     
                                                         
      Output Delay:-     0.00000000                      
     Required Time:=  1000.00000000                      
      Launch Clock:-    28.50000000                      
       Input Delay:-     0.00000000                      
         Data Path:-   258.20000000                      
             Slack:=   713.30000000                      

Exceptions/Constraints:
  input_delay           0.00000000         in_del_1419_1   
  output_delay          0.00000000         ou_del_1503_1   

#--------------------------------------------------------------------------------------------------------------------------
# Timing Point   Flags   Arc   Edge        Cell          Fanout     Load        Trans       Delay       Arrival   Instance 
#                                                                   (fF)        (ps)         (ps)        (ps)     Location 
#--------------------------------------------------------------------------------------------------------------------------
  pi147          <<<     -     R     (arrival)               21 13.50000000  62.40000000  0.00000000  28.50000000    (-,-) 
  _nid_46/Y      -       A->Y  F     INVx1_ASAP7_75t_R       28 16.60000000 116.70000000 78.10000000 106.60000000    (-,-) 
  _nid_63/Y      -       B->Y  F     AO21x1_ASAP7_75t_R       2  1.20000000  15.40000000 41.50000000 148.10000000    (-,-) 
  _nid_65/Y      -       A->Y  F     OR3x1_ASAP7_75t_R        5  3.80000000  32.10000000 41.10000000 189.20000000    (-,-) 
  _nid_66/Y      -       B->Y  R     NOR2x1_ASAP7_75t_R       2  1.00000000  19.40000000 16.00000000 205.20000000    (-,-) 
  _nid_67/Y      -       D->Y  R     AND4x2_ASAP7_75t_R       2  1.60000000  17.50000000 38.80000000 244.00000000    (-,-) 
  _nid_82/Y      -       B->Y  F     NAND2x1_ASAP7_75t_R      1  1.00000000  12.30000000 10.70000000 254.70000000    (-,-) 
  _nid_84/Y      -       A2->Y R     AOI21x1_ASAP7_75t_R      1  5.80000000  67.40000000 32.00000000 286.70000000    (-,-) 
  po22           <<<     -     R     (port)                   -           -            -  0.00000000 286.70000000    (-,-) 
#--------------------------------------------------------------------------------------------------------------------------



Path 4: MET (718.10000000 ps) Late External Delay Assertion at pin po25
          Group: vclk
     Startpoint: (R) pi147
          Clock: (R) vclk
       Endpoint: (F) po25
          Clock: (R) vclk

                         Capture            Launch       
        Clock Edge:+  1000.00000000       0.00000000     
        Drv Adjust:+     0.00000000      28.50000000     
       Src Latency:+     0.00000000       0.00000000     
       Net Latency:+     0.00000000 (I)   0.00000000 (I) 
           Arrival:=  1000.00000000      28.50000000     
                                                         
      Output Delay:-     0.00000000                      
     Required Time:=  1000.00000000                      
      Launch Clock:-    28.50000000                      
       Input Delay:-     0.00000000                      
         Data Path:-   253.40000000                      
             Slack:=   718.10000000                      

Exceptions/Constraints:
  input_delay           0.00000000         in_del_1419_1   
  output_delay          0.00000000         ou_del_1506_1   

#-------------------------------------------------------------------------------------------------------------------------
# Timing Point   Flags   Arc   Edge        Cell         Fanout     Load        Trans       Delay       Arrival   Instance 
#                                                                  (fF)        (ps)         (ps)        (ps)     Location 
#-------------------------------------------------------------------------------------------------------------------------
  pi147          <<<     -     R     (arrival)              21 13.50000000  62.40000000  0.00000000  28.50000000    (-,-) 
  _nid_46/Y      -       A->Y  F     INVx1_ASAP7_75t_R      28 16.60000000 116.70000000 78.10000000 106.60000000    (-,-) 
  _nid_63/Y      -       B->Y  F     AO21x1_ASAP7_75t_R      2  1.20000000  15.40000000 41.50000000 148.10000000    (-,-) 
  _nid_65/Y      -       A->Y  F     OR3x1_ASAP7_75t_R       5  3.80000000  32.10000000 41.10000000 189.20000000    (-,-) 
  _nid_75/Y      -       B->Y  F     AO21x1_ASAP7_75t_R      3  1.80000000  17.10000000 31.60000000 220.80000000    (-,-) 
  _nid_94/Y      -       B1->Y F     AO32x1_ASAP7_75t_R      1  0.50000000  10.50000000 30.60000000 251.40000000    (-,-) 
  _nid_95/Y      -       A->Y  F     AND2x2_ASAP7_75t_R      1  5.80000000  24.40000000 30.50000000 281.90000000    (-,-) 
  po25           <<<     -     F     (port)                  -           -            -  0.00000000 281.90000000    (-,-) 
#-------------------------------------------------------------------------------------------------------------------------



Path 5: MET (727.20000000 ps) Late External Delay Assertion at pin po49
          Group: vclk
     Startpoint: (F) pi147
          Clock: (R) vclk
       Endpoint: (F) po49
          Clock: (R) vclk

                         Capture            Launch       
        Clock Edge:+  1000.00000000       0.00000000     
        Drv Adjust:+     0.00000000      23.90000000     
       Src Latency:+     0.00000000       0.00000000     
       Net Latency:+     0.00000000 (I)   0.00000000 (I) 
           Arrival:=  1000.00000000      23.90000000     
                                                         
      Output Delay:-     0.00000000                      
     Required Time:=  1000.00000000                      
      Launch Clock:-    23.90000000                      
       Input Delay:-     0.00000000                      
         Data Path:-   248.90000000                      
             Slack:=   727.20000000                      

Exceptions/Constraints:
  input_delay           0.00000000         in_del_1419_1   
  output_delay          0.00000000         ou_del_1530_1   

#--------------------------------------------------------------------------------------------------------------------------
# Timing Point   Flags   Arc   Edge        Cell          Fanout     Load        Trans       Delay       Arrival   Instance 
#                                                                   (fF)        (ps)         (ps)        (ps)     Location 
#--------------------------------------------------------------------------------------------------------------------------
  pi147          <<<     -     F     (arrival)               21 13.30000000  48.40000000  0.00000000  23.90000000    (-,-) 
  _nid_46/Y      -       A->Y  R     INVx1_ASAP7_75t_R       28 16.50000000 147.50000000 85.30000000 109.20000000    (-,-) 
  _nid_200/Y     -       A->Y  F     NOR2x1_ASAP7_75t_R       8  5.10000000  68.70000000 62.30000000 171.50000000    (-,-) 
  _nid_242/Y     -       B->Y  F     OA211x2_ASAP7_75t_R      2  1.10000000  15.40000000 56.70000000 228.20000000    (-,-) 
  _nid_250/Y     -       A1->Y F     OA211x2_ASAP7_75t_R      1  5.80000000  31.30000000 44.60000000 272.80000000    (-,-) 
  po49           <<<     -     F     (port)                   -           -            -  0.00000000 272.80000000    (-,-) 
#--------------------------------------------------------------------------------------------------------------------------



Path 6: MET (729.50000000 ps) Late External Delay Assertion at pin po21
          Group: vclk
     Startpoint: (R) pi147
          Clock: (R) vclk
       Endpoint: (F) po21
          Clock: (R) vclk

                         Capture            Launch       
        Clock Edge:+  1000.00000000       0.00000000     
        Drv Adjust:+     0.00000000      28.50000000     
       Src Latency:+     0.00000000       0.00000000     
       Net Latency:+     0.00000000 (I)   0.00000000 (I) 
           Arrival:=  1000.00000000      28.50000000     
                                                         
      Output Delay:-     0.00000000                      
     Required Time:=  1000.00000000                      
      Launch Clock:-    28.50000000                      
       Input Delay:-     0.00000000                      
         Data Path:-   242.00000000                      
             Slack:=   729.50000000                      

Exceptions/Constraints:
  input_delay           0.00000000         in_del_1419_1   
  output_delay          0.00000000         ou_del_1502_1   

#--------------------------------------------------------------------------------------------------------------------------
# Timing Point   Flags   Arc   Edge        Cell          Fanout     Load        Trans       Delay       Arrival   Instance 
#                                                                   (fF)        (ps)         (ps)        (ps)     Location 
#--------------------------------------------------------------------------------------------------------------------------
  pi147          <<<     -     R     (arrival)               21 13.50000000  62.40000000  0.00000000  28.50000000    (-,-) 
  _nid_46/Y      -       A->Y  F     INVx1_ASAP7_75t_R       28 16.60000000 116.70000000 78.10000000 106.60000000    (-,-) 
  _nid_63/Y      -       B->Y  F     AO21x1_ASAP7_75t_R       2  1.20000000  15.40000000 41.50000000 148.10000000    (-,-) 
  _nid_65/Y      -       A->Y  F     OR3x1_ASAP7_75t_R        5  3.80000000  32.10000000 41.10000000 189.20000000    (-,-) 
  _nid_75/Y      -       B->Y  F     AO21x1_ASAP7_75t_R       3  1.80000000  17.10000000 31.60000000 220.80000000    (-,-) 
  _nid_77/Y      -       B->Y  F     OA211x2_ASAP7_75t_R      1  5.80000000  30.00000000 49.70000000 270.50000000    (-,-) 
  po21           <<<     -     F     (port)                   -           -            -  0.00000000 270.50000000    (-,-) 
#--------------------------------------------------------------------------------------------------------------------------



Path 7: MET (731.40000000 ps) Late External Delay Assertion at pin po40
          Group: vclk
     Startpoint: (F) pi147
          Clock: (R) vclk
       Endpoint: (F) po40
          Clock: (R) vclk

                         Capture            Launch       
        Clock Edge:+  1000.00000000       0.00000000     
        Drv Adjust:+     0.00000000      23.90000000     
       Src Latency:+     0.00000000       0.00000000     
       Net Latency:+     0.00000000 (I)   0.00000000 (I) 
           Arrival:=  1000.00000000      23.90000000     
                                                         
      Output Delay:-     0.00000000                      
     Required Time:=  1000.00000000                      
      Launch Clock:-    23.90000000                      
       Input Delay:-     0.00000000                      
         Data Path:-   244.70000000                      
             Slack:=   731.40000000                      

Exceptions/Constraints:
  input_delay           0.00000000         in_del_1419_1   
  output_delay          0.00000000         ou_del_1521_1   

#--------------------------------------------------------------------------------------------------------------------------
# Timing Point   Flags   Arc   Edge        Cell          Fanout     Load        Trans       Delay       Arrival   Instance 
#                                                                   (fF)        (ps)         (ps)        (ps)     Location 
#--------------------------------------------------------------------------------------------------------------------------
  pi147          <<<     -     F     (arrival)               21 13.30000000  48.40000000  0.00000000  23.90000000    (-,-) 
  _nid_46/Y      -       A->Y  R     INVx1_ASAP7_75t_R       28 16.50000000 147.50000000 85.30000000 109.20000000    (-,-) 
  _nid_200/Y     -       A->Y  F     NOR2x1_ASAP7_75t_R       8  5.10000000  68.70000000 62.30000000 171.50000000    (-,-) 
  _nid_204/Y     -       A->Y  F     AND3x1_ASAP7_75t_R       3  2.10000000  18.40000000 33.30000000 204.80000000    (-,-) 
  _nid_205/Y     -       B->Y  R     NAND2x1_ASAP7_75t_R      2  1.00000000  16.20000000 14.10000000 218.90000000    (-,-) 
  _nid_206/Y     -       B->Y  R     OA21x2_ASAP7_75t_R       1  1.00000000  11.80000000 23.20000000 242.10000000    (-,-) 
  _nid_207/Y     -       B->Y  F     NOR2x1_ASAP7_75t_R       1  5.80000000  60.70000000 26.50000000 268.60000000    (-,-) 
  po40           <<<     -     F     (port)                   -           -            -  0.00000000 268.60000000    (-,-) 
#--------------------------------------------------------------------------------------------------------------------------



Path 8: MET (740.00000000 ps) Late External Delay Assertion at pin po51
          Group: vclk
     Startpoint: (R) pi147
          Clock: (R) vclk
       Endpoint: (F) po51
          Clock: (R) vclk

                         Capture            Launch       
        Clock Edge:+  1000.00000000       0.00000000     
        Drv Adjust:+     0.00000000      28.50000000     
       Src Latency:+     0.00000000       0.00000000     
       Net Latency:+     0.00000000 (I)   0.00000000 (I) 
           Arrival:=  1000.00000000      28.50000000     
                                                         
      Output Delay:-     0.00000000                      
     Required Time:=  1000.00000000                      
      Launch Clock:-    28.50000000                      
       Input Delay:-     0.00000000                      
         Data Path:-   231.50000000                      
             Slack:=   740.00000000                      

Exceptions/Constraints:
  input_delay           0.00000000         in_del_1419_1   
  output_delay          0.00000000         ou_del_1532_1   

#--------------------------------------------------------------------------------------------------------------------------
# Timing Point   Flags   Arc   Edge        Cell          Fanout     Load        Trans       Delay       Arrival   Instance 
#                                                                   (fF)        (ps)         (ps)        (ps)     Location 
#--------------------------------------------------------------------------------------------------------------------------
  pi147          <<<     -     R     (arrival)               21 13.50000000  62.40000000  0.00000000  28.50000000    (-,-) 
  _nid_46/Y      -       A->Y  F     INVx1_ASAP7_75t_R       28 16.60000000 116.70000000 78.10000000 106.60000000    (-,-) 
  _nid_200/Y     -       A->Y  R     NOR2x1_ASAP7_75t_R       8  5.10000000  63.60000000 50.80000000 157.40000000    (-,-) 
  _nid_204/Y     -       A->Y  R     AND3x1_ASAP7_75t_R       3  2.10000000  25.40000000 41.70000000 199.10000000    (-,-) 
  _nid_205/Y     -       B->Y  F     NAND2x1_ASAP7_75t_R      2  1.00000000  14.00000000 12.20000000 211.30000000    (-,-) 
  _nid_283/Y     -       B->Y  F     OA211x2_ASAP7_75t_R      1  5.80000000  30.00000000 48.70000000 260.00000000    (-,-) 
  po51           <<<     -     F     (port)                   -           -            -  0.00000000 260.00000000    (-,-) 
#--------------------------------------------------------------------------------------------------------------------------



Path 9: MET (740.00000000 ps) Late External Delay Assertion at pin po24
          Group: vclk
     Startpoint: (R) pi147
          Clock: (R) vclk
       Endpoint: (F) po24
          Clock: (R) vclk

                         Capture            Launch       
        Clock Edge:+  1000.00000000       0.00000000     
        Drv Adjust:+     0.00000000      28.50000000     
       Src Latency:+     0.00000000       0.00000000     
       Net Latency:+     0.00000000 (I)   0.00000000 (I) 
           Arrival:=  1000.00000000      28.50000000     
                                                         
      Output Delay:-     0.00000000                      
     Required Time:=  1000.00000000                      
      Launch Clock:-    28.50000000                      
       Input Delay:-     0.00000000                      
         Data Path:-   231.50000000                      
             Slack:=   740.00000000                      

Exceptions/Constraints:
  input_delay           0.00000000         in_del_1419_1   
  output_delay          0.00000000         ou_del_1505_1   

#--------------------------------------------------------------------------------------------------------------------------
# Timing Point   Flags   Arc   Edge        Cell          Fanout     Load        Trans       Delay       Arrival   Instance 
#                                                                   (fF)        (ps)         (ps)        (ps)     Location 
#--------------------------------------------------------------------------------------------------------------------------
  pi147          <<<     -     R     (arrival)               21 13.50000000  62.40000000  0.00000000  28.50000000    (-,-) 
  _nid_46/Y      -       A->Y  F     INVx1_ASAP7_75t_R       28 16.60000000 116.70000000 78.10000000 106.60000000    (-,-) 
  _nid_63/Y      -       B->Y  F     AO21x1_ASAP7_75t_R       2  1.20000000  15.40000000 41.50000000 148.10000000    (-,-) 
  _nid_65/Y      -       A->Y  F     OR3x1_ASAP7_75t_R        5  3.80000000  32.10000000 41.10000000 189.20000000    (-,-) 
  _nid_75/Y      -       B->Y  F     AO21x1_ASAP7_75t_R       3  1.80000000  17.10000000 31.60000000 220.80000000    (-,-) 
  _nid_90/Y      -       B->Y  R     NAND2x1_ASAP7_75t_R      1  1.00000000  17.60000000 13.70000000 234.50000000    (-,-) 
  _nid_91/Y      -       A2->Y F     AOI21x1_ASAP7_75t_R      1  5.80000000  52.00000000 25.50000000 260.00000000    (-,-) 
  po24           <<<     -     F     (port)                   -           -            -  0.00000000 260.00000000    (-,-) 
#--------------------------------------------------------------------------------------------------------------------------



Path 10: MET (744.40000000 ps) Late External Delay Assertion at pin po56
          Group: vclk
     Startpoint: (R) pi147
          Clock: (R) vclk
       Endpoint: (F) po56
          Clock: (R) vclk

                         Capture            Launch       
        Clock Edge:+  1000.00000000       0.00000000     
        Drv Adjust:+     0.00000000      28.50000000     
       Src Latency:+     0.00000000       0.00000000     
       Net Latency:+     0.00000000 (I)   0.00000000 (I) 
           Arrival:=  1000.00000000      28.50000000     
                                                         
      Output Delay:-     0.00000000                      
     Required Time:=  1000.00000000                      
      Launch Clock:-    28.50000000                      
       Input Delay:-     0.00000000                      
         Data Path:-   227.10000000                      
             Slack:=   744.40000000                      

Exceptions/Constraints:
  input_delay           0.00000000         in_del_1419_1   
  output_delay          0.00000000         ou_del_1537_1   

#--------------------------------------------------------------------------------------------------------------------------
# Timing Point   Flags   Arc   Edge        Cell          Fanout     Load        Trans       Delay       Arrival   Instance 
#                                                                   (fF)        (ps)         (ps)        (ps)     Location 
#--------------------------------------------------------------------------------------------------------------------------
  pi147          <<<     -     R     (arrival)               21 13.50000000  62.40000000  0.00000000  28.50000000    (-,-) 
  _nid_46/Y      -       A->Y  F     INVx1_ASAP7_75t_R       28 16.60000000 116.70000000 78.10000000 106.60000000    (-,-) 
  _nid_200/Y     -       A->Y  R     NOR2x1_ASAP7_75t_R       8  5.10000000  63.60000000 50.80000000 157.40000000    (-,-) 
  _nid_204/Y     -       A->Y  R     AND3x1_ASAP7_75t_R       3  2.10000000  25.40000000 41.70000000 199.10000000    (-,-) 
  _nid_310/Y     -       A->Y  F     INVx1_ASAP7_75t_R        1  0.40000000   9.60000000  9.30000000 208.40000000    (-,-) 
  _nid_311/Y     -       B->Y  F     OA211x2_ASAP7_75t_R      1  5.80000000  30.00000000 47.20000000 255.60000000    (-,-) 
  po56           <<<     -     F     (port)                   -           -            -  0.00000000 255.60000000    (-,-) 
#--------------------------------------------------------------------------------------------------------------------------

