============================================================
  Generated by:           Genus(TM) Synthesis Solution 23.14-s090_1
  Generated on:           Sep 12 2026  12:20:30 am
  Module:                 usb_phy
  Operating conditions:   PVT_0P7V_25C (balanced_tree)
  Wireload mode:          enclosed
  Area mode:              timing library
============================================================


Path 1: MET (711.20000000 ps) Late External Delay Assertion at pin po20
          Group: vclk
     Startpoint: (R) pi147
          Clock: (R) vclk
       Endpoint: (R) po20
          Clock: (R) vclk

                         Capture            Launch       
        Clock Edge:+  1000.00000000       0.00000000     
        Drv Adjust:+     0.00000000      29.90000000     
       Src Latency:+     0.00000000       0.00000000     
       Net Latency:+     0.00000000 (I)   0.00000000 (I) 
           Arrival:=  1000.00000000      29.90000000     
                                                         
      Output Delay:-     0.00000000                      
     Required Time:=  1000.00000000                      
      Launch Clock:-    29.90000000                      
       Input Delay:-     0.00000000                      
         Data Path:-   258.90000000                      
             Slack:=   711.20000000                      

Exceptions/Constraints:
  input_delay           0.00000000         in_del_783_1   
  output_delay          0.00000000         ou_del_865_1   

#-------------------------------------------------------------------------------------------------------------------------
# Timing Point   Flags   Arc   Edge        Cell         Fanout     Load        Trans       Delay       Arrival   Instance 
#                                                                  (fF)        (ps)         (ps)        (ps)     Location 
#-------------------------------------------------------------------------------------------------------------------------
  pi147          <<<     -     R     (arrival)              22 14.20000000  65.50000000  0.00000000  29.90000000    (-,-) 
  u243/Y         -       A->Y  F     INVx1_ASAP7_75t_R      25 14.60000000 104.60000000 72.80000000 102.70000000    (-,-) 
  u244/Y         -       B->Y  F     AO21x1_ASAP7_75t_R      2  1.20000000  15.10000000 40.10000000 142.80000000    (-,-) 
  u245/Y         -       A->Y  F     OR3x1_ASAP7_75t_R       4  3.20000000  28.10000000 38.90000000 181.70000000    (-,-) 
  u246/Y         -       B->Y  R     NOR2x1_ASAP7_75t_R      2  1.00000000  18.40000000 15.20000000 196.90000000    (-,-) 
  u247/Y         -       D->Y  R     AND4x2_ASAP7_75t_R      2  1.60000000  17.50000000 38.60000000 235.50000000    (-,-) 
  u248/Y         -       B->Y  R     AO21x1_ASAP7_75t_R      1  0.60000000  10.10000000 17.20000000 252.70000000    (-,-) 
  u249/Y         -       B->Y  R     AO21x1_ASAP7_75t_R      1  5.80000000  54.80000000 36.10000000 288.80000000    (-,-) 
  po20           <<<     -     R     (port)                  -           -            -  0.00000000 288.80000000    (-,-) 
#-------------------------------------------------------------------------------------------------------------------------



Path 2: MET (715.70000000 ps) Late External Delay Assertion at pin po48
          Group: vclk
     Startpoint: (F) pi147
          Clock: (R) vclk
       Endpoint: (F) po48
          Clock: (R) vclk

                         Capture            Launch       
        Clock Edge:+  1000.00000000       0.00000000     
        Drv Adjust:+     0.00000000      25.10000000     
       Src Latency:+     0.00000000       0.00000000     
       Net Latency:+     0.00000000 (I)   0.00000000 (I) 
           Arrival:=  1000.00000000      25.10000000     
                                                         
      Output Delay:-     0.00000000                      
     Required Time:=  1000.00000000                      
      Launch Clock:-    25.10000000                      
       Input Delay:-     0.00000000                      
         Data Path:-   259.20000000                      
             Slack:=   715.70000000                      

Exceptions/Constraints:
  input_delay           0.00000000         in_del_783_1   
  output_delay          0.00000000         ou_del_893_1   

#--------------------------------------------------------------------------------------------------------------------------
# Timing Point   Flags   Arc   Edge        Cell          Fanout     Load        Trans       Delay       Arrival   Instance 
#                                                                   (fF)        (ps)         (ps)        (ps)     Location 
#--------------------------------------------------------------------------------------------------------------------------
  pi147          <<<     -     F     (arrival)               22 14.00000000  50.70000000  0.00000000  25.10000000    (-,-) 
  u243/Y         -       A->Y  R     INVx1_ASAP7_75t_R       25 14.60000000 131.70000000 78.70000000 103.80000000    (-,-) 
  u320/Y         -       A->Y  F     NOR2x1_ASAP7_75t_R       9  6.00000000  71.00000000 63.70000000 167.50000000    (-,-) 
  u346/Y         -       B->Y  F     OA211x2_ASAP7_75t_R      2  1.10000000  15.40000000 57.50000000 225.00000000    (-,-) 
  u347/Y         -       A1->Y F     OA21x2_ASAP7_75t_R       1  0.60000000  11.90000000 24.40000000 249.40000000    (-,-) 
  u351/Y         -       A1->Y F     OA21x2_ASAP7_75t_R       1  5.80000000  25.60000000 34.90000000 284.30000000    (-,-) 
  po48           <<<     -     F     (port)                   -           -            -  0.00000000 284.30000000    (-,-) 
#--------------------------------------------------------------------------------------------------------------------------



Path 3: MET (717.40000000 ps) Late External Delay Assertion at pin po24
          Group: vclk
     Startpoint: (R) pi147
          Clock: (R) vclk
       Endpoint: (F) po24
          Clock: (R) vclk

                         Capture            Launch       
        Clock Edge:+  1000.00000000       0.00000000     
        Drv Adjust:+     0.00000000      29.90000000     
       Src Latency:+     0.00000000       0.00000000     
       Net Latency:+     0.00000000 (I)   0.00000000 (I) 
           Arrival:=  1000.00000000      29.90000000     
                                                         
      Output Delay:-     0.00000000                      
     Required Time:=  1000.00000000                      
      Launch Clock:-    29.90000000                      
       Input Delay:-     0.00000000                      
         Data Path:-   252.70000000                      
             Slack:=   717.40000000                      

Exceptions/Constraints:
  input_delay           0.00000000         in_del_783_1   
  output_delay          0.00000000         ou_del_869_1   

#--------------------------------------------------------------------------------------------------------------------------
# Timing Point   Flags   Arc   Edge        Cell          Fanout     Load        Trans       Delay       Arrival   Instance 
#                                                                   (fF)        (ps)         (ps)        (ps)     Location 
#--------------------------------------------------------------------------------------------------------------------------
  pi147          <<<     -     R     (arrival)               22 14.20000000  65.50000000  0.00000000  29.90000000    (-,-) 
  u243/Y         -       A->Y  F     INVx1_ASAP7_75t_R       25 14.60000000 104.60000000 72.80000000 102.70000000    (-,-) 
  u244/Y         -       B->Y  F     AO21x1_ASAP7_75t_R       2  1.20000000  15.10000000 40.10000000 142.80000000    (-,-) 
  u245/Y         -       A->Y  F     OR3x1_ASAP7_75t_R        4  3.20000000  28.10000000 38.90000000 181.70000000    (-,-) 
  u251/Y         -       B->Y  F     AO21x1_ASAP7_75t_R       4  2.00000000  18.30000000 31.50000000 213.20000000    (-,-) 
  u262/Y         -       B->Y  F     AO21x1_ASAP7_75t_R       1  0.40000000   7.90000000 22.80000000 236.00000000    (-,-) 
  u263/Y         -       B->Y  F     OA211x2_ASAP7_75t_R      1  5.80000000  30.00000000 46.60000000 282.60000000    (-,-) 
  po24           <<<     -     F     (port)                   -           -            -  0.00000000 282.60000000    (-,-) 
#--------------------------------------------------------------------------------------------------------------------------



Path 4: MET (721.80000000 ps) Late External Delay Assertion at pin po22
          Group: vclk
     Startpoint: (R) pi147
          Clock: (R) vclk
       Endpoint: (R) po22
          Clock: (R) vclk

                         Capture            Launch       
        Clock Edge:+  1000.00000000       0.00000000     
        Drv Adjust:+     0.00000000      29.90000000     
       Src Latency:+     0.00000000       0.00000000     
       Net Latency:+     0.00000000 (I)   0.00000000 (I) 
           Arrival:=  1000.00000000      29.90000000     
                                                         
      Output Delay:-     0.00000000                      
     Required Time:=  1000.00000000                      
      Launch Clock:-    29.90000000                      
       Input Delay:-     0.00000000                      
         Data Path:-   248.30000000                      
             Slack:=   721.80000000                      

Exceptions/Constraints:
  input_delay           0.00000000         in_del_783_1   
  output_delay          0.00000000         ou_del_867_1   

#--------------------------------------------------------------------------------------------------------------------------
# Timing Point   Flags   Arc   Edge        Cell          Fanout     Load        Trans       Delay       Arrival   Instance 
#                                                                   (fF)        (ps)         (ps)        (ps)     Location 
#--------------------------------------------------------------------------------------------------------------------------
  pi147          <<<     -     R     (arrival)               22 14.20000000  65.50000000  0.00000000  29.90000000    (-,-) 
  u243/Y         -       A->Y  F     INVx1_ASAP7_75t_R       25 14.60000000 104.60000000 72.80000000 102.70000000    (-,-) 
  u244/Y         -       B->Y  F     AO21x1_ASAP7_75t_R       2  1.20000000  15.10000000 40.10000000 142.80000000    (-,-) 
  u245/Y         -       A->Y  F     OR3x1_ASAP7_75t_R        4  3.20000000  28.10000000 38.90000000 181.70000000    (-,-) 
  u246/Y         -       B->Y  R     NOR2x1_ASAP7_75t_R       2  1.00000000  18.40000000 15.20000000 196.90000000    (-,-) 
  u247/Y         -       D->Y  R     AND4x2_ASAP7_75t_R       2  1.60000000  17.50000000 38.60000000 235.50000000    (-,-) 
  u256/Y         -       B->Y  F     NAND2x1_ASAP7_75t_R      1  1.00000000  12.30000000 10.70000000 246.20000000    (-,-) 
  u258/Y         -       A2->Y R     AOI21x1_ASAP7_75t_R      1  5.80000000  63.90000000 32.00000000 278.20000000    (-,-) 
  po22           <<<     -     R     (port)                   -           -            -  0.00000000 278.20000000    (-,-) 
#--------------------------------------------------------------------------------------------------------------------------



Path 5: MET (725.40000000 ps) Late External Delay Assertion at pin po25
          Group: vclk
     Startpoint: (R) pi147
          Clock: (R) vclk
       Endpoint: (F) po25
          Clock: (R) vclk

                         Capture            Launch       
        Clock Edge:+  1000.00000000       0.00000000     
        Drv Adjust:+     0.00000000      29.90000000     
       Src Latency:+     0.00000000       0.00000000     
       Net Latency:+     0.00000000 (I)   0.00000000 (I) 
           Arrival:=  1000.00000000      29.90000000     
                                                         
      Output Delay:-     0.00000000                      
     Required Time:=  1000.00000000                      
      Launch Clock:-    29.90000000                      
       Input Delay:-     0.00000000                      
         Data Path:-   244.70000000                      
             Slack:=   725.40000000                      

Exceptions/Constraints:
  input_delay           0.00000000         in_del_783_1   
  output_delay          0.00000000         ou_del_870_1   

#-------------------------------------------------------------------------------------------------------------------------
# Timing Point   Flags   Arc   Edge        Cell         Fanout     Load        Trans       Delay       Arrival   Instance 
#                                                                  (fF)        (ps)         (ps)        (ps)     Location 
#-------------------------------------------------------------------------------------------------------------------------
  pi147          <<<     -     R     (arrival)              22 14.20000000  65.50000000  0.00000000  29.90000000    (-,-) 
  u243/Y         -       A->Y  F     INVx1_ASAP7_75t_R      25 14.60000000 104.60000000 72.80000000 102.70000000    (-,-) 
  u244/Y         -       B->Y  F     AO21x1_ASAP7_75t_R      2  1.20000000  15.10000000 40.10000000 142.80000000    (-,-) 
  u245/Y         -       A->Y  F     OR3x1_ASAP7_75t_R       4  3.20000000  28.10000000 38.90000000 181.70000000    (-,-) 
  u251/Y         -       B->Y  F     AO21x1_ASAP7_75t_R      4  2.00000000  18.30000000 31.50000000 213.20000000    (-,-) 
  u265/Y         -       B1->Y F     AO32x1_ASAP7_75t_R      1  0.50000000  10.50000000 30.90000000 244.10000000    (-,-) 
  u266/Y         -       A->Y  F     AND2x2_ASAP7_75t_R      1  5.80000000  24.50000000 30.50000000 274.60000000    (-,-) 
  po25           <<<     -     F     (port)                  -           -            -  0.00000000 274.60000000    (-,-) 
#-------------------------------------------------------------------------------------------------------------------------



Path 6: MET (725.50000000 ps) Late External Delay Assertion at pin po40
          Group: vclk
     Startpoint: (F) pi147
          Clock: (R) vclk
       Endpoint: (F) po40
          Clock: (R) vclk

                         Capture            Launch       
        Clock Edge:+  1000.00000000       0.00000000     
        Drv Adjust:+     0.00000000      25.10000000     
       Src Latency:+     0.00000000       0.00000000     
       Net Latency:+     0.00000000 (I)   0.00000000 (I) 
           Arrival:=  1000.00000000      25.10000000     
                                                         
      Output Delay:-     0.00000000                      
     Required Time:=  1000.00000000                      
      Launch Clock:-    25.10000000                      
       Input Delay:-     0.00000000                      
         Data Path:-   249.40000000                      
             Slack:=   725.50000000                      

Exceptions/Constraints:
  input_delay           0.00000000         in_del_783_1   
  output_delay          0.00000000         ou_del_885_1   

#--------------------------------------------------------------------------------------------------------------------------
# Timing Point   Flags   Arc   Edge        Cell          Fanout     Load        Trans       Delay       Arrival   Instance 
#                                                                   (fF)        (ps)         (ps)        (ps)     Location 
#--------------------------------------------------------------------------------------------------------------------------
  pi147          <<<     -     F     (arrival)               22 14.00000000  50.70000000  0.00000000  25.10000000    (-,-) 
  u243/Y         -       A->Y  R     INVx1_ASAP7_75t_R       25 14.60000000 131.70000000 78.70000000 103.80000000    (-,-) 
  u320/Y         -       A->Y  F     NOR2x1_ASAP7_75t_R       9  6.00000000  71.00000000 63.70000000 167.50000000    (-,-) 
  u321/Y         -       A->Y  F     AND3x1_ASAP7_75t_R       3  2.10000000  18.50000000 33.70000000 201.20000000    (-,-) 
  u322/Y         -       B->Y  R     NAND2x1_ASAP7_75t_R      2  1.40000000  19.50000000 16.10000000 217.30000000    (-,-) 
  u323/Y         -       B->Y  F     NAND2x1_ASAP7_75t_R      1  0.40000000  13.20000000  8.80000000 226.10000000    (-,-) 
  u324/Y         -       B->Y  F     OA211x2_ASAP7_75t_R      1  5.80000000  30.00000000 48.40000000 274.50000000    (-,-) 
  po40           <<<     -     F     (port)                   -           -            -  0.00000000 274.50000000    (-,-) 
#--------------------------------------------------------------------------------------------------------------------------



Path 7: MET (730.40000000 ps) Late External Delay Assertion at pin po49
          Group: vclk
     Startpoint: (F) pi147
          Clock: (R) vclk
       Endpoint: (F) po49
          Clock: (R) vclk

                         Capture            Launch       
        Clock Edge:+  1000.00000000       0.00000000     
        Drv Adjust:+     0.00000000      25.10000000     
       Src Latency:+     0.00000000       0.00000000     
       Net Latency:+     0.00000000 (I)   0.00000000 (I) 
           Arrival:=  1000.00000000      25.10000000     
                                                         
      Output Delay:-     0.00000000                      
     Required Time:=  1000.00000000                      
      Launch Clock:-    25.10000000                      
       Input Delay:-     0.00000000                      
         Data Path:-   244.50000000                      
             Slack:=   730.40000000                      

Exceptions/Constraints:
  input_delay           0.00000000         in_del_783_1   
  output_delay          0.00000000         ou_del_894_1   

#--------------------------------------------------------------------------------------------------------------------------
# Timing Point   Flags   Arc   Edge        Cell          Fanout     Load        Trans       Delay       Arrival   Instance 
#                                                                   (fF)        (ps)         (ps)        (ps)     Location 
#--------------------------------------------------------------------------------------------------------------------------
  pi147          <<<     -     F     (arrival)               22 14.00000000  50.70000000  0.00000000  25.10000000    (-,-) 
  u243/Y         -       A->Y  R     INVx1_ASAP7_75t_R       25 14.60000000 131.70000000 78.70000000 103.80000000    (-,-) 
  u320/Y         -       A->Y  F     NOR2x1_ASAP7_75t_R       9  6.00000000  71.00000000 63.70000000 167.50000000    (-,-) 
  u346/Y         -       B->Y  F     OA211x2_ASAP7_75t_R      2  1.10000000  15.40000000 57.50000000 225.00000000    (-,-) 
  u353/Y         -       A1->Y F     OA211x2_ASAP7_75t_R      1  5.80000000  30.90000000 44.60000000 269.60000000    (-,-) 
  po49           <<<     -     F     (port)                   -           -            -  0.00000000 269.60000000    (-,-) 
#--------------------------------------------------------------------------------------------------------------------------



Path 8: MET (736.70000000 ps) Late External Delay Assertion at pin po21
          Group: vclk
     Startpoint: (R) pi147
          Clock: (R) vclk
       Endpoint: (F) po21
          Clock: (R) vclk

                         Capture            Launch       
        Clock Edge:+  1000.00000000       0.00000000     
        Drv Adjust:+     0.00000000      29.90000000     
       Src Latency:+     0.00000000       0.00000000     
       Net Latency:+     0.00000000 (I)   0.00000000 (I) 
           Arrival:=  1000.00000000      29.90000000     
                                                         
      Output Delay:-     0.00000000                      
     Required Time:=  1000.00000000                      
      Launch Clock:-    29.90000000                      
       Input Delay:-     0.00000000                      
         Data Path:-   233.40000000                      
             Slack:=   736.70000000                      

Exceptions/Constraints:
  input_delay           0.00000000         in_del_783_1   
  output_delay          0.00000000         ou_del_866_1   

#--------------------------------------------------------------------------------------------------------------------------
# Timing Point   Flags   Arc   Edge        Cell          Fanout     Load        Trans       Delay       Arrival   Instance 
#                                                                   (fF)        (ps)         (ps)        (ps)     Location 
#--------------------------------------------------------------------------------------------------------------------------
  pi147          <<<     -     R     (arrival)               22 14.20000000  65.50000000  0.00000000  29.90000000    (-,-) 
  u243/Y         -       A->Y  F     INVx1_ASAP7_75t_R       25 14.60000000 104.60000000 72.80000000 102.70000000    (-,-) 
  u244/Y         -       B->Y  F     AO21x1_ASAP7_75t_R       2  1.20000000  15.10000000 40.10000000 142.80000000    (-,-) 
  u245/Y         -       A->Y  F     OR3x1_ASAP7_75t_R        4  3.20000000  28.10000000 38.90000000 181.70000000    (-,-) 
  u251/Y         -       B->Y  F     AO21x1_ASAP7_75t_R       4  2.00000000  18.30000000 31.50000000 213.20000000    (-,-) 
  u252/Y         -       B->Y  F     OA211x2_ASAP7_75t_R      1  5.80000000  30.00000000 50.10000000 263.30000000    (-,-) 
  po21           <<<     -     F     (port)                   -           -            -  0.00000000 263.30000000    (-,-) 
#--------------------------------------------------------------------------------------------------------------------------



Path 9: MET (737.50000000 ps) Late External Delay Assertion at pin po51
          Group: vclk
     Startpoint: (R) pi147
          Clock: (R) vclk
       Endpoint: (F) po51
          Clock: (R) vclk

                         Capture            Launch       
        Clock Edge:+  1000.00000000       0.00000000     
        Drv Adjust:+     0.00000000      29.90000000     
       Src Latency:+     0.00000000       0.00000000     
       Net Latency:+     0.00000000 (I)   0.00000000 (I) 
           Arrival:=  1000.00000000      29.90000000     
                                                         
      Output Delay:-     0.00000000                      
     Required Time:=  1000.00000000                      
      Launch Clock:-    29.90000000                      
       Input Delay:-     0.00000000                      
         Data Path:-   232.60000000                      
             Slack:=   737.50000000                      

Exceptions/Constraints:
  input_delay           0.00000000         in_del_783_1   
  output_delay          0.00000000         ou_del_896_1   

#--------------------------------------------------------------------------------------------------------------------------
# Timing Point   Flags   Arc   Edge        Cell          Fanout     Load        Trans       Delay       Arrival   Instance 
#                                                                   (fF)        (ps)         (ps)        (ps)     Location 
#--------------------------------------------------------------------------------------------------------------------------
  pi147          <<<     -     R     (arrival)               22 14.20000000  65.50000000  0.00000000  29.90000000    (-,-) 
  u243/Y         -       A->Y  F     INVx1_ASAP7_75t_R       25 14.60000000 104.60000000 72.80000000 102.70000000    (-,-) 
  u320/Y         -       A->Y  R     NOR2x1_ASAP7_75t_R       9  6.10000000  69.30000000 53.90000000 156.60000000    (-,-) 
  u321/Y         -       A->Y  R     AND3x1_ASAP7_75t_R       3  2.10000000  25.50000000 42.60000000 199.20000000    (-,-) 
  u322/Y         -       B->Y  F     NAND2x1_ASAP7_75t_R      2  1.40000000  16.20000000 13.90000000 213.10000000    (-,-) 
  u372/Y         -       B->Y  F     OA211x2_ASAP7_75t_R      1  5.80000000  30.00000000 49.40000000 262.50000000    (-,-) 
  po51           <<<     -     F     (port)                   -           -            -  0.00000000 262.50000000    (-,-) 
#--------------------------------------------------------------------------------------------------------------------------



Path 10: MET (740.50000000 ps) Late External Delay Assertion at pin po37
          Group: vclk
     Startpoint: (R) pi147
          Clock: (R) vclk
       Endpoint: (F) po37
          Clock: (R) vclk

                         Capture            Launch       
        Clock Edge:+  1000.00000000       0.00000000     
        Drv Adjust:+     0.00000000      29.90000000     
       Src Latency:+     0.00000000       0.00000000     
       Net Latency:+     0.00000000 (I)   0.00000000 (I) 
           Arrival:=  1000.00000000      29.90000000     
                                                         
      Output Delay:-     0.00000000                      
     Required Time:=  1000.00000000                      
      Launch Clock:-    29.90000000                      
       Input Delay:-     0.00000000                      
         Data Path:-   229.60000000                      
             Slack:=   740.50000000                      

Exceptions/Constraints:
  input_delay           0.00000000         in_del_783_1   
  output_delay          0.00000000         ou_del_882_1   

#--------------------------------------------------------------------------------------------------------------------------
# Timing Point   Flags   Arc   Edge        Cell          Fanout     Load        Trans       Delay       Arrival   Instance 
#                                                                   (fF)        (ps)         (ps)        (ps)     Location 
#--------------------------------------------------------------------------------------------------------------------------
  pi147          <<<     -     R     (arrival)               22 14.20000000  65.50000000  0.00000000  29.90000000    (-,-) 
  u243/Y         -       A->Y  F     INVx1_ASAP7_75t_R       25 14.60000000 104.60000000 72.80000000 102.70000000    (-,-) 
  u304/Y         -       A2->Y F     OA211x2_ASAP7_75t_R      3  1.50000000  17.20000000 58.20000000 160.90000000    (-,-) 
  u306/Y         -       A2->Y F     AO22x1_ASAP7_75t_R       1  0.50000000   9.90000000 26.80000000 187.70000000    (-,-) 
  u309/Y         -       B->Y  F     OR5x1_ASAP7_75t_R        1  0.50000000  14.50000000 39.90000000 227.60000000    (-,-) 
  u310/Y         -       A->Y  F     AND2x2_ASAP7_75t_R       1  5.80000000  24.50000000 31.90000000 259.50000000    (-,-) 
  po37           <<<     -     F     (port)                   -           -            -  0.00000000 259.50000000    (-,-) 
#--------------------------------------------------------------------------------------------------------------------------

