============================================================
  Generated by:           Genus(TM) Synthesis Solution 23.14-s090_1
  Generated on:           Sep 13 2026  05:14:08 pm
  Module:                 usb_funct
  Operating conditions:   PVT_0P7V_25C (balanced_tree)
  Wireload mode:          enclosed
  Area mode:              timing library
============================================================


Path 1: VIOLATED (-471.60000000 ps) Late External Delay Assertion at pin po232
          Group: vclk
     Startpoint: (R) pi3493
          Clock: (R) vclk
       Endpoint: (R) po232
          Clock: (R) vclk

                         Capture             Launch       
        Clock Edge:+  1000.00000000        0.00000000     
        Drv Adjust:+     0.00000000      377.90000000     
       Src Latency:+     0.00000000        0.00000000     
       Net Latency:+     0.00000000 (I)    0.00000000 (I) 
           Arrival:=  1000.00000000      377.90000000     
                                                          
      Output Delay:-     0.00000000                       
     Required Time:=  1000.00000000                       
      Launch Clock:-   377.90000000                       
       Input Delay:-     0.00000000                       
         Data Path:-  1093.70000000                       
             Slack:=  -471.60000000                       

Exceptions/Constraints:
  input_delay           0.00000000         in_del_3493_1   
  output_delay          0.00000000         ou_del_3850_1   

#----------------------------------------------------------------------------------------------------------------------------
# Timing Point   Flags   Arc   Edge        Cell         Fanout     Load         Trans        Delay       Arrival    Instance 
#                                                                  (fF)         (ps)         (ps)          (ps)     Location 
#----------------------------------------------------------------------------------------------------------------------------
  pi3493         <<<     -     R     (arrival)             378 190.00000000 835.50000000   0.00000000  377.90000000    (-,-) 
  _nid_1201/Y    -       A->Y  F     INVx1_ASAP7_75t_R     212 132.80000000 823.50000000 910.30000000 1288.20000000    (-,-) 
  _nid_1457/Y    -       A->Y  R     NOR2x1_ASAP7_75t_R      5   2.80000000 138.50000000  89.90000000 1378.10000000    (-,-) 
  _nid_1929/Y    -       A->Y  R     AND3x1_ASAP7_75t_R      2   1.00000000  17.90000000  45.90000000 1424.00000000    (-,-) 
  _nid_1930/Y    -       A->Y  R     AND3x1_ASAP7_75t_R      1   5.80000000  56.40000000  47.60000000 1471.60000000    (-,-) 
  po232          <<<     -     R     (port)                  -            -            -   0.00000000 1471.60000000    (-,-) 
#----------------------------------------------------------------------------------------------------------------------------



Path 2: VIOLATED (-465.20000000 ps) Late External Delay Assertion at pin po234
          Group: vclk
     Startpoint: (R) pi3493
          Clock: (R) vclk
       Endpoint: (R) po234
          Clock: (R) vclk

                         Capture             Launch       
        Clock Edge:+  1000.00000000        0.00000000     
        Drv Adjust:+     0.00000000      377.90000000     
       Src Latency:+     0.00000000        0.00000000     
       Net Latency:+     0.00000000 (I)    0.00000000 (I) 
           Arrival:=  1000.00000000      377.90000000     
                                                          
      Output Delay:-     0.00000000                       
     Required Time:=  1000.00000000                       
      Launch Clock:-   377.90000000                       
       Input Delay:-     0.00000000                       
         Data Path:-  1087.30000000                       
             Slack:=  -465.20000000                       

Exceptions/Constraints:
  input_delay           0.00000000         in_del_3493_1   
  output_delay          0.00000000         ou_del_3852_1   

#-----------------------------------------------------------------------------------------------------------------------------
# Timing Point   Flags   Arc   Edge        Cell          Fanout     Load         Trans        Delay       Arrival    Instance 
#                                                                   (fF)         (ps)         (ps)          (ps)     Location 
#-----------------------------------------------------------------------------------------------------------------------------
  pi3493         <<<     -     R     (arrival)              378 190.00000000 835.50000000   0.00000000  377.90000000    (-,-) 
  _nid_1201/Y    -       A->Y  F     INVx1_ASAP7_75t_R      212 132.80000000 823.50000000 910.30000000 1288.20000000    (-,-) 
  _nid_1457/Y    -       A->Y  R     NOR2x1_ASAP7_75t_R       5   2.80000000 138.50000000  89.90000000 1378.10000000    (-,-) 
  _nid_1929/Y    -       A->Y  R     AND3x1_ASAP7_75t_R       2   1.00000000  17.90000000  45.90000000 1424.00000000    (-,-) 
  _nid_1936/Y    -       B->Y  R     OA211x2_ASAP7_75t_R      1   5.80000000  32.90000000  41.20000000 1465.20000000    (-,-) 
  po234          <<<     -     R     (port)                   -            -            -   0.00000000 1465.20000000    (-,-) 
#-----------------------------------------------------------------------------------------------------------------------------



Path 3: VIOLATED (-463.10000000 ps) Late External Delay Assertion at pin po817
          Group: vclk
     Startpoint: (R) pi3493
          Clock: (R) vclk
       Endpoint: (F) po817
          Clock: (R) vclk

                         Capture             Launch       
        Clock Edge:+  1000.00000000        0.00000000     
        Drv Adjust:+     0.00000000      377.90000000     
       Src Latency:+     0.00000000        0.00000000     
       Net Latency:+     0.00000000 (I)    0.00000000 (I) 
           Arrival:=  1000.00000000      377.90000000     
                                                          
      Output Delay:-     0.00000000                       
     Required Time:=  1000.00000000                       
      Launch Clock:-   377.90000000                       
       Input Delay:-     0.00000000                       
         Data Path:-  1085.20000000                       
             Slack:=  -463.10000000                       

Exceptions/Constraints:
  input_delay           0.00000000         in_del_3493_1   
  output_delay          0.00000000         ou_del_4435_1   

#---------------------------------------------------------------------------------------------------------------------------
# Timing Point   Flags   Arc   Edge       Cell         Fanout     Load         Trans        Delay       Arrival    Instance 
#                                                                 (fF)         (ps)         (ps)          (ps)     Location 
#---------------------------------------------------------------------------------------------------------------------------
  pi3493         <<<     -     R     (arrival)            378 190.00000000 835.50000000   0.00000000  377.90000000    (-,-) 
  _nid_1201/Y    -       A->Y  F     INVx1_ASAP7_75t_R    212 132.80000000 823.50000000 910.30000000 1288.20000000    (-,-) 
  _nid_6471/Y    -       B->Y  F     OR4x2_ASAP7_75t_R      1   5.80000000  48.20000000 174.90000000 1463.10000000    (-,-) 
  po817          <<<     -     F     (port)                 -            -            -   0.00000000 1463.10000000    (-,-) 
#---------------------------------------------------------------------------------------------------------------------------



Path 4: VIOLATED (-462.30000000 ps) Late External Delay Assertion at pin po756
          Group: vclk
     Startpoint: (R) pi3493
          Clock: (R) vclk
       Endpoint: (R) po756
          Clock: (R) vclk

                         Capture             Launch       
        Clock Edge:+  1000.00000000        0.00000000     
        Drv Adjust:+     0.00000000      377.90000000     
       Src Latency:+     0.00000000        0.00000000     
       Net Latency:+     0.00000000 (I)    0.00000000 (I) 
           Arrival:=  1000.00000000      377.90000000     
                                                          
      Output Delay:-     0.00000000                       
     Required Time:=  1000.00000000                       
      Launch Clock:-   377.90000000                       
       Input Delay:-     0.00000000                       
         Data Path:-  1084.40000000                       
             Slack:=  -462.30000000                       

Exceptions/Constraints:
  input_delay           0.00000000         in_del_3493_1   
  output_delay          0.00000000         ou_del_4374_1   

#---------------------------------------------------------------------------------------------------------------------------
# Timing Point   Flags   Arc   Edge       Cell         Fanout     Load         Trans        Delay       Arrival    Instance 
#                                                                 (fF)         (ps)         (ps)          (ps)     Location 
#---------------------------------------------------------------------------------------------------------------------------
  pi3493         <<<     -     R     (arrival)            378 190.00000000 835.50000000   0.00000000  377.90000000    (-,-) 
  _nid_1201/Y    -       A->Y  F     INVx1_ASAP7_75t_R    212 132.80000000 823.50000000 910.30000000 1288.20000000    (-,-) 
  _nid_5992/Y    -       B->Y  F     OR5x1_ASAP7_75t_R      1   0.60000000  31.00000000 137.40000000 1425.60000000    (-,-) 
  _nid_5993/Y    -       A->Y  R     INVx1_ASAP7_75t_R      1   5.80000000  55.10000000  36.70000000 1462.30000000    (-,-) 
  po756          <<<     -     R     (port)                 -            -            -   0.00000000 1462.30000000    (-,-) 
#---------------------------------------------------------------------------------------------------------------------------



Path 5: VIOLATED (-456.00000000 ps) Late External Delay Assertion at pin po1613
          Group: vclk
     Startpoint: (R) pi3493
          Clock: (R) vclk
       Endpoint: (R) po1613
          Clock: (R) vclk

                         Capture             Launch       
        Clock Edge:+  1000.00000000        0.00000000     
        Drv Adjust:+     0.00000000      377.90000000     
       Src Latency:+     0.00000000        0.00000000     
       Net Latency:+     0.00000000 (I)    0.00000000 (I) 
           Arrival:=  1000.00000000      377.90000000     
                                                          
      Output Delay:-     0.00000000                       
     Required Time:=  1000.00000000                       
      Launch Clock:-   377.90000000                       
       Input Delay:-     0.00000000                       
         Data Path:-  1078.10000000                       
             Slack:=  -456.00000000                       

Exceptions/Constraints:
  input_delay           0.00000000         in_del_3493_1   
  output_delay          0.00000000         ou_del_5231_1   

#-----------------------------------------------------------------------------------------------------------------------------
# Timing Point   Flags   Arc   Edge        Cell          Fanout     Load         Trans        Delay       Arrival    Instance 
#                                                                   (fF)         (ps)         (ps)          (ps)     Location 
#-----------------------------------------------------------------------------------------------------------------------------
  pi3493         <<<     -     R     (arrival)              378 190.00000000 835.50000000   0.00000000  377.90000000    (-,-) 
  _nid_1201/Y    -       A->Y  F     INVx1_ASAP7_75t_R      212 132.80000000 823.50000000 910.30000000 1288.20000000    (-,-) 
  _nid_10202/Y   -       B->Y  R     AOI21x1_ASAP7_75t_R      1   5.80000000 213.10000000 167.80000000 1456.00000000    (-,-) 
  po1613         <<<     -     R     (port)                   -            -            -   0.00000000 1456.00000000    (-,-) 
#-----------------------------------------------------------------------------------------------------------------------------



Path 6: VIOLATED (-456.00000000 ps) Late External Delay Assertion at pin po799
          Group: vclk
     Startpoint: (R) pi3493
          Clock: (R) vclk
       Endpoint: (R) po799
          Clock: (R) vclk

                         Capture             Launch       
        Clock Edge:+  1000.00000000        0.00000000     
        Drv Adjust:+     0.00000000      377.90000000     
       Src Latency:+     0.00000000        0.00000000     
       Net Latency:+     0.00000000 (I)    0.00000000 (I) 
           Arrival:=  1000.00000000      377.90000000     
                                                          
      Output Delay:-     0.00000000                       
     Required Time:=  1000.00000000                       
      Launch Clock:-   377.90000000                       
       Input Delay:-     0.00000000                       
         Data Path:-  1078.10000000                       
             Slack:=  -456.00000000                       

Exceptions/Constraints:
  input_delay           0.00000000         in_del_3493_1   
  output_delay          0.00000000         ou_del_4417_1   

#-----------------------------------------------------------------------------------------------------------------------------
# Timing Point   Flags   Arc   Edge        Cell          Fanout     Load         Trans        Delay       Arrival    Instance 
#                                                                   (fF)         (ps)         (ps)          (ps)     Location 
#-----------------------------------------------------------------------------------------------------------------------------
  pi3493         <<<     -     R     (arrival)              378 190.00000000 835.50000000   0.00000000  377.90000000    (-,-) 
  _nid_1201/Y    -       A->Y  F     INVx1_ASAP7_75t_R      212 132.80000000 823.50000000 910.30000000 1288.20000000    (-,-) 
  _nid_6336/Y    -       B->Y  R     AOI21x1_ASAP7_75t_R      1   5.80000000 213.10000000 167.80000000 1456.00000000    (-,-) 
  po799          <<<     -     R     (port)                   -            -            -   0.00000000 1456.00000000    (-,-) 
#-----------------------------------------------------------------------------------------------------------------------------



Path 7: VIOLATED (-456.00000000 ps) Late External Delay Assertion at pin po458
          Group: vclk
     Startpoint: (R) pi3493
          Clock: (R) vclk
       Endpoint: (R) po458
          Clock: (R) vclk

                         Capture             Launch       
        Clock Edge:+  1000.00000000        0.00000000     
        Drv Adjust:+     0.00000000      377.90000000     
       Src Latency:+     0.00000000        0.00000000     
       Net Latency:+     0.00000000 (I)    0.00000000 (I) 
           Arrival:=  1000.00000000      377.90000000     
                                                          
      Output Delay:-     0.00000000                       
     Required Time:=  1000.00000000                       
      Launch Clock:-   377.90000000                       
       Input Delay:-     0.00000000                       
         Data Path:-  1078.10000000                       
             Slack:=  -456.00000000                       

Exceptions/Constraints:
  input_delay           0.00000000         in_del_3493_1   
  output_delay          0.00000000         ou_del_4076_1   

#-----------------------------------------------------------------------------------------------------------------------------
# Timing Point   Flags   Arc   Edge        Cell          Fanout     Load         Trans        Delay       Arrival    Instance 
#                                                                   (fF)         (ps)         (ps)          (ps)     Location 
#-----------------------------------------------------------------------------------------------------------------------------
  pi3493         <<<     -     R     (arrival)              378 190.00000000 835.50000000   0.00000000  377.90000000    (-,-) 
  _nid_1201/Y    -       A->Y  F     INVx1_ASAP7_75t_R      212 132.80000000 823.50000000 910.30000000 1288.20000000    (-,-) 
  _nid_3540/Y    -       B->Y  R     AOI21x1_ASAP7_75t_R      1   5.80000000 213.10000000 167.80000000 1456.00000000    (-,-) 
  po458          <<<     -     R     (port)                   -            -            -   0.00000000 1456.00000000    (-,-) 
#-----------------------------------------------------------------------------------------------------------------------------



Path 8: VIOLATED (-450.10000000 ps) Late External Delay Assertion at pin po190
          Group: vclk
     Startpoint: (R) pi3493
          Clock: (R) vclk
       Endpoint: (F) po190
          Clock: (R) vclk

                         Capture             Launch       
        Clock Edge:+  1000.00000000        0.00000000     
        Drv Adjust:+     0.00000000      377.90000000     
       Src Latency:+     0.00000000        0.00000000     
       Net Latency:+     0.00000000 (I)    0.00000000 (I) 
           Arrival:=  1000.00000000      377.90000000     
                                                          
      Output Delay:-     0.00000000                       
     Required Time:=  1000.00000000                       
      Launch Clock:-   377.90000000                       
       Input Delay:-     0.00000000                       
         Data Path:-  1072.20000000                       
             Slack:=  -450.10000000                       

Exceptions/Constraints:
  input_delay           0.00000000         in_del_3493_1   
  output_delay          0.00000000         ou_del_3808_1   

#-----------------------------------------------------------------------------------------------------------------------------
# Timing Point   Flags   Arc   Edge        Cell          Fanout     Load         Trans        Delay       Arrival    Instance 
#                                                                   (fF)         (ps)         (ps)          (ps)     Location 
#-----------------------------------------------------------------------------------------------------------------------------
  pi3493         <<<     -     R     (arrival)              378 190.00000000 835.50000000   0.00000000  377.90000000    (-,-) 
  _nid_1201/Y    -       A->Y  F     INVx1_ASAP7_75t_R      212 132.80000000 823.50000000 910.30000000 1288.20000000    (-,-) 
  _nid_1457/Y    -       A->Y  R     NOR2x1_ASAP7_75t_R       5   2.80000000 138.50000000  89.90000000 1378.10000000    (-,-) 
  _nid_1477/Y    -       B->Y  R     OA211x2_ASAP7_75t_R      1   1.00000000  15.40000000  47.40000000 1425.50000000    (-,-) 
  _nid_1478/Y    -       B->Y  F     NAND2x1_ASAP7_75t_R      1   5.80000000  39.00000000  24.60000000 1450.10000000    (-,-) 
  po190          <<<     -     F     (port)                   -            -            -   0.00000000 1450.10000000    (-,-) 
#-----------------------------------------------------------------------------------------------------------------------------



Path 9: VIOLATED (-449.60000000 ps) Late External Delay Assertion at pin po235
          Group: vclk
     Startpoint: (R) pi3493
          Clock: (R) vclk
       Endpoint: (R) po235
          Clock: (R) vclk

                         Capture             Launch       
        Clock Edge:+  1000.00000000        0.00000000     
        Drv Adjust:+     0.00000000      377.90000000     
       Src Latency:+     0.00000000        0.00000000     
       Net Latency:+     0.00000000 (I)    0.00000000 (I) 
           Arrival:=  1000.00000000      377.90000000     
                                                          
      Output Delay:-     0.00000000                       
     Required Time:=  1000.00000000                       
      Launch Clock:-   377.90000000                       
       Input Delay:-     0.00000000                       
         Data Path:-  1071.70000000                       
             Slack:=  -449.60000000                       

Exceptions/Constraints:
  input_delay           0.00000000         in_del_3493_1   
  output_delay          0.00000000         ou_del_3853_1   

#---------------------------------------------------------------------------------------------------------------------------
# Timing Point   Flags   Arc   Edge       Cell         Fanout     Load         Trans        Delay       Arrival    Instance 
#                                                                 (fF)         (ps)         (ps)          (ps)     Location 
#---------------------------------------------------------------------------------------------------------------------------
  pi3493         <<<     -     R     (arrival)            378 190.00000000 835.50000000   0.00000000  377.90000000    (-,-) 
  _nid_1201/Y    -       A->Y  F     INVx1_ASAP7_75t_R    212 132.80000000 823.50000000 910.30000000 1288.20000000    (-,-) 
  _nid_1938/Y    -       C->Y  F     OR5x1_ASAP7_75t_R      1   0.60000000  30.30000000 124.90000000 1413.10000000    (-,-) 
  _nid_1939/Y    -       A->Y  R     INVx1_ASAP7_75t_R      1   5.80000000  54.90000000  36.50000000 1449.60000000    (-,-) 
  po235          <<<     -     R     (port)                 -            -            -   0.00000000 1449.60000000    (-,-) 
#---------------------------------------------------------------------------------------------------------------------------



Path 10: VIOLATED (-445.20000000 ps) Late External Delay Assertion at pin po233
          Group: vclk
     Startpoint: (R) pi3493
          Clock: (R) vclk
       Endpoint: (R) po233
          Clock: (R) vclk

                         Capture             Launch       
        Clock Edge:+  1000.00000000        0.00000000     
        Drv Adjust:+     0.00000000      377.90000000     
       Src Latency:+     0.00000000        0.00000000     
       Net Latency:+     0.00000000 (I)    0.00000000 (I) 
           Arrival:=  1000.00000000      377.90000000     
                                                          
      Output Delay:-     0.00000000                       
     Required Time:=  1000.00000000                       
      Launch Clock:-   377.90000000                       
       Input Delay:-     0.00000000                       
         Data Path:-  1067.30000000                       
             Slack:=  -445.20000000                       

Exceptions/Constraints:
  input_delay           0.00000000         in_del_3493_1   
  output_delay          0.00000000         ou_del_3851_1   

#----------------------------------------------------------------------------------------------------------------------------
# Timing Point   Flags   Arc   Edge        Cell         Fanout     Load         Trans        Delay       Arrival    Instance 
#                                                                  (fF)         (ps)         (ps)          (ps)     Location 
#----------------------------------------------------------------------------------------------------------------------------
  pi3493         <<<     -     R     (arrival)             378 190.00000000 835.50000000   0.00000000  377.90000000    (-,-) 
  _nid_1201/Y    -       A->Y  F     INVx1_ASAP7_75t_R     212 132.80000000 823.50000000 910.30000000 1288.20000000    (-,-) 
  _nid_1457/Y    -       A->Y  R     NOR2x1_ASAP7_75t_R      5   2.80000000 138.50000000  89.90000000 1378.10000000    (-,-) 
  _nid_1933/Y    -       A->Y  R     AND3x1_ASAP7_75t_R      1   5.80000000  57.10000000  67.10000000 1445.20000000    (-,-) 
  po233          <<<     -     R     (port)                  -            -            -   0.00000000 1445.20000000    (-,-) 
#----------------------------------------------------------------------------------------------------------------------------

