============================================================
  Generated by:           Genus(TM) Synthesis Solution 23.14-s090_1
  Generated on:           Sep 13 2026  11:35:53 am
  Module:                 RISC
  Operating conditions:   PVT_0P7V_25C (balanced_tree)
  Wireload mode:          enclosed
  Area mode:              timing library
============================================================


Path 1: VIOLATED (-8394.70000000 ps) Late External Delay Assertion at pin po1086
          Group: vclk
     Startpoint: (F) pi14311
          Clock: (R) vclk
       Endpoint: (R) po1086
          Clock: (R) vclk

                         Capture            Launch      
        Clock Edge:+  1000.00000000      0.00000000     
        Drv Adjust:+     0.00000000      2.40000000     
       Src Latency:+     0.00000000      0.00000000     
       Net Latency:+     0.00000000 (I)  0.00000000 (I) 
           Arrival:=  1000.00000000      2.40000000     
                                                        
      Output Delay:-     0.00000000                     
     Required Time:=  1000.00000000                     
      Launch Clock:-     2.40000000                     
       Input Delay:-     0.00000000                     
         Data Path:-  9392.30000000                     
             Slack:= -8394.70000000                     

Exceptions/Constraints:
  input_delay           0.00000000         in_del_8276_2   
  output_delay          0.00000000         ou_del_726_3    

#-------------------------------------------------------------------------------------------------------------------------------
# Timing Point   Flags   Arc   Edge        Cell          Fanout     Load         Trans         Delay        Arrival    Instance 
#                                                                   (fF)          (ps)          (ps)          (ps)     Location 
#-------------------------------------------------------------------------------------------------------------------------------
  pi14311        <<<     -     F     (arrival)                2   1.10000000    8.40000000    0.00000000    2.40000000    (-,-) 
  u15859/Y       -       D->Y  F     OR5x1_ASAP7_75t_R       12   7.50000000   61.20000000   75.30000000   77.70000000    (-,-) 
  u22971/Y       -       A->Y  R     NOR2x1_ASAP7_75t_R     599 521.70000000 4379.20000000 2054.80000000 2132.50000000    (-,-) 
  u22972/Y       -       A->Y  F     INVx1_ASAP7_75t_R      595 355.20000000    0.00000000 6605.20000000 8737.70000000    (-,-) 
  u22973/Y       -       B->Y  F     OR3x1_ASAP7_75t_R       53  33.50000000  228.10000000  136.60000000 8874.30000000    (-,-) 
  u23384/Y       -       A->Y  R     INVx1_ASAP7_75t_R       33  15.20000000  176.90000000  140.80000000 9015.10000000    (-,-) 
  u23385/Y       -       C->Y  R     AND3x1_ASAP7_75t_R       5   2.70000000   31.70000000   50.70000000 9065.80000000    (-,-) 
  u23387/Y       -       B->Y  R     OA211x2_ASAP7_75t_R      2   1.10000000   13.10000000   32.40000000 9098.20000000    (-,-) 
  u23388/Y       -       B->Y  R     AO21x1_ASAP7_75t_R       1   0.40000000    8.70000000   15.00000000 9113.20000000    (-,-) 
  u23390/Y       -       A2->Y R     AO32x1_ASAP7_75t_R      38  28.40000000  250.60000000  135.00000000 9248.20000000    (-,-) 
  u24188/Y       -       A->Y  F     INVx1_ASAP7_75t_R        8   6.40000000   94.00000000   79.80000000 9328.00000000    (-,-) 
  u24376/Y       -       A2->Y R     AOI21x1_ASAP7_75t_R      1   0.60000000   66.40000000   23.00000000 9351.00000000    (-,-) 
  u24377/Y       -       B->Y  R     OA21x2_ASAP7_75t_R       1   5.80000000   32.20000000   43.70000000 9394.70000000    (-,-) 
  po1086         <<<     -     R     (port)                   -            -             -    0.00000000 9394.70000000    (-,-) 
#-------------------------------------------------------------------------------------------------------------------------------



Path 2: VIOLATED (-8394.70000000 ps) Late External Delay Assertion at pin po1085
          Group: vclk
     Startpoint: (F) pi14311
          Clock: (R) vclk
       Endpoint: (R) po1085
          Clock: (R) vclk

                         Capture            Launch      
        Clock Edge:+  1000.00000000      0.00000000     
        Drv Adjust:+     0.00000000      2.40000000     
       Src Latency:+     0.00000000      0.00000000     
       Net Latency:+     0.00000000 (I)  0.00000000 (I) 
           Arrival:=  1000.00000000      2.40000000     
                                                        
      Output Delay:-     0.00000000                     
     Required Time:=  1000.00000000                     
      Launch Clock:-     2.40000000                     
       Input Delay:-     0.00000000                     
         Data Path:-  9392.30000000                     
             Slack:= -8394.70000000                     

Exceptions/Constraints:
  input_delay           0.00000000         in_del_8276_2   
  output_delay          0.00000000         ou_del_725_3    

#-------------------------------------------------------------------------------------------------------------------------------
# Timing Point   Flags   Arc   Edge        Cell          Fanout     Load         Trans         Delay        Arrival    Instance 
#                                                                   (fF)          (ps)          (ps)          (ps)     Location 
#-------------------------------------------------------------------------------------------------------------------------------
  pi14311        <<<     -     F     (arrival)                2   1.10000000    8.40000000    0.00000000    2.40000000    (-,-) 
  u15859/Y       -       D->Y  F     OR5x1_ASAP7_75t_R       12   7.50000000   61.20000000   75.30000000   77.70000000    (-,-) 
  u22971/Y       -       A->Y  R     NOR2x1_ASAP7_75t_R     599 521.70000000 4379.20000000 2054.80000000 2132.50000000    (-,-) 
  u22972/Y       -       A->Y  F     INVx1_ASAP7_75t_R      595 355.20000000    0.00000000 6605.20000000 8737.70000000    (-,-) 
  u22973/Y       -       B->Y  F     OR3x1_ASAP7_75t_R       53  33.50000000  228.10000000  136.60000000 8874.30000000    (-,-) 
  u23384/Y       -       A->Y  R     INVx1_ASAP7_75t_R       33  15.20000000  176.90000000  140.80000000 9015.10000000    (-,-) 
  u23385/Y       -       C->Y  R     AND3x1_ASAP7_75t_R       5   2.70000000   31.70000000   50.70000000 9065.80000000    (-,-) 
  u23387/Y       -       B->Y  R     OA211x2_ASAP7_75t_R      2   1.10000000   13.10000000   32.40000000 9098.20000000    (-,-) 
  u23388/Y       -       B->Y  R     AO21x1_ASAP7_75t_R       1   0.40000000    8.70000000   15.00000000 9113.20000000    (-,-) 
  u23390/Y       -       A2->Y R     AO32x1_ASAP7_75t_R      38  28.40000000  250.60000000  135.00000000 9248.20000000    (-,-) 
  u24188/Y       -       A->Y  F     INVx1_ASAP7_75t_R        8   6.40000000   94.00000000   79.80000000 9328.00000000    (-,-) 
  u24369/Y       -       A2->Y R     AOI21x1_ASAP7_75t_R      1   0.60000000   66.40000000   23.00000000 9351.00000000    (-,-) 
  u24370/Y       -       B->Y  R     OA21x2_ASAP7_75t_R       1   5.80000000   32.10000000   43.70000000 9394.70000000    (-,-) 
  po1085         <<<     -     R     (port)                   -            -             -    0.00000000 9394.70000000    (-,-) 
#-------------------------------------------------------------------------------------------------------------------------------



Path 3: VIOLATED (-8394.70000000 ps) Late External Delay Assertion at pin po1066
          Group: vclk
     Startpoint: (F) pi14311
          Clock: (R) vclk
       Endpoint: (R) po1066
          Clock: (R) vclk

                         Capture            Launch      
        Clock Edge:+  1000.00000000      0.00000000     
        Drv Adjust:+     0.00000000      2.40000000     
       Src Latency:+     0.00000000      0.00000000     
       Net Latency:+     0.00000000 (I)  0.00000000 (I) 
           Arrival:=  1000.00000000      2.40000000     
                                                        
      Output Delay:-     0.00000000                     
     Required Time:=  1000.00000000                     
      Launch Clock:-     2.40000000                     
       Input Delay:-     0.00000000                     
         Data Path:-  9392.30000000                     
             Slack:= -8394.70000000                     

Exceptions/Constraints:
  input_delay           0.00000000         in_del_8276_2   
  output_delay          0.00000000         ou_del_706_3    

#-------------------------------------------------------------------------------------------------------------------------------
# Timing Point   Flags   Arc   Edge        Cell          Fanout     Load         Trans         Delay        Arrival    Instance 
#                                                                   (fF)          (ps)          (ps)          (ps)     Location 
#-------------------------------------------------------------------------------------------------------------------------------
  pi14311        <<<     -     F     (arrival)                2   1.10000000    8.40000000    0.00000000    2.40000000    (-,-) 
  u15859/Y       -       D->Y  F     OR5x1_ASAP7_75t_R       12   7.50000000   61.20000000   75.30000000   77.70000000    (-,-) 
  u22971/Y       -       A->Y  R     NOR2x1_ASAP7_75t_R     599 521.70000000 4379.20000000 2054.80000000 2132.50000000    (-,-) 
  u22972/Y       -       A->Y  F     INVx1_ASAP7_75t_R      595 355.20000000    0.00000000 6605.20000000 8737.70000000    (-,-) 
  u22973/Y       -       B->Y  F     OR3x1_ASAP7_75t_R       53  33.50000000  228.10000000  136.60000000 8874.30000000    (-,-) 
  u23384/Y       -       A->Y  R     INVx1_ASAP7_75t_R       33  15.20000000  176.90000000  140.80000000 9015.10000000    (-,-) 
  u23385/Y       -       C->Y  R     AND3x1_ASAP7_75t_R       5   2.70000000   31.70000000   50.70000000 9065.80000000    (-,-) 
  u23387/Y       -       B->Y  R     OA211x2_ASAP7_75t_R      2   1.10000000   13.10000000   32.40000000 9098.20000000    (-,-) 
  u23388/Y       -       B->Y  R     AO21x1_ASAP7_75t_R       1   0.40000000    8.70000000   15.00000000 9113.20000000    (-,-) 
  u23390/Y       -       A2->Y R     AO32x1_ASAP7_75t_R      38  28.40000000  250.60000000  135.00000000 9248.20000000    (-,-) 
  u24188/Y       -       A->Y  F     INVx1_ASAP7_75t_R        8   6.40000000   94.00000000   79.80000000 9328.00000000    (-,-) 
  u24304/Y       -       A2->Y R     AOI21x1_ASAP7_75t_R      1   0.60000000   66.40000000   23.00000000 9351.00000000    (-,-) 
  u24305/Y       -       B->Y  R     OA21x2_ASAP7_75t_R       1   5.80000000   32.20000000   43.70000000 9394.70000000    (-,-) 
  po1066         <<<     -     R     (port)                   -            -             -    0.00000000 9394.70000000    (-,-) 
#-------------------------------------------------------------------------------------------------------------------------------



Path 4: VIOLATED (-8394.70000000 ps) Late External Delay Assertion at pin po1038
          Group: vclk
     Startpoint: (F) pi14311
          Clock: (R) vclk
       Endpoint: (R) po1038
          Clock: (R) vclk

                         Capture            Launch      
        Clock Edge:+  1000.00000000      0.00000000     
        Drv Adjust:+     0.00000000      2.40000000     
       Src Latency:+     0.00000000      0.00000000     
       Net Latency:+     0.00000000 (I)  0.00000000 (I) 
           Arrival:=  1000.00000000      2.40000000     
                                                        
      Output Delay:-     0.00000000                     
     Required Time:=  1000.00000000                     
      Launch Clock:-     2.40000000                     
       Input Delay:-     0.00000000                     
         Data Path:-  9392.30000000                     
             Slack:= -8394.70000000                     

Exceptions/Constraints:
  input_delay           0.00000000         in_del_8276_2   
  output_delay          0.00000000         ou_del_678_3    

#-------------------------------------------------------------------------------------------------------------------------------
# Timing Point   Flags   Arc   Edge        Cell          Fanout     Load         Trans         Delay        Arrival    Instance 
#                                                                   (fF)          (ps)          (ps)          (ps)     Location 
#-------------------------------------------------------------------------------------------------------------------------------
  pi14311        <<<     -     F     (arrival)                2   1.10000000    8.40000000    0.00000000    2.40000000    (-,-) 
  u15859/Y       -       D->Y  F     OR5x1_ASAP7_75t_R       12   7.50000000   61.20000000   75.30000000   77.70000000    (-,-) 
  u22971/Y       -       A->Y  R     NOR2x1_ASAP7_75t_R     599 521.70000000 4379.20000000 2054.80000000 2132.50000000    (-,-) 
  u22972/Y       -       A->Y  F     INVx1_ASAP7_75t_R      595 355.20000000    0.00000000 6605.20000000 8737.70000000    (-,-) 
  u22973/Y       -       B->Y  F     OR3x1_ASAP7_75t_R       53  33.50000000  228.10000000  136.60000000 8874.30000000    (-,-) 
  u23384/Y       -       A->Y  R     INVx1_ASAP7_75t_R       33  15.20000000  176.90000000  140.80000000 9015.10000000    (-,-) 
  u23385/Y       -       C->Y  R     AND3x1_ASAP7_75t_R       5   2.70000000   31.70000000   50.70000000 9065.80000000    (-,-) 
  u23387/Y       -       B->Y  R     OA211x2_ASAP7_75t_R      2   1.10000000   13.10000000   32.40000000 9098.20000000    (-,-) 
  u23388/Y       -       B->Y  R     AO21x1_ASAP7_75t_R       1   0.40000000    8.70000000   15.00000000 9113.20000000    (-,-) 
  u23390/Y       -       A2->Y R     AO32x1_ASAP7_75t_R      38  28.40000000  250.60000000  135.00000000 9248.20000000    (-,-) 
  u24188/Y       -       A->Y  F     INVx1_ASAP7_75t_R        8   6.40000000   94.00000000   79.80000000 9328.00000000    (-,-) 
  u24203/Y       -       A2->Y R     AOI21x1_ASAP7_75t_R      1   0.60000000   66.40000000   23.00000000 9351.00000000    (-,-) 
  u24204/Y       -       B->Y  R     OA21x2_ASAP7_75t_R       1   5.80000000   32.20000000   43.70000000 9394.70000000    (-,-) 
  po1038         <<<     -     R     (port)                   -            -             -    0.00000000 9394.70000000    (-,-) 
#-------------------------------------------------------------------------------------------------------------------------------



Path 5: VIOLATED (-8332.90000000 ps) Late External Delay Assertion at pin po1127
          Group: vclk
     Startpoint: (F) pi14311
          Clock: (R) vclk
       Endpoint: (F) po1127
          Clock: (R) vclk

                         Capture            Launch      
        Clock Edge:+  1000.00000000      0.00000000     
        Drv Adjust:+     0.00000000      2.40000000     
       Src Latency:+     0.00000000      0.00000000     
       Net Latency:+     0.00000000 (I)  0.00000000 (I) 
           Arrival:=  1000.00000000      2.40000000     
                                                        
      Output Delay:-     0.00000000                     
     Required Time:=  1000.00000000                     
      Launch Clock:-     2.40000000                     
       Input Delay:-     0.00000000                     
         Data Path:-  9330.50000000                     
             Slack:= -8332.90000000                     

Exceptions/Constraints:
  input_delay           0.00000000         in_del_8276_2   
  output_delay          0.00000000         ou_del_767_3    

#-------------------------------------------------------------------------------------------------------------------------------
# Timing Point   Flags   Arc   Edge        Cell          Fanout     Load         Trans         Delay        Arrival    Instance 
#                                                                   (fF)          (ps)          (ps)          (ps)     Location 
#-------------------------------------------------------------------------------------------------------------------------------
  pi14311        <<<     -     F     (arrival)                2   1.10000000    8.40000000    0.00000000    2.40000000    (-,-) 
  u15859/Y       -       D->Y  F     OR5x1_ASAP7_75t_R       12   7.50000000   61.20000000   75.30000000   77.70000000    (-,-) 
  u22971/Y       -       A->Y  R     NOR2x1_ASAP7_75t_R     599 521.70000000 4379.20000000 2054.80000000 2132.50000000    (-,-) 
  u22972/Y       -       A->Y  F     INVx1_ASAP7_75t_R      595 355.20000000    0.00000000 6605.20000000 8737.70000000    (-,-) 
  u22973/Y       -       B->Y  F     OR3x1_ASAP7_75t_R       53  33.50000000  228.10000000  136.60000000 8874.30000000    (-,-) 
  u23384/Y       -       A->Y  R     INVx1_ASAP7_75t_R       33  15.20000000  176.90000000  140.80000000 9015.10000000    (-,-) 
  u23385/Y       -       C->Y  R     AND3x1_ASAP7_75t_R       5   2.70000000   31.70000000   50.70000000 9065.80000000    (-,-) 
  u23387/Y       -       B->Y  R     OA211x2_ASAP7_75t_R      2   1.10000000   13.10000000   32.40000000 9098.20000000    (-,-) 
  u23388/Y       -       B->Y  R     AO21x1_ASAP7_75t_R       1   0.40000000    8.70000000   15.00000000 9113.20000000    (-,-) 
  u23390/Y       -       A2->Y R     AO32x1_ASAP7_75t_R      38  28.40000000  250.60000000  135.00000000 9248.20000000    (-,-) 
  u24512/Y       -       A->Y  F     XOR2x2_ASAP7_75t_R       2   1.50000000   17.50000000   51.70000000 9299.90000000    (-,-) 
  u24535/Y       -       A->Y  F     AND2x2_ASAP7_75t_R       1   5.80000000   36.80000000   33.00000000 9332.90000000    (-,-) 
  po1127         <<<     -     F     (port)                   -            -             -    0.00000000 9332.90000000    (-,-) 
#-------------------------------------------------------------------------------------------------------------------------------



Path 6: VIOLATED (-8332.20000000 ps) Late External Delay Assertion at pin po1118
          Group: vclk
     Startpoint: (F) pi14311
          Clock: (R) vclk
       Endpoint: (R) po1118
          Clock: (R) vclk

                         Capture            Launch      
        Clock Edge:+  1000.00000000      0.00000000     
        Drv Adjust:+     0.00000000      2.40000000     
       Src Latency:+     0.00000000      0.00000000     
       Net Latency:+     0.00000000 (I)  0.00000000 (I) 
           Arrival:=  1000.00000000      2.40000000     
                                                        
      Output Delay:-     0.00000000                     
     Required Time:=  1000.00000000                     
      Launch Clock:-     2.40000000                     
       Input Delay:-     0.00000000                     
         Data Path:-  9329.80000000                     
             Slack:= -8332.20000000                     

Exceptions/Constraints:
  input_delay           0.00000000         in_del_8276_2   
  output_delay          0.00000000         ou_del_758_3    

#-------------------------------------------------------------------------------------------------------------------------------
# Timing Point   Flags   Arc   Edge        Cell          Fanout     Load         Trans         Delay        Arrival    Instance 
#                                                                   (fF)          (ps)          (ps)          (ps)     Location 
#-------------------------------------------------------------------------------------------------------------------------------
  pi14311        <<<     -     F     (arrival)                2   1.10000000    8.40000000    0.00000000    2.40000000    (-,-) 
  u15859/Y       -       D->Y  F     OR5x1_ASAP7_75t_R       12   7.50000000   61.20000000   75.30000000   77.70000000    (-,-) 
  u22971/Y       -       A->Y  R     NOR2x1_ASAP7_75t_R     599 521.70000000 4379.20000000 2054.80000000 2132.50000000    (-,-) 
  u22972/Y       -       A->Y  F     INVx1_ASAP7_75t_R      595 355.20000000    0.00000000 6605.20000000 8737.70000000    (-,-) 
  u22973/Y       -       B->Y  F     OR3x1_ASAP7_75t_R       53  33.50000000  228.10000000  136.60000000 8874.30000000    (-,-) 
  u23384/Y       -       A->Y  R     INVx1_ASAP7_75t_R       33  15.20000000  176.90000000  140.80000000 9015.10000000    (-,-) 
  u23385/Y       -       C->Y  R     AND3x1_ASAP7_75t_R       5   2.70000000   31.70000000   50.70000000 9065.80000000    (-,-) 
  u23387/Y       -       B->Y  R     OA211x2_ASAP7_75t_R      2   1.10000000   13.10000000   32.40000000 9098.20000000    (-,-) 
  u23388/Y       -       B->Y  R     AO21x1_ASAP7_75t_R       1   0.40000000    8.70000000   15.00000000 9113.20000000    (-,-) 
  u23390/Y       -       A2->Y R     AO32x1_ASAP7_75t_R      38  28.40000000  250.60000000  135.00000000 9248.20000000    (-,-) 
  u24512/Y       -       A->Y  F     XOR2x2_ASAP7_75t_R       2   1.50000000   17.50000000   51.70000000 9299.90000000    (-,-) 
  u24513/Y       -       B->Y  R     NOR2x1_ASAP7_75t_R       1   5.80000000  124.80000000   32.30000000 9332.20000000    (-,-) 
  po1118         <<<     -     R     (port)                   -            -             -    0.00000000 9332.20000000    (-,-) 
#-------------------------------------------------------------------------------------------------------------------------------



Path 7: VIOLATED (-8323.70000000 ps) Late External Delay Assertion at pin po1099
          Group: vclk
     Startpoint: (F) pi14311
          Clock: (R) vclk
       Endpoint: (R) po1099
          Clock: (R) vclk

                         Capture            Launch      
        Clock Edge:+  1000.00000000      0.00000000     
        Drv Adjust:+     0.00000000      2.40000000     
       Src Latency:+     0.00000000      0.00000000     
       Net Latency:+     0.00000000 (I)  0.00000000 (I) 
           Arrival:=  1000.00000000      2.40000000     
                                                        
      Output Delay:-     0.00000000                     
     Required Time:=  1000.00000000                     
      Launch Clock:-     2.40000000                     
       Input Delay:-     0.00000000                     
         Data Path:-  9321.30000000                     
             Slack:= -8323.70000000                     

Exceptions/Constraints:
  input_delay           0.00000000         in_del_8276_2   
  output_delay          0.00000000         ou_del_739_3    

#-------------------------------------------------------------------------------------------------------------------------------
# Timing Point   Flags   Arc   Edge        Cell          Fanout     Load         Trans         Delay        Arrival    Instance 
#                                                                   (fF)          (ps)          (ps)          (ps)     Location 
#-------------------------------------------------------------------------------------------------------------------------------
  pi14311        <<<     -     F     (arrival)                2   1.10000000    8.40000000    0.00000000    2.40000000    (-,-) 
  u15859/Y       -       D->Y  F     OR5x1_ASAP7_75t_R       12   7.50000000   61.20000000   75.30000000   77.70000000    (-,-) 
  u22971/Y       -       A->Y  R     NOR2x1_ASAP7_75t_R     599 521.70000000 4379.20000000 2054.80000000 2132.50000000    (-,-) 
  u22972/Y       -       A->Y  F     INVx1_ASAP7_75t_R      595 355.20000000    0.00000000 6605.20000000 8737.70000000    (-,-) 
  u22973/Y       -       B->Y  F     OR3x1_ASAP7_75t_R       53  33.50000000  228.10000000  136.60000000 8874.30000000    (-,-) 
  u23384/Y       -       A->Y  R     INVx1_ASAP7_75t_R       33  15.20000000  176.90000000  140.80000000 9015.10000000    (-,-) 
  u23385/Y       -       C->Y  R     AND3x1_ASAP7_75t_R       5   2.70000000   31.70000000   50.70000000 9065.80000000    (-,-) 
  u23387/Y       -       B->Y  R     OA211x2_ASAP7_75t_R      2   1.10000000   13.10000000   32.40000000 9098.20000000    (-,-) 
  u23388/Y       -       B->Y  R     AO21x1_ASAP7_75t_R       1   0.40000000    8.70000000   15.00000000 9113.20000000    (-,-) 
  u23390/Y       -       A2->Y R     AO32x1_ASAP7_75t_R      38  28.40000000  250.60000000  135.00000000 9248.20000000    (-,-) 
  u24414/Y       -       A1->Y R     OA211x2_ASAP7_75t_R      1   5.80000000   43.50000000   75.50000000 9323.70000000    (-,-) 
  po1099         <<<     -     R     (port)                   -            -             -    0.00000000 9323.70000000    (-,-) 
#-------------------------------------------------------------------------------------------------------------------------------



Path 8: VIOLATED (-8323.70000000 ps) Late External Delay Assertion at pin po1087
          Group: vclk
     Startpoint: (F) pi14311
          Clock: (R) vclk
       Endpoint: (R) po1087
          Clock: (R) vclk

                         Capture            Launch      
        Clock Edge:+  1000.00000000      0.00000000     
        Drv Adjust:+     0.00000000      2.40000000     
       Src Latency:+     0.00000000      0.00000000     
       Net Latency:+     0.00000000 (I)  0.00000000 (I) 
           Arrival:=  1000.00000000      2.40000000     
                                                        
      Output Delay:-     0.00000000                     
     Required Time:=  1000.00000000                     
      Launch Clock:-     2.40000000                     
       Input Delay:-     0.00000000                     
         Data Path:-  9321.30000000                     
             Slack:= -8323.70000000                     

Exceptions/Constraints:
  input_delay           0.00000000         in_del_8276_2   
  output_delay          0.00000000         ou_del_727_3    

#-------------------------------------------------------------------------------------------------------------------------------
# Timing Point   Flags   Arc   Edge        Cell          Fanout     Load         Trans         Delay        Arrival    Instance 
#                                                                   (fF)          (ps)          (ps)          (ps)     Location 
#-------------------------------------------------------------------------------------------------------------------------------
  pi14311        <<<     -     F     (arrival)                2   1.10000000    8.40000000    0.00000000    2.40000000    (-,-) 
  u15859/Y       -       D->Y  F     OR5x1_ASAP7_75t_R       12   7.50000000   61.20000000   75.30000000   77.70000000    (-,-) 
  u22971/Y       -       A->Y  R     NOR2x1_ASAP7_75t_R     599 521.70000000 4379.20000000 2054.80000000 2132.50000000    (-,-) 
  u22972/Y       -       A->Y  F     INVx1_ASAP7_75t_R      595 355.20000000    0.00000000 6605.20000000 8737.70000000    (-,-) 
  u22973/Y       -       B->Y  F     OR3x1_ASAP7_75t_R       53  33.50000000  228.10000000  136.60000000 8874.30000000    (-,-) 
  u23384/Y       -       A->Y  R     INVx1_ASAP7_75t_R       33  15.20000000  176.90000000  140.80000000 9015.10000000    (-,-) 
  u23385/Y       -       C->Y  R     AND3x1_ASAP7_75t_R       5   2.70000000   31.70000000   50.70000000 9065.80000000    (-,-) 
  u23387/Y       -       B->Y  R     OA211x2_ASAP7_75t_R      2   1.10000000   13.10000000   32.40000000 9098.20000000    (-,-) 
  u23388/Y       -       B->Y  R     AO21x1_ASAP7_75t_R       1   0.40000000    8.70000000   15.00000000 9113.20000000    (-,-) 
  u23390/Y       -       A2->Y R     AO32x1_ASAP7_75t_R      38  28.40000000  250.60000000  135.00000000 9248.20000000    (-,-) 
  u24381/Y       -       A1->Y R     OA211x2_ASAP7_75t_R      1   5.80000000   43.50000000   75.50000000 9323.70000000    (-,-) 
  po1087         <<<     -     R     (port)                   -            -             -    0.00000000 9323.70000000    (-,-) 
#-------------------------------------------------------------------------------------------------------------------------------



Path 9: VIOLATED (-8323.70000000 ps) Late External Delay Assertion at pin po1071
          Group: vclk
     Startpoint: (F) pi14311
          Clock: (R) vclk
       Endpoint: (R) po1071
          Clock: (R) vclk

                         Capture            Launch      
        Clock Edge:+  1000.00000000      0.00000000     
        Drv Adjust:+     0.00000000      2.40000000     
       Src Latency:+     0.00000000      0.00000000     
       Net Latency:+     0.00000000 (I)  0.00000000 (I) 
           Arrival:=  1000.00000000      2.40000000     
                                                        
      Output Delay:-     0.00000000                     
     Required Time:=  1000.00000000                     
      Launch Clock:-     2.40000000                     
       Input Delay:-     0.00000000                     
         Data Path:-  9321.30000000                     
             Slack:= -8323.70000000                     

Exceptions/Constraints:
  input_delay           0.00000000         in_del_8276_2   
  output_delay          0.00000000         ou_del_711_3    

#-------------------------------------------------------------------------------------------------------------------------------
# Timing Point   Flags   Arc   Edge        Cell          Fanout     Load         Trans         Delay        Arrival    Instance 
#                                                                   (fF)          (ps)          (ps)          (ps)     Location 
#-------------------------------------------------------------------------------------------------------------------------------
  pi14311        <<<     -     F     (arrival)                2   1.10000000    8.40000000    0.00000000    2.40000000    (-,-) 
  u15859/Y       -       D->Y  F     OR5x1_ASAP7_75t_R       12   7.50000000   61.20000000   75.30000000   77.70000000    (-,-) 
  u22971/Y       -       A->Y  R     NOR2x1_ASAP7_75t_R     599 521.70000000 4379.20000000 2054.80000000 2132.50000000    (-,-) 
  u22972/Y       -       A->Y  F     INVx1_ASAP7_75t_R      595 355.20000000    0.00000000 6605.20000000 8737.70000000    (-,-) 
  u22973/Y       -       B->Y  F     OR3x1_ASAP7_75t_R       53  33.50000000  228.10000000  136.60000000 8874.30000000    (-,-) 
  u23384/Y       -       A->Y  R     INVx1_ASAP7_75t_R       33  15.20000000  176.90000000  140.80000000 9015.10000000    (-,-) 
  u23385/Y       -       C->Y  R     AND3x1_ASAP7_75t_R       5   2.70000000   31.70000000   50.70000000 9065.80000000    (-,-) 
  u23387/Y       -       B->Y  R     OA211x2_ASAP7_75t_R      2   1.10000000   13.10000000   32.40000000 9098.20000000    (-,-) 
  u23388/Y       -       B->Y  R     AO21x1_ASAP7_75t_R       1   0.40000000    8.70000000   15.00000000 9113.20000000    (-,-) 
  u23390/Y       -       A2->Y R     AO32x1_ASAP7_75t_R      38  28.40000000  250.60000000  135.00000000 9248.20000000    (-,-) 
  u24329/Y       -       A1->Y R     OA211x2_ASAP7_75t_R      1   5.80000000   43.50000000   75.50000000 9323.70000000    (-,-) 
  po1071         <<<     -     R     (port)                   -            -             -    0.00000000 9323.70000000    (-,-) 
#-------------------------------------------------------------------------------------------------------------------------------



Path 10: VIOLATED (-8323.70000000 ps) Late External Delay Assertion at pin po1070
          Group: vclk
     Startpoint: (F) pi14311
          Clock: (R) vclk
       Endpoint: (R) po1070
          Clock: (R) vclk

                         Capture            Launch      
        Clock Edge:+  1000.00000000      0.00000000     
        Drv Adjust:+     0.00000000      2.40000000     
       Src Latency:+     0.00000000      0.00000000     
       Net Latency:+     0.00000000 (I)  0.00000000 (I) 
           Arrival:=  1000.00000000      2.40000000     
                                                        
      Output Delay:-     0.00000000                     
     Required Time:=  1000.00000000                     
      Launch Clock:-     2.40000000                     
       Input Delay:-     0.00000000                     
         Data Path:-  9321.30000000                     
             Slack:= -8323.70000000                     

Exceptions/Constraints:
  input_delay           0.00000000         in_del_8276_2   
  output_delay          0.00000000         ou_del_710_3    

#-------------------------------------------------------------------------------------------------------------------------------
# Timing Point   Flags   Arc   Edge        Cell          Fanout     Load         Trans         Delay        Arrival    Instance 
#                                                                   (fF)          (ps)          (ps)          (ps)     Location 
#-------------------------------------------------------------------------------------------------------------------------------
  pi14311        <<<     -     F     (arrival)                2   1.10000000    8.40000000    0.00000000    2.40000000    (-,-) 
  u15859/Y       -       D->Y  F     OR5x1_ASAP7_75t_R       12   7.50000000   61.20000000   75.30000000   77.70000000    (-,-) 
  u22971/Y       -       A->Y  R     NOR2x1_ASAP7_75t_R     599 521.70000000 4379.20000000 2054.80000000 2132.50000000    (-,-) 
  u22972/Y       -       A->Y  F     INVx1_ASAP7_75t_R      595 355.20000000    0.00000000 6605.20000000 8737.70000000    (-,-) 
  u22973/Y       -       B->Y  F     OR3x1_ASAP7_75t_R       53  33.50000000  228.10000000  136.60000000 8874.30000000    (-,-) 
  u23384/Y       -       A->Y  R     INVx1_ASAP7_75t_R       33  15.20000000  176.90000000  140.80000000 9015.10000000    (-,-) 
  u23385/Y       -       C->Y  R     AND3x1_ASAP7_75t_R       5   2.70000000   31.70000000   50.70000000 9065.80000000    (-,-) 
  u23387/Y       -       B->Y  R     OA211x2_ASAP7_75t_R      2   1.10000000   13.10000000   32.40000000 9098.20000000    (-,-) 
  u23388/Y       -       B->Y  R     AO21x1_ASAP7_75t_R       1   0.40000000    8.70000000   15.00000000 9113.20000000    (-,-) 
  u23390/Y       -       A2->Y R     AO32x1_ASAP7_75t_R      38  28.40000000  250.60000000  135.00000000 9248.20000000    (-,-) 
  u24325/Y       -       A1->Y R     OA211x2_ASAP7_75t_R      1   5.80000000   43.50000000   75.50000000 9323.70000000    (-,-) 
  po1070         <<<     -     R     (port)                   -            -             -    0.00000000 9323.70000000    (-,-) 
#-------------------------------------------------------------------------------------------------------------------------------

