============================================================
  Generated by:           Genus(TM) Synthesis Solution 23.14-s090_1
  Generated on:           Sep 13 2026  11:35:33 am
  Module:                 aes_core
  Operating conditions:   PVT_0P7V_25C (balanced_tree)
  Wireload mode:          enclosed
  Area mode:              timing library
============================================================


Path 1: VIOLATED (-435.80000000 ps) Late External Delay Assertion at pin po510
          Group: vclk
     Startpoint: (R) pi1062
          Clock: (R) vclk
       Endpoint: (F) po510
          Clock: (R) vclk

                         Capture             Launch       
        Clock Edge:+  1000.00000000        0.00000000     
        Drv Adjust:+     0.00000000      412.70000000     
       Src Latency:+     0.00000000        0.00000000     
       Net Latency:+     0.00000000 (I)    0.00000000 (I) 
           Arrival:=  1000.00000000      412.70000000     
                                                          
      Output Delay:-     0.00000000                       
     Required Time:=  1000.00000000                       
      Launch Clock:-   412.70000000                       
       Input Delay:-     0.00000000                       
         Data Path:-  1023.10000000                       
             Slack:=  -435.80000000                       

Exceptions/Constraints:
  input_delay           0.00000000         in_del_1062_1   
  output_delay          0.00000000         ou_del_1827_1   

#-----------------------------------------------------------------------------------------------------------------------------
# Timing Point   Flags   Arc   Edge        Cell          Fanout     Load         Trans        Delay       Arrival    Instance 
#                                                                   (fF)         (ps)         (ps)          (ps)     Location 
#-----------------------------------------------------------------------------------------------------------------------------
  pi1062         <<<     -     R     (arrival)              327 207.60000000 912.70000000   0.00000000  412.70000000    (-,-) 
  u10030/Y       -       A->Y  F     INVx1_ASAP7_75t_R      196 101.70000000 691.50000000 788.80000000 1201.50000000    (-,-) 
  u12323/Y       -       C->Y  F     OA211x2_ASAP7_75t_R      1   0.60000000  34.20000000 188.30000000 1389.80000000    (-,-) 
  u12324/Y       -       B->Y  F     AO21x1_ASAP7_75t_R       1   5.80000000  50.40000000  46.00000000 1435.80000000    (-,-) 
  po510          <<<     -     F     (port)                   -            -            -   0.00000000 1435.80000000    (-,-) 
#-----------------------------------------------------------------------------------------------------------------------------



Path 2: VIOLATED (-435.80000000 ps) Late External Delay Assertion at pin po496
          Group: vclk
     Startpoint: (R) pi1062
          Clock: (R) vclk
       Endpoint: (F) po496
          Clock: (R) vclk

                         Capture             Launch       
        Clock Edge:+  1000.00000000        0.00000000     
        Drv Adjust:+     0.00000000      412.70000000     
       Src Latency:+     0.00000000        0.00000000     
       Net Latency:+     0.00000000 (I)    0.00000000 (I) 
           Arrival:=  1000.00000000      412.70000000     
                                                          
      Output Delay:-     0.00000000                       
     Required Time:=  1000.00000000                       
      Launch Clock:-   412.70000000                       
       Input Delay:-     0.00000000                       
         Data Path:-  1023.10000000                       
             Slack:=  -435.80000000                       

Exceptions/Constraints:
  input_delay           0.00000000         in_del_1062_1   
  output_delay          0.00000000         ou_del_1813_1   

#-----------------------------------------------------------------------------------------------------------------------------
# Timing Point   Flags   Arc   Edge        Cell          Fanout     Load         Trans        Delay       Arrival    Instance 
#                                                                   (fF)         (ps)         (ps)          (ps)     Location 
#-----------------------------------------------------------------------------------------------------------------------------
  pi1062         <<<     -     R     (arrival)              327 207.60000000 912.70000000   0.00000000  412.70000000    (-,-) 
  u10030/Y       -       A->Y  F     INVx1_ASAP7_75t_R      196 101.70000000 691.50000000 788.80000000 1201.50000000    (-,-) 
  u12305/Y       -       C->Y  F     OA211x2_ASAP7_75t_R      1   0.60000000  34.20000000 188.30000000 1389.80000000    (-,-) 
  u12306/Y       -       B->Y  F     AO21x1_ASAP7_75t_R       1   5.80000000  50.40000000  46.00000000 1435.80000000    (-,-) 
  po496          <<<     -     F     (port)                   -            -            -   0.00000000 1435.80000000    (-,-) 
#-----------------------------------------------------------------------------------------------------------------------------



Path 3: VIOLATED (-435.80000000 ps) Late External Delay Assertion at pin po492
          Group: vclk
     Startpoint: (R) pi1062
          Clock: (R) vclk
       Endpoint: (F) po492
          Clock: (R) vclk

                         Capture             Launch       
        Clock Edge:+  1000.00000000        0.00000000     
        Drv Adjust:+     0.00000000      412.70000000     
       Src Latency:+     0.00000000        0.00000000     
       Net Latency:+     0.00000000 (I)    0.00000000 (I) 
           Arrival:=  1000.00000000      412.70000000     
                                                          
      Output Delay:-     0.00000000                       
     Required Time:=  1000.00000000                       
      Launch Clock:-   412.70000000                       
       Input Delay:-     0.00000000                       
         Data Path:-  1023.10000000                       
             Slack:=  -435.80000000                       

Exceptions/Constraints:
  input_delay           0.00000000         in_del_1062_1   
  output_delay          0.00000000         ou_del_1809_1   

#-----------------------------------------------------------------------------------------------------------------------------
# Timing Point   Flags   Arc   Edge        Cell          Fanout     Load         Trans        Delay       Arrival    Instance 
#                                                                   (fF)         (ps)         (ps)          (ps)     Location 
#-----------------------------------------------------------------------------------------------------------------------------
  pi1062         <<<     -     R     (arrival)              327 207.60000000 912.70000000   0.00000000  412.70000000    (-,-) 
  u10030/Y       -       A->Y  F     INVx1_ASAP7_75t_R      196 101.70000000 691.50000000 788.80000000 1201.50000000    (-,-) 
  u12297/Y       -       C->Y  F     OA211x2_ASAP7_75t_R      1   0.60000000  34.20000000 188.30000000 1389.80000000    (-,-) 
  u12298/Y       -       B->Y  F     AO21x1_ASAP7_75t_R       1   5.80000000  50.40000000  46.00000000 1435.80000000    (-,-) 
  po492          <<<     -     F     (port)                   -            -            -   0.00000000 1435.80000000    (-,-) 
#-----------------------------------------------------------------------------------------------------------------------------



Path 4: VIOLATED (-435.80000000 ps) Late External Delay Assertion at pin po490
          Group: vclk
     Startpoint: (R) pi1062
          Clock: (R) vclk
       Endpoint: (F) po490
          Clock: (R) vclk

                         Capture             Launch       
        Clock Edge:+  1000.00000000        0.00000000     
        Drv Adjust:+     0.00000000      412.70000000     
       Src Latency:+     0.00000000        0.00000000     
       Net Latency:+     0.00000000 (I)    0.00000000 (I) 
           Arrival:=  1000.00000000      412.70000000     
                                                          
      Output Delay:-     0.00000000                       
     Required Time:=  1000.00000000                       
      Launch Clock:-   412.70000000                       
       Input Delay:-     0.00000000                       
         Data Path:-  1023.10000000                       
             Slack:=  -435.80000000                       

Exceptions/Constraints:
  input_delay           0.00000000         in_del_1062_1   
  output_delay          0.00000000         ou_del_1807_1   

#-----------------------------------------------------------------------------------------------------------------------------
# Timing Point   Flags   Arc   Edge        Cell          Fanout     Load         Trans        Delay       Arrival    Instance 
#                                                                   (fF)         (ps)         (ps)          (ps)     Location 
#-----------------------------------------------------------------------------------------------------------------------------
  pi1062         <<<     -     R     (arrival)              327 207.60000000 912.70000000   0.00000000  412.70000000    (-,-) 
  u10030/Y       -       A->Y  F     INVx1_ASAP7_75t_R      196 101.70000000 691.50000000 788.80000000 1201.50000000    (-,-) 
  u12292/Y       -       C->Y  F     OA211x2_ASAP7_75t_R      1   0.60000000  34.20000000 188.30000000 1389.80000000    (-,-) 
  u12293/Y       -       B->Y  F     AO21x1_ASAP7_75t_R       1   5.80000000  50.40000000  46.00000000 1435.80000000    (-,-) 
  po490          <<<     -     F     (port)                   -            -            -   0.00000000 1435.80000000    (-,-) 
#-----------------------------------------------------------------------------------------------------------------------------



Path 5: VIOLATED (-435.80000000 ps) Late External Delay Assertion at pin po489
          Group: vclk
     Startpoint: (R) pi1062
          Clock: (R) vclk
       Endpoint: (F) po489
          Clock: (R) vclk

                         Capture             Launch       
        Clock Edge:+  1000.00000000        0.00000000     
        Drv Adjust:+     0.00000000      412.70000000     
       Src Latency:+     0.00000000        0.00000000     
       Net Latency:+     0.00000000 (I)    0.00000000 (I) 
           Arrival:=  1000.00000000      412.70000000     
                                                          
      Output Delay:-     0.00000000                       
     Required Time:=  1000.00000000                       
      Launch Clock:-   412.70000000                       
       Input Delay:-     0.00000000                       
         Data Path:-  1023.10000000                       
             Slack:=  -435.80000000                       

Exceptions/Constraints:
  input_delay           0.00000000         in_del_1062_1   
  output_delay          0.00000000         ou_del_1806_1   

#-----------------------------------------------------------------------------------------------------------------------------
# Timing Point   Flags   Arc   Edge        Cell          Fanout     Load         Trans        Delay       Arrival    Instance 
#                                                                   (fF)         (ps)         (ps)          (ps)     Location 
#-----------------------------------------------------------------------------------------------------------------------------
  pi1062         <<<     -     R     (arrival)              327 207.60000000 912.70000000   0.00000000  412.70000000    (-,-) 
  u10030/Y       -       A->Y  F     INVx1_ASAP7_75t_R      196 101.70000000 691.50000000 788.80000000 1201.50000000    (-,-) 
  u12289/Y       -       C->Y  F     OA211x2_ASAP7_75t_R      1   0.60000000  34.20000000 188.30000000 1389.80000000    (-,-) 
  u12290/Y       -       B->Y  F     AO21x1_ASAP7_75t_R       1   5.80000000  50.40000000  46.00000000 1435.80000000    (-,-) 
  po489          <<<     -     F     (port)                   -            -            -   0.00000000 1435.80000000    (-,-) 
#-----------------------------------------------------------------------------------------------------------------------------



Path 6: VIOLATED (-435.80000000 ps) Late External Delay Assertion at pin po480
          Group: vclk
     Startpoint: (R) pi1062
          Clock: (R) vclk
       Endpoint: (F) po480
          Clock: (R) vclk

                         Capture             Launch       
        Clock Edge:+  1000.00000000        0.00000000     
        Drv Adjust:+     0.00000000      412.70000000     
       Src Latency:+     0.00000000        0.00000000     
       Net Latency:+     0.00000000 (I)    0.00000000 (I) 
           Arrival:=  1000.00000000      412.70000000     
                                                          
      Output Delay:-     0.00000000                       
     Required Time:=  1000.00000000                       
      Launch Clock:-   412.70000000                       
       Input Delay:-     0.00000000                       
         Data Path:-  1023.10000000                       
             Slack:=  -435.80000000                       

Exceptions/Constraints:
  input_delay           0.00000000         in_del_1062_1   
  output_delay          0.00000000         ou_del_1797_1   

#-----------------------------------------------------------------------------------------------------------------------------
# Timing Point   Flags   Arc   Edge        Cell          Fanout     Load         Trans        Delay       Arrival    Instance 
#                                                                   (fF)         (ps)         (ps)          (ps)     Location 
#-----------------------------------------------------------------------------------------------------------------------------
  pi1062         <<<     -     R     (arrival)              327 207.60000000 912.70000000   0.00000000  412.70000000    (-,-) 
  u10030/Y       -       A->Y  F     INVx1_ASAP7_75t_R      196 101.70000000 691.50000000 788.80000000 1201.50000000    (-,-) 
  u12274/Y       -       C->Y  F     OA211x2_ASAP7_75t_R      1   0.60000000  34.20000000 188.30000000 1389.80000000    (-,-) 
  u12275/Y       -       B->Y  F     AO21x1_ASAP7_75t_R       1   5.80000000  50.40000000  46.00000000 1435.80000000    (-,-) 
  po480          <<<     -     F     (port)                   -            -            -   0.00000000 1435.80000000    (-,-) 
#-----------------------------------------------------------------------------------------------------------------------------



Path 7: VIOLATED (-435.80000000 ps) Late External Delay Assertion at pin po459
          Group: vclk
     Startpoint: (R) pi1062
          Clock: (R) vclk
       Endpoint: (F) po459
          Clock: (R) vclk

                         Capture             Launch       
        Clock Edge:+  1000.00000000        0.00000000     
        Drv Adjust:+     0.00000000      412.70000000     
       Src Latency:+     0.00000000        0.00000000     
       Net Latency:+     0.00000000 (I)    0.00000000 (I) 
           Arrival:=  1000.00000000      412.70000000     
                                                          
      Output Delay:-     0.00000000                       
     Required Time:=  1000.00000000                       
      Launch Clock:-   412.70000000                       
       Input Delay:-     0.00000000                       
         Data Path:-  1023.10000000                       
             Slack:=  -435.80000000                       

Exceptions/Constraints:
  input_delay           0.00000000         in_del_1062_1   
  output_delay          0.00000000         ou_del_1776_1   

#-----------------------------------------------------------------------------------------------------------------------------
# Timing Point   Flags   Arc   Edge        Cell          Fanout     Load         Trans        Delay       Arrival    Instance 
#                                                                   (fF)         (ps)         (ps)          (ps)     Location 
#-----------------------------------------------------------------------------------------------------------------------------
  pi1062         <<<     -     R     (arrival)              327 207.60000000 912.70000000   0.00000000  412.70000000    (-,-) 
  u10030/Y       -       A->Y  F     INVx1_ASAP7_75t_R      196 101.70000000 691.50000000 788.80000000 1201.50000000    (-,-) 
  u12251/Y       -       C->Y  F     OA211x2_ASAP7_75t_R      1   0.60000000  34.20000000 188.30000000 1389.80000000    (-,-) 
  u12252/Y       -       B->Y  F     AO21x1_ASAP7_75t_R       1   5.80000000  50.40000000  46.00000000 1435.80000000    (-,-) 
  po459          <<<     -     F     (port)                   -            -            -   0.00000000 1435.80000000    (-,-) 
#-----------------------------------------------------------------------------------------------------------------------------



Path 8: VIOLATED (-435.80000000 ps) Late External Delay Assertion at pin po440
          Group: vclk
     Startpoint: (R) pi1062
          Clock: (R) vclk
       Endpoint: (F) po440
          Clock: (R) vclk

                         Capture             Launch       
        Clock Edge:+  1000.00000000        0.00000000     
        Drv Adjust:+     0.00000000      412.70000000     
       Src Latency:+     0.00000000        0.00000000     
       Net Latency:+     0.00000000 (I)    0.00000000 (I) 
           Arrival:=  1000.00000000      412.70000000     
                                                          
      Output Delay:-     0.00000000                       
     Required Time:=  1000.00000000                       
      Launch Clock:-   412.70000000                       
       Input Delay:-     0.00000000                       
         Data Path:-  1023.10000000                       
             Slack:=  -435.80000000                       

Exceptions/Constraints:
  input_delay           0.00000000         in_del_1062_1   
  output_delay          0.00000000         ou_del_1757_1   

#-----------------------------------------------------------------------------------------------------------------------------
# Timing Point   Flags   Arc   Edge        Cell          Fanout     Load         Trans        Delay       Arrival    Instance 
#                                                                   (fF)         (ps)         (ps)          (ps)     Location 
#-----------------------------------------------------------------------------------------------------------------------------
  pi1062         <<<     -     R     (arrival)              327 207.60000000 912.70000000   0.00000000  412.70000000    (-,-) 
  u10030/Y       -       A->Y  F     INVx1_ASAP7_75t_R      196 101.70000000 691.50000000 788.80000000 1201.50000000    (-,-) 
  u12227/Y       -       C->Y  F     OA211x2_ASAP7_75t_R      1   0.60000000  34.20000000 188.30000000 1389.80000000    (-,-) 
  u12228/Y       -       B->Y  F     AO21x1_ASAP7_75t_R       1   5.80000000  50.40000000  46.00000000 1435.80000000    (-,-) 
  po440          <<<     -     F     (port)                   -            -            -   0.00000000 1435.80000000    (-,-) 
#-----------------------------------------------------------------------------------------------------------------------------



Path 9: VIOLATED (-435.80000000 ps) Late External Delay Assertion at pin po423
          Group: vclk
     Startpoint: (R) pi1062
          Clock: (R) vclk
       Endpoint: (F) po423
          Clock: (R) vclk

                         Capture             Launch       
        Clock Edge:+  1000.00000000        0.00000000     
        Drv Adjust:+     0.00000000      412.70000000     
       Src Latency:+     0.00000000        0.00000000     
       Net Latency:+     0.00000000 (I)    0.00000000 (I) 
           Arrival:=  1000.00000000      412.70000000     
                                                          
      Output Delay:-     0.00000000                       
     Required Time:=  1000.00000000                       
      Launch Clock:-   412.70000000                       
       Input Delay:-     0.00000000                       
         Data Path:-  1023.10000000                       
             Slack:=  -435.80000000                       

Exceptions/Constraints:
  input_delay           0.00000000         in_del_1062_1   
  output_delay          0.00000000         ou_del_1740_1   

#-----------------------------------------------------------------------------------------------------------------------------
# Timing Point   Flags   Arc   Edge        Cell          Fanout     Load         Trans        Delay       Arrival    Instance 
#                                                                   (fF)         (ps)         (ps)          (ps)     Location 
#-----------------------------------------------------------------------------------------------------------------------------
  pi1062         <<<     -     R     (arrival)              327 207.60000000 912.70000000   0.00000000  412.70000000    (-,-) 
  u10030/Y       -       A->Y  F     INVx1_ASAP7_75t_R      196 101.70000000 691.50000000 788.80000000 1201.50000000    (-,-) 
  u12205/Y       -       C->Y  F     OA211x2_ASAP7_75t_R      1   0.60000000  34.20000000 188.30000000 1389.80000000    (-,-) 
  u12206/Y       -       B->Y  F     AO21x1_ASAP7_75t_R       1   5.80000000  50.40000000  46.00000000 1435.80000000    (-,-) 
  po423          <<<     -     F     (port)                   -            -            -   0.00000000 1435.80000000    (-,-) 
#-----------------------------------------------------------------------------------------------------------------------------



Path 10: VIOLATED (-435.80000000 ps) Late External Delay Assertion at pin po422
          Group: vclk
     Startpoint: (R) pi1062
          Clock: (R) vclk
       Endpoint: (F) po422
          Clock: (R) vclk

                         Capture             Launch       
        Clock Edge:+  1000.00000000        0.00000000     
        Drv Adjust:+     0.00000000      412.70000000     
       Src Latency:+     0.00000000        0.00000000     
       Net Latency:+     0.00000000 (I)    0.00000000 (I) 
           Arrival:=  1000.00000000      412.70000000     
                                                          
      Output Delay:-     0.00000000                       
     Required Time:=  1000.00000000                       
      Launch Clock:-   412.70000000                       
       Input Delay:-     0.00000000                       
         Data Path:-  1023.10000000                       
             Slack:=  -435.80000000                       

Exceptions/Constraints:
  input_delay           0.00000000         in_del_1062_1   
  output_delay          0.00000000         ou_del_1739_1   

#-----------------------------------------------------------------------------------------------------------------------------
# Timing Point   Flags   Arc   Edge        Cell          Fanout     Load         Trans        Delay       Arrival    Instance 
#                                                                   (fF)         (ps)         (ps)          (ps)     Location 
#-----------------------------------------------------------------------------------------------------------------------------
  pi1062         <<<     -     R     (arrival)              327 207.60000000 912.70000000   0.00000000  412.70000000    (-,-) 
  u10030/Y       -       A->Y  F     INVx1_ASAP7_75t_R      196 101.70000000 691.50000000 788.80000000 1201.50000000    (-,-) 
  u12202/Y       -       C->Y  F     OA211x2_ASAP7_75t_R      1   0.60000000  34.20000000 188.30000000 1389.80000000    (-,-) 
  u12203/Y       -       B->Y  F     AO21x1_ASAP7_75t_R       1   5.80000000  50.40000000  46.00000000 1435.80000000    (-,-) 
  po422          <<<     -     F     (port)                   -            -            -   0.00000000 1435.80000000    (-,-) 
#-----------------------------------------------------------------------------------------------------------------------------

