============================================================
  Generated by:           Genus(TM) Synthesis Solution 23.14-s090_1
  Generated on:           Sep 12 2026  01:33:44 am
  Module:                 simple_spi
  Operating conditions:   PVT_0P7V_25C (balanced_tree)
  Wireload mode:          enclosed
  Area mode:              timing library
============================================================


Path 1: MET (573.90000000 ps) Late External Delay Assertion at pin po69
          Group: vclk
     Startpoint: (F) pi119
          Clock: (R) vclk
       Endpoint: (R) po69
          Clock: (R) vclk

                         Capture            Launch      
        Clock Edge:+  1000.00000000      0.00000000     
        Drv Adjust:+     0.00000000      7.40000000     
       Src Latency:+     0.00000000      0.00000000     
       Net Latency:+     0.00000000 (I)  0.00000000 (I) 
           Arrival:=  1000.00000000      7.40000000     
                                                        
      Output Delay:-     0.00000000                     
     Required Time:=  1000.00000000                     
      Launch Clock:-     7.40000000                     
       Input Delay:-     0.00000000                     
         Data Path:-   418.70000000                     
             Slack:=   573.90000000                     

Exceptions/Constraints:
  input_delay           0.00000000         in_del_965_1    
  output_delay          0.00000000         ou_del_1193_1   

#------------------------------------------------------------------------------------------------------------------------
# Timing Point   Flags   Arc   Edge        Cell          Fanout    Load       Trans       Delay       Arrival   Instance 
#                                                                  (fF)        (ps)        (ps)        (ps)     Location 
#------------------------------------------------------------------------------------------------------------------------
  pi119          <<<     -     F     (arrival)                5 3.60000000 16.70000000  0.00000000   7.40000000    (-,-) 
  u404/Y         -       C->Y  F     OR4x2_ASAP7_75t_R        2 1.60000000 17.80000000 47.70000000  55.10000000    (-,-) 
  u405/Y         -       A->Y  F     OR3x1_ASAP7_75t_R        4 2.70000000 24.90000000 37.80000000  92.90000000    (-,-) 
  u406/Y         -       A->Y  F     OR3x1_ASAP7_75t_R        3 2.10000000 21.20000000 37.30000000 130.20000000    (-,-) 
  u407/Y         -       A->Y  F     OR3x1_ASAP7_75t_R        3 1.90000000 19.80000000 35.40000000 165.60000000    (-,-) 
  u408/Y         -       A->Y  F     OR3x1_ASAP7_75t_R       14 7.50000000 55.70000000 55.20000000 220.80000000    (-,-) 
  u447/Y         -       A->Y  F     AND3x1_ASAP7_75t_R      15 8.70000000 60.80000000 53.00000000 273.80000000    (-,-) 
  u524/Y         -       A->Y  R     INVx1_ASAP7_75t_R        4 2.30000000 35.00000000 29.90000000 303.70000000    (-,-) 
  u525/Y         -       A->Y  R     AND3x1_ASAP7_75t_R       2 1.10000000 16.60000000 31.70000000 335.40000000    (-,-) 
  u526/Y         -       B->Y  R     AO21x1_ASAP7_75t_R       2 1.20000000 15.50000000 19.50000000 354.90000000    (-,-) 
  u527/Y         -       A->Y  F     INVx1_ASAP7_75t_R        1 0.40000000  7.30000000  7.70000000 362.60000000    (-,-) 
  u532/Y         -       B->Y  F     OA211x2_ASAP7_75t_R      1 0.60000000 12.80000000 33.60000000 396.20000000    (-,-) 
  u533/Y         -       A->Y  R     INVx1_ASAP7_75t_R        1 5.80000000 52.90000000 29.90000000 426.10000000    (-,-) 
  po69           <<<     -     R     (port)                   -          -           -  0.00000000 426.10000000    (-,-) 
#------------------------------------------------------------------------------------------------------------------------



Path 2: MET (607.30000000 ps) Late External Delay Assertion at pin po76
          Group: vclk
     Startpoint: (F) pi119
          Clock: (R) vclk
       Endpoint: (R) po76
          Clock: (R) vclk

                         Capture            Launch      
        Clock Edge:+  1000.00000000      0.00000000     
        Drv Adjust:+     0.00000000      7.40000000     
       Src Latency:+     0.00000000      0.00000000     
       Net Latency:+     0.00000000 (I)  0.00000000 (I) 
           Arrival:=  1000.00000000      7.40000000     
                                                        
      Output Delay:-     0.00000000                     
     Required Time:=  1000.00000000                     
      Launch Clock:-     7.40000000                     
       Input Delay:-     0.00000000                     
         Data Path:-   385.30000000                     
             Slack:=   607.30000000                     

Exceptions/Constraints:
  input_delay           0.00000000         in_del_965_1    
  output_delay          0.00000000         ou_del_1200_1   

#-----------------------------------------------------------------------------------------------------------------------
# Timing Point   Flags   Arc   Edge        Cell         Fanout    Load       Trans       Delay       Arrival   Instance 
#                                                                 (fF)        (ps)        (ps)        (ps)     Location 
#-----------------------------------------------------------------------------------------------------------------------
  pi119          <<<     -     F     (arrival)               5 3.60000000 16.70000000  0.00000000   7.40000000    (-,-) 
  u404/Y         -       C->Y  F     OR4x2_ASAP7_75t_R       2 1.60000000 17.80000000 47.70000000  55.10000000    (-,-) 
  u405/Y         -       A->Y  F     OR3x1_ASAP7_75t_R       4 2.70000000 24.90000000 37.80000000  92.90000000    (-,-) 
  u406/Y         -       A->Y  F     OR3x1_ASAP7_75t_R       3 2.10000000 21.20000000 37.30000000 130.20000000    (-,-) 
  u407/Y         -       A->Y  F     OR3x1_ASAP7_75t_R       3 1.90000000 19.80000000 35.40000000 165.60000000    (-,-) 
  u408/Y         -       A->Y  F     OR3x1_ASAP7_75t_R      14 7.50000000 55.70000000 55.20000000 220.80000000    (-,-) 
  u447/Y         -       A->Y  F     AND3x1_ASAP7_75t_R     15 8.70000000 60.80000000 53.00000000 273.80000000    (-,-) 
  u524/Y         -       A->Y  R     INVx1_ASAP7_75t_R       4 2.30000000 35.00000000 29.90000000 303.70000000    (-,-) 
  u525/Y         -       A->Y  R     AND3x1_ASAP7_75t_R      2 1.10000000 16.60000000 31.70000000 335.40000000    (-,-) 
  u526/Y         -       B->Y  R     AO21x1_ASAP7_75t_R      2 1.20000000 15.50000000 19.50000000 354.90000000    (-,-) 
  u554/Y         -       B->Y  R     AO21x1_ASAP7_75t_R      1 5.80000000 54.80000000 37.80000000 392.70000000    (-,-) 
  po76           <<<     -     R     (port)                  -          -           -  0.00000000 392.70000000    (-,-) 
#-----------------------------------------------------------------------------------------------------------------------



Path 3: MET (618.10000000 ps) Late External Delay Assertion at pin po54
          Group: vclk
     Startpoint: (F) pi119
          Clock: (R) vclk
       Endpoint: (F) po54
          Clock: (R) vclk

                         Capture            Launch      
        Clock Edge:+  1000.00000000      0.00000000     
        Drv Adjust:+     0.00000000      7.40000000     
       Src Latency:+     0.00000000      0.00000000     
       Net Latency:+     0.00000000 (I)  0.00000000 (I) 
           Arrival:=  1000.00000000      7.40000000     
                                                        
      Output Delay:-     0.00000000                     
     Required Time:=  1000.00000000                     
      Launch Clock:-     7.40000000                     
       Input Delay:-     0.00000000                     
         Data Path:-   374.50000000                     
             Slack:=   618.10000000                     

Exceptions/Constraints:
  input_delay           0.00000000         in_del_965_1    
  output_delay          0.00000000         ou_del_1178_1   

#------------------------------------------------------------------------------------------------------------------------
# Timing Point   Flags   Arc   Edge        Cell          Fanout    Load       Trans       Delay       Arrival   Instance 
#                                                                  (fF)        (ps)        (ps)        (ps)     Location 
#------------------------------------------------------------------------------------------------------------------------
  pi119          <<<     -     F     (arrival)                5 3.60000000 16.70000000  0.00000000   7.40000000    (-,-) 
  u404/Y         -       C->Y  F     OR4x2_ASAP7_75t_R        2 1.60000000 17.80000000 47.70000000  55.10000000    (-,-) 
  u405/Y         -       A->Y  F     OR3x1_ASAP7_75t_R        4 2.70000000 24.90000000 37.80000000  92.90000000    (-,-) 
  u406/Y         -       A->Y  F     OR3x1_ASAP7_75t_R        3 2.10000000 21.20000000 37.30000000 130.20000000    (-,-) 
  u407/Y         -       A->Y  F     OR3x1_ASAP7_75t_R        3 1.90000000 19.80000000 35.40000000 165.60000000    (-,-) 
  u408/Y         -       A->Y  F     OR3x1_ASAP7_75t_R       14 7.50000000 55.70000000 55.20000000 220.80000000    (-,-) 
  u425/Y         -       A->Y  R     INVx1_ASAP7_75t_R       10 5.10000000 55.00000000 42.50000000 263.30000000    (-,-) 
  u431/Y         -       A->Y  R     AND4x2_ASAP7_75t_R       2 6.40000000 39.40000000 59.50000000 322.80000000    (-,-) 
  u432/Y         -       A->Y  F     INVx1_ASAP7_75t_R        1 0.40000000 12.00000000 11.10000000 333.90000000    (-,-) 
  u433/Y         -       B->Y  F     OA211x2_ASAP7_75t_R      1 5.80000000 30.40000000 48.00000000 381.90000000    (-,-) 
  po54           <<<     -     F     (port)                   -          -           -  0.00000000 381.90000000    (-,-) 
#------------------------------------------------------------------------------------------------------------------------



Path 4: MET (622.60000000 ps) Late External Delay Assertion at pin po71
          Group: vclk
     Startpoint: (F) pi119
          Clock: (R) vclk
       Endpoint: (R) po71
          Clock: (R) vclk

                         Capture            Launch      
        Clock Edge:+  1000.00000000      0.00000000     
        Drv Adjust:+     0.00000000      7.40000000     
       Src Latency:+     0.00000000      0.00000000     
       Net Latency:+     0.00000000 (I)  0.00000000 (I) 
           Arrival:=  1000.00000000      7.40000000     
                                                        
      Output Delay:-     0.00000000                     
     Required Time:=  1000.00000000                     
      Launch Clock:-     7.40000000                     
       Input Delay:-     0.00000000                     
         Data Path:-   370.00000000                     
             Slack:=   622.60000000                     

Exceptions/Constraints:
  input_delay           0.00000000         in_del_965_1    
  output_delay          0.00000000         ou_del_1195_1   

#------------------------------------------------------------------------------------------------------------------------
# Timing Point   Flags   Arc   Edge        Cell          Fanout    Load       Trans       Delay       Arrival   Instance 
#                                                                  (fF)        (ps)        (ps)        (ps)     Location 
#------------------------------------------------------------------------------------------------------------------------
  pi119          <<<     -     F     (arrival)                5 3.60000000 16.70000000  0.00000000   7.40000000    (-,-) 
  u404/Y         -       C->Y  F     OR4x2_ASAP7_75t_R        2 1.60000000 17.80000000 47.70000000  55.10000000    (-,-) 
  u405/Y         -       A->Y  F     OR3x1_ASAP7_75t_R        4 2.70000000 24.90000000 37.80000000  92.90000000    (-,-) 
  u406/Y         -       A->Y  F     OR3x1_ASAP7_75t_R        3 2.10000000 21.20000000 37.30000000 130.20000000    (-,-) 
  u407/Y         -       A->Y  F     OR3x1_ASAP7_75t_R        3 1.90000000 19.80000000 35.40000000 165.60000000    (-,-) 
  u408/Y         -       A->Y  F     OR3x1_ASAP7_75t_R       14 7.50000000 55.70000000 55.20000000 220.80000000    (-,-) 
  u447/Y         -       A->Y  F     AND3x1_ASAP7_75t_R      15 8.70000000 60.80000000 53.00000000 273.80000000    (-,-) 
  u524/Y         -       A->Y  R     INVx1_ASAP7_75t_R        4 2.30000000 35.00000000 29.90000000 303.70000000    (-,-) 
  u525/Y         -       A->Y  R     AND3x1_ASAP7_75t_R       2 1.10000000 16.60000000 31.70000000 335.40000000    (-,-) 
  u539/Y         -       B2->Y R     AO221x2_ASAP7_75t_R      1 5.80000000 34.50000000 42.00000000 377.40000000    (-,-) 
  po71           <<<     -     R     (port)                   -          -           -  0.00000000 377.40000000    (-,-) 
#------------------------------------------------------------------------------------------------------------------------



Path 5: MET (628.30000000 ps) Late External Delay Assertion at pin po57
          Group: vclk
     Startpoint: (F) pi119
          Clock: (R) vclk
       Endpoint: (R) po57
          Clock: (R) vclk

                         Capture            Launch      
        Clock Edge:+  1000.00000000      0.00000000     
        Drv Adjust:+     0.00000000      7.40000000     
       Src Latency:+     0.00000000      0.00000000     
       Net Latency:+     0.00000000 (I)  0.00000000 (I) 
           Arrival:=  1000.00000000      7.40000000     
                                                        
      Output Delay:-     0.00000000                     
     Required Time:=  1000.00000000                     
      Launch Clock:-     7.40000000                     
       Input Delay:-     0.00000000                     
         Data Path:-   364.30000000                     
             Slack:=   628.30000000                     

Exceptions/Constraints:
  input_delay           0.00000000         in_del_965_1    
  output_delay          0.00000000         ou_del_1181_1   

#-----------------------------------------------------------------------------------------------------------------------
# Timing Point   Flags   Arc   Edge        Cell         Fanout    Load       Trans       Delay       Arrival   Instance 
#                                                                 (fF)        (ps)        (ps)        (ps)     Location 
#-----------------------------------------------------------------------------------------------------------------------
  pi119          <<<     -     F     (arrival)               5 3.60000000 16.70000000  0.00000000   7.40000000    (-,-) 
  u404/Y         -       C->Y  F     OR4x2_ASAP7_75t_R       2 1.60000000 17.80000000 47.70000000  55.10000000    (-,-) 
  u405/Y         -       A->Y  F     OR3x1_ASAP7_75t_R       4 2.70000000 24.90000000 37.80000000  92.90000000    (-,-) 
  u406/Y         -       A->Y  F     OR3x1_ASAP7_75t_R       3 2.10000000 21.20000000 37.30000000 130.20000000    (-,-) 
  u407/Y         -       A->Y  F     OR3x1_ASAP7_75t_R       3 1.90000000 19.80000000 35.40000000 165.60000000    (-,-) 
  u408/Y         -       A->Y  F     OR3x1_ASAP7_75t_R      14 7.50000000 55.70000000 55.20000000 220.80000000    (-,-) 
  u447/Y         -       A->Y  F     AND3x1_ASAP7_75t_R     15 8.70000000 60.80000000 53.00000000 273.80000000    (-,-) 
  u448/Y         -       B->Y  R     NOR2x1_ASAP7_75t_R      6 2.90000000 40.80000000 32.30000000 306.10000000    (-,-) 
  u451/Y         -       A1->Y R     AO22x1_ASAP7_75t_R      1 0.60000000 13.60000000 28.40000000 334.50000000    (-,-) 
  u452/Y         -       B->Y  R     AO21x1_ASAP7_75t_R      1 5.80000000 54.40000000 37.20000000 371.70000000    (-,-) 
  po57           <<<     -     R     (port)                  -          -           -  0.00000000 371.70000000    (-,-) 
#-----------------------------------------------------------------------------------------------------------------------



Path 6: MET (634.30000000 ps) Late External Delay Assertion at pin po56
          Group: vclk
     Startpoint: (F) pi119
          Clock: (R) vclk
       Endpoint: (R) po56
          Clock: (R) vclk

                         Capture            Launch      
        Clock Edge:+  1000.00000000      0.00000000     
        Drv Adjust:+     0.00000000      7.40000000     
       Src Latency:+     0.00000000      0.00000000     
       Net Latency:+     0.00000000 (I)  0.00000000 (I) 
           Arrival:=  1000.00000000      7.40000000     
                                                        
      Output Delay:-     0.00000000                     
     Required Time:=  1000.00000000                     
      Launch Clock:-     7.40000000                     
       Input Delay:-     0.00000000                     
         Data Path:-   358.30000000                     
             Slack:=   634.30000000                     

Exceptions/Constraints:
  input_delay           0.00000000         in_del_965_1    
  output_delay          0.00000000         ou_del_1180_1   

#------------------------------------------------------------------------------------------------------------------------
# Timing Point   Flags   Arc   Edge        Cell          Fanout    Load       Trans       Delay       Arrival   Instance 
#                                                                  (fF)        (ps)        (ps)        (ps)     Location 
#------------------------------------------------------------------------------------------------------------------------
  pi119          <<<     -     F     (arrival)                5 3.60000000 16.70000000  0.00000000   7.40000000    (-,-) 
  u404/Y         -       C->Y  F     OR4x2_ASAP7_75t_R        2 1.60000000 17.80000000 47.70000000  55.10000000    (-,-) 
  u405/Y         -       A->Y  F     OR3x1_ASAP7_75t_R        4 2.70000000 24.90000000 37.80000000  92.90000000    (-,-) 
  u406/Y         -       A->Y  F     OR3x1_ASAP7_75t_R        3 2.10000000 21.20000000 37.30000000 130.20000000    (-,-) 
  u407/Y         -       A->Y  F     OR3x1_ASAP7_75t_R        3 1.90000000 19.80000000 35.40000000 165.60000000    (-,-) 
  u408/Y         -       A->Y  F     OR3x1_ASAP7_75t_R       14 7.50000000 55.70000000 55.20000000 220.80000000    (-,-) 
  u435/Y         -       A->Y  F     OR3x1_ASAP7_75t_R        4 2.30000000 23.40000000 45.60000000 266.40000000    (-,-) 
  u441/Y         -       C->Y  F     OR3x1_ASAP7_75t_R        2 1.10000000 14.60000000 33.70000000 300.10000000    (-,-) 
  u442/Y         -       A->Y  R     INVx1_ASAP7_75t_R        2 1.10000000 14.00000000 11.80000000 311.90000000    (-,-) 
  u443/Y         -       A->Y  R     OR3x1_ASAP7_75t_R        1 0.40000000  8.90000000 14.80000000 326.70000000    (-,-) 
  u444/Y         -       B->Y  R     OA211x2_ASAP7_75t_R      1 5.80000000 33.90000000 39.00000000 365.70000000    (-,-) 
  po56           <<<     -     R     (port)                   -          -           -  0.00000000 365.70000000    (-,-) 
#------------------------------------------------------------------------------------------------------------------------



Path 7: MET (636.20000000 ps) Late External Delay Assertion at pin po74
          Group: vclk
     Startpoint: (F) pi119
          Clock: (R) vclk
       Endpoint: (F) po74
          Clock: (R) vclk

                         Capture            Launch      
        Clock Edge:+  1000.00000000      0.00000000     
        Drv Adjust:+     0.00000000      7.40000000     
       Src Latency:+     0.00000000      0.00000000     
       Net Latency:+     0.00000000 (I)  0.00000000 (I) 
           Arrival:=  1000.00000000      7.40000000     
                                                        
      Output Delay:-     0.00000000                     
     Required Time:=  1000.00000000                     
      Launch Clock:-     7.40000000                     
       Input Delay:-     0.00000000                     
         Data Path:-   356.40000000                     
             Slack:=   636.20000000                     

Exceptions/Constraints:
  input_delay           0.00000000         in_del_965_1    
  output_delay          0.00000000         ou_del_1198_1   

#-----------------------------------------------------------------------------------------------------------------------
# Timing Point   Flags   Arc   Edge        Cell         Fanout    Load       Trans       Delay       Arrival   Instance 
#                                                                 (fF)        (ps)        (ps)        (ps)     Location 
#-----------------------------------------------------------------------------------------------------------------------
  pi119          <<<     -     F     (arrival)               5 3.60000000 16.70000000  0.00000000   7.40000000    (-,-) 
  u404/Y         -       C->Y  F     OR4x2_ASAP7_75t_R       2 1.60000000 17.80000000 47.70000000  55.10000000    (-,-) 
  u405/Y         -       A->Y  F     OR3x1_ASAP7_75t_R       4 2.70000000 24.90000000 37.80000000  92.90000000    (-,-) 
  u406/Y         -       A->Y  F     OR3x1_ASAP7_75t_R       3 2.10000000 21.20000000 37.30000000 130.20000000    (-,-) 
  u407/Y         -       A->Y  F     OR3x1_ASAP7_75t_R       3 1.90000000 19.80000000 35.40000000 165.60000000    (-,-) 
  u408/Y         -       A->Y  F     OR3x1_ASAP7_75t_R      14 7.50000000 55.70000000 55.20000000 220.80000000    (-,-) 
  u447/Y         -       A->Y  F     AND3x1_ASAP7_75t_R     15 8.70000000 60.80000000 53.00000000 273.80000000    (-,-) 
  u547/Y         -       D->Y  F     OR4x2_ASAP7_75t_R       2 1.20000000 16.70000000 53.90000000 327.70000000    (-,-) 
  u549/Y         -       A1->Y F     OA21x2_ASAP7_75t_R      1 5.80000000 25.60000000 36.10000000 363.80000000    (-,-) 
  po74           <<<     -     F     (port)                  -          -           -  0.00000000 363.80000000    (-,-) 
#-----------------------------------------------------------------------------------------------------------------------



Path 8: MET (641.00000000 ps) Late External Delay Assertion at pin po67
          Group: vclk
     Startpoint: (F) pi119
          Clock: (R) vclk
       Endpoint: (R) po67
          Clock: (R) vclk

                         Capture            Launch      
        Clock Edge:+  1000.00000000      0.00000000     
        Drv Adjust:+     0.00000000      7.40000000     
       Src Latency:+     0.00000000      0.00000000     
       Net Latency:+     0.00000000 (I)  0.00000000 (I) 
           Arrival:=  1000.00000000      7.40000000     
                                                        
      Output Delay:-     0.00000000                     
     Required Time:=  1000.00000000                     
      Launch Clock:-     7.40000000                     
       Input Delay:-     0.00000000                     
         Data Path:-   351.60000000                     
             Slack:=   641.00000000                     

Exceptions/Constraints:
  input_delay           0.00000000         in_del_965_1    
  output_delay          0.00000000         ou_del_1191_1   

#-----------------------------------------------------------------------------------------------------------------------
# Timing Point   Flags   Arc   Edge        Cell         Fanout    Load       Trans       Delay       Arrival   Instance 
#                                                                 (fF)        (ps)        (ps)        (ps)     Location 
#-----------------------------------------------------------------------------------------------------------------------
  pi119          <<<     -     F     (arrival)               5 3.60000000 16.70000000  0.00000000   7.40000000    (-,-) 
  u404/Y         -       C->Y  F     OR4x2_ASAP7_75t_R       2 1.60000000 17.80000000 47.70000000  55.10000000    (-,-) 
  u405/Y         -       A->Y  F     OR3x1_ASAP7_75t_R       4 2.70000000 24.90000000 37.80000000  92.90000000    (-,-) 
  u406/Y         -       A->Y  F     OR3x1_ASAP7_75t_R       3 2.10000000 21.20000000 37.30000000 130.20000000    (-,-) 
  u407/Y         -       A->Y  F     OR3x1_ASAP7_75t_R       3 1.90000000 19.80000000 35.40000000 165.60000000    (-,-) 
  u408/Y         -       A->Y  F     OR3x1_ASAP7_75t_R      14 7.50000000 55.70000000 55.20000000 220.80000000    (-,-) 
  u447/Y         -       A->Y  F     AND3x1_ASAP7_75t_R     15 8.70000000 60.80000000 53.00000000 273.80000000    (-,-) 
  u448/Y         -       B->Y  R     NOR2x1_ASAP7_75t_R      6 2.90000000 40.80000000 32.30000000 306.10000000    (-,-) 
  u518/Y         -       A2->Y R     AO32x1_ASAP7_75t_R      1 5.80000000 56.80000000 52.90000000 359.00000000    (-,-) 
  po67           <<<     -     R     (port)                  -          -           -  0.00000000 359.00000000    (-,-) 
#-----------------------------------------------------------------------------------------------------------------------



Path 9: MET (641.40000000 ps) Late External Delay Assertion at pin po66
          Group: vclk
     Startpoint: (F) pi119
          Clock: (R) vclk
       Endpoint: (R) po66
          Clock: (R) vclk

                         Capture            Launch      
        Clock Edge:+  1000.00000000      0.00000000     
        Drv Adjust:+     0.00000000      7.40000000     
       Src Latency:+     0.00000000      0.00000000     
       Net Latency:+     0.00000000 (I)  0.00000000 (I) 
           Arrival:=  1000.00000000      7.40000000     
                                                        
      Output Delay:-     0.00000000                     
     Required Time:=  1000.00000000                     
      Launch Clock:-     7.40000000                     
       Input Delay:-     0.00000000                     
         Data Path:-   351.20000000                     
             Slack:=   641.40000000                     

Exceptions/Constraints:
  input_delay           0.00000000         in_del_965_1    
  output_delay          0.00000000         ou_del_1190_1   

#------------------------------------------------------------------------------------------------------------------------
# Timing Point   Flags   Arc   Edge        Cell          Fanout    Load       Trans       Delay       Arrival   Instance 
#                                                                  (fF)        (ps)        (ps)        (ps)     Location 
#------------------------------------------------------------------------------------------------------------------------
  pi119          <<<     -     F     (arrival)                5 3.60000000 16.70000000  0.00000000   7.40000000    (-,-) 
  u404/Y         -       C->Y  F     OR4x2_ASAP7_75t_R        2 1.60000000 17.80000000 47.70000000  55.10000000    (-,-) 
  u405/Y         -       A->Y  F     OR3x1_ASAP7_75t_R        4 2.70000000 24.90000000 37.80000000  92.90000000    (-,-) 
  u406/Y         -       A->Y  F     OR3x1_ASAP7_75t_R        3 2.10000000 21.20000000 37.30000000 130.20000000    (-,-) 
  u407/Y         -       A->Y  F     OR3x1_ASAP7_75t_R        3 1.90000000 19.80000000 35.40000000 165.60000000    (-,-) 
  u408/Y         -       A->Y  F     OR3x1_ASAP7_75t_R       14 7.50000000 55.70000000 55.20000000 220.80000000    (-,-) 
  u425/Y         -       A->Y  R     INVx1_ASAP7_75t_R       10 5.10000000 55.00000000 42.50000000 263.30000000    (-,-) 
  u510/Y         -       B->Y  R     OR2x4_ASAP7_75t_R        1 0.40000000 10.00000000 36.70000000 300.00000000    (-,-) 
  u511/Y         -       B->Y  R     OA211x2_ASAP7_75t_R      1 0.50000000 11.70000000 25.40000000 325.40000000    (-,-) 
  u516/Y         -       A1->Y R     OA21x2_ASAP7_75t_R       1 5.80000000 31.80000000 33.20000000 358.60000000    (-,-) 
  po66           <<<     -     R     (port)                   -          -           -  0.00000000 358.60000000    (-,-) 
#------------------------------------------------------------------------------------------------------------------------



Path 10: MET (641.40000000 ps) Late External Delay Assertion at pin po65
          Group: vclk
     Startpoint: (F) pi119
          Clock: (R) vclk
       Endpoint: (R) po65
          Clock: (R) vclk

                         Capture            Launch      
        Clock Edge:+  1000.00000000      0.00000000     
        Drv Adjust:+     0.00000000      7.40000000     
       Src Latency:+     0.00000000      0.00000000     
       Net Latency:+     0.00000000 (I)  0.00000000 (I) 
           Arrival:=  1000.00000000      7.40000000     
                                                        
      Output Delay:-     0.00000000                     
     Required Time:=  1000.00000000                     
      Launch Clock:-     7.40000000                     
       Input Delay:-     0.00000000                     
         Data Path:-   351.20000000                     
             Slack:=   641.40000000                     

Exceptions/Constraints:
  input_delay           0.00000000         in_del_965_1    
  output_delay          0.00000000         ou_del_1189_1   

#------------------------------------------------------------------------------------------------------------------------
# Timing Point   Flags   Arc   Edge        Cell          Fanout    Load       Trans       Delay       Arrival   Instance 
#                                                                  (fF)        (ps)        (ps)        (ps)     Location 
#------------------------------------------------------------------------------------------------------------------------
  pi119          <<<     -     F     (arrival)                5 3.60000000 16.70000000  0.00000000   7.40000000    (-,-) 
  u404/Y         -       C->Y  F     OR4x2_ASAP7_75t_R        2 1.60000000 17.80000000 47.70000000  55.10000000    (-,-) 
  u405/Y         -       A->Y  F     OR3x1_ASAP7_75t_R        4 2.70000000 24.90000000 37.80000000  92.90000000    (-,-) 
  u406/Y         -       A->Y  F     OR3x1_ASAP7_75t_R        3 2.10000000 21.20000000 37.30000000 130.20000000    (-,-) 
  u407/Y         -       A->Y  F     OR3x1_ASAP7_75t_R        3 1.90000000 19.80000000 35.40000000 165.60000000    (-,-) 
  u408/Y         -       A->Y  F     OR3x1_ASAP7_75t_R       14 7.50000000 55.70000000 55.20000000 220.80000000    (-,-) 
  u425/Y         -       A->Y  R     INVx1_ASAP7_75t_R       10 5.10000000 55.00000000 42.50000000 263.30000000    (-,-) 
  u503/Y         -       B->Y  R     OR2x4_ASAP7_75t_R        1 0.40000000 10.00000000 36.70000000 300.00000000    (-,-) 
  u504/Y         -       B->Y  R     OA211x2_ASAP7_75t_R      1 0.50000000 11.70000000 25.40000000 325.40000000    (-,-) 
  u509/Y         -       A1->Y R     OA21x2_ASAP7_75t_R       1 5.80000000 31.80000000 33.20000000 358.60000000    (-,-) 
  po65           <<<     -     R     (port)                   -          -           -  0.00000000 358.60000000    (-,-) 
#------------------------------------------------------------------------------------------------------------------------

