============================================================
  Generated by:           Genus(TM) Synthesis Solution 23.14-s090_1
  Generated on:           Sep 13 2026  11:36:18 am
  Module:                 RISC
  Operating conditions:   PVT_0P7V_25C (balanced_tree)
  Wireload mode:          enclosed
  Area mode:              timing library
============================================================


Path 1: VIOLATED (-6923.30000000 ps) Late External Delay Assertion at pin po2999
          Group: vclk
     Startpoint: (F) pi14311
          Clock: (R) vclk
       Endpoint: (F) po2999
          Clock: (R) vclk

                         Capture            Launch      
        Clock Edge:+  1000.00000000      0.00000000     
        Drv Adjust:+     0.00000000      2.40000000     
       Src Latency:+     0.00000000      0.00000000     
       Net Latency:+     0.00000000 (I)  0.00000000 (I) 
           Arrival:=  1000.00000000      2.40000000     
                                                        
      Output Delay:-     0.00000000                     
     Required Time:=  1000.00000000                     
      Launch Clock:-     2.40000000                     
       Input Delay:-     0.00000000                     
         Data Path:-  7920.90000000                     
             Slack:= -6923.30000000                     

Exceptions/Constraints:
  input_delay           0.00000000         in_del_2058_5   
  output_delay          0.00000000         ou_del_6422_5   

#-------------------------------------------------------------------------------------------------------------------------------
# Timing Point   Flags   Arc   Edge        Cell          Fanout     Load         Trans         Delay        Arrival    Instance 
#                                                                   (fF)          (ps)          (ps)          (ps)     Location 
#-------------------------------------------------------------------------------------------------------------------------------
  pi14311        <<<     -     F     (arrival)                2   1.10000000    8.40000000    0.00000000    2.40000000    (-,-) 
  u15859/Y       -       D->Y  F     OR5x1_ASAP7_75t_R       22  13.50000000   99.50000000   96.20000000   98.60000000    (-,-) 
  u22968/Y       -       A->Y  R     NOR2x1_ASAP7_75t_R     599 456.90000000 3798.60000000 1811.70000000 1910.30000000    (-,-) 
  u23116/Y       -       A->Y  F     INVx1_ASAP7_75t_R      577 345.00000000    0.00000000 5720.20000000 7630.50000000    (-,-) 
  u33669/Y       -       A1->Y F     AO21x1_ASAP7_75t_R      18  14.10000000   97.60000000   63.30000000 7693.80000000    (-,-) 
  u33673/Y       -       A->Y  R     NAND2x1_ASAP7_75t_R      3   1.70000000   41.60000000   39.50000000 7733.30000000    (-,-) 
  u33674/Y       -       A->Y  F     INVx1_ASAP7_75t_R       20  15.90000000  109.10000000   68.30000000 7801.60000000    (-,-) 
  u34149/Y       -       B->Y  F     AO21x1_ASAP7_75t_R       1   0.60000000   14.80000000   37.90000000 7839.50000000    (-,-) 
  u34150/Y       -       B->Y  F     AO21x1_ASAP7_75t_R       1   0.50000000   11.40000000   22.40000000 7861.90000000    (-,-) 
  u34151/Y       -       A3->Y F     AO32x1_ASAP7_75t_R       1   0.50000000   11.50000000   30.60000000 7892.50000000    (-,-) 
  u34152/Y       -       A->Y  F     AND2x2_ASAP7_75t_R       1   5.80000000   27.20000000   30.80000000 7923.30000000    (-,-) 
  po2999         <<<     -     F     (port)                   -            -             -    0.00000000 7923.30000000    (-,-) 
#-------------------------------------------------------------------------------------------------------------------------------



Path 2: VIOLATED (-6923.30000000 ps) Late External Delay Assertion at pin po2998
          Group: vclk
     Startpoint: (F) pi14311
          Clock: (R) vclk
       Endpoint: (F) po2998
          Clock: (R) vclk

                         Capture            Launch      
        Clock Edge:+  1000.00000000      0.00000000     
        Drv Adjust:+     0.00000000      2.40000000     
       Src Latency:+     0.00000000      0.00000000     
       Net Latency:+     0.00000000 (I)  0.00000000 (I) 
           Arrival:=  1000.00000000      2.40000000     
                                                        
      Output Delay:-     0.00000000                     
     Required Time:=  1000.00000000                     
      Launch Clock:-     2.40000000                     
       Input Delay:-     0.00000000                     
         Data Path:-  7920.90000000                     
             Slack:= -6923.30000000                     

Exceptions/Constraints:
  input_delay           0.00000000         in_del_2058_5   
  output_delay          0.00000000         ou_del_6421_5   

#-------------------------------------------------------------------------------------------------------------------------------
# Timing Point   Flags   Arc   Edge        Cell          Fanout     Load         Trans         Delay        Arrival    Instance 
#                                                                   (fF)          (ps)          (ps)          (ps)     Location 
#-------------------------------------------------------------------------------------------------------------------------------
  pi14311        <<<     -     F     (arrival)                2   1.10000000    8.40000000    0.00000000    2.40000000    (-,-) 
  u15859/Y       -       D->Y  F     OR5x1_ASAP7_75t_R       22  13.50000000   99.50000000   96.20000000   98.60000000    (-,-) 
  u22968/Y       -       A->Y  R     NOR2x1_ASAP7_75t_R     599 456.90000000 3798.60000000 1811.70000000 1910.30000000    (-,-) 
  u23116/Y       -       A->Y  F     INVx1_ASAP7_75t_R      577 345.00000000    0.00000000 5720.20000000 7630.50000000    (-,-) 
  u33669/Y       -       A1->Y F     AO21x1_ASAP7_75t_R      18  14.10000000   97.60000000   63.30000000 7693.80000000    (-,-) 
  u33673/Y       -       A->Y  R     NAND2x1_ASAP7_75t_R      3   1.70000000   41.60000000   39.50000000 7733.30000000    (-,-) 
  u33674/Y       -       A->Y  F     INVx1_ASAP7_75t_R       20  15.90000000  109.10000000   68.30000000 7801.60000000    (-,-) 
  u34144/Y       -       B->Y  F     AO21x1_ASAP7_75t_R       1   0.60000000   14.80000000   37.90000000 7839.50000000    (-,-) 
  u34145/Y       -       B->Y  F     AO21x1_ASAP7_75t_R       1   0.50000000   11.40000000   22.40000000 7861.90000000    (-,-) 
  u34146/Y       -       A3->Y F     AO32x1_ASAP7_75t_R       1   0.50000000   11.50000000   30.60000000 7892.50000000    (-,-) 
  u34147/Y       -       A->Y  F     AND2x2_ASAP7_75t_R       1   5.80000000   27.20000000   30.80000000 7923.30000000    (-,-) 
  po2998         <<<     -     F     (port)                   -            -             -    0.00000000 7923.30000000    (-,-) 
#-------------------------------------------------------------------------------------------------------------------------------



Path 3: VIOLATED (-6923.30000000 ps) Late External Delay Assertion at pin po2993
          Group: vclk
     Startpoint: (F) pi14311
          Clock: (R) vclk
       Endpoint: (F) po2993
          Clock: (R) vclk

                         Capture            Launch      
        Clock Edge:+  1000.00000000      0.00000000     
        Drv Adjust:+     0.00000000      2.40000000     
       Src Latency:+     0.00000000      0.00000000     
       Net Latency:+     0.00000000 (I)  0.00000000 (I) 
           Arrival:=  1000.00000000      2.40000000     
                                                        
      Output Delay:-     0.00000000                     
     Required Time:=  1000.00000000                     
      Launch Clock:-     2.40000000                     
       Input Delay:-     0.00000000                     
         Data Path:-  7920.90000000                     
             Slack:= -6923.30000000                     

Exceptions/Constraints:
  input_delay           0.00000000         in_del_2058_5   
  output_delay          0.00000000         ou_del_6416_5   

#-------------------------------------------------------------------------------------------------------------------------------
# Timing Point   Flags   Arc   Edge        Cell          Fanout     Load         Trans         Delay        Arrival    Instance 
#                                                                   (fF)          (ps)          (ps)          (ps)     Location 
#-------------------------------------------------------------------------------------------------------------------------------
  pi14311        <<<     -     F     (arrival)                2   1.10000000    8.40000000    0.00000000    2.40000000    (-,-) 
  u15859/Y       -       D->Y  F     OR5x1_ASAP7_75t_R       22  13.50000000   99.50000000   96.20000000   98.60000000    (-,-) 
  u22968/Y       -       A->Y  R     NOR2x1_ASAP7_75t_R     599 456.90000000 3798.60000000 1811.70000000 1910.30000000    (-,-) 
  u23116/Y       -       A->Y  F     INVx1_ASAP7_75t_R      577 345.00000000    0.00000000 5720.20000000 7630.50000000    (-,-) 
  u33669/Y       -       A1->Y F     AO21x1_ASAP7_75t_R      18  14.10000000   97.60000000   63.30000000 7693.80000000    (-,-) 
  u33673/Y       -       A->Y  R     NAND2x1_ASAP7_75t_R      3   1.70000000   41.60000000   39.50000000 7733.30000000    (-,-) 
  u33674/Y       -       A->Y  F     INVx1_ASAP7_75t_R       20  15.90000000  109.10000000   68.30000000 7801.60000000    (-,-) 
  u34130/Y       -       B->Y  F     AO21x1_ASAP7_75t_R       1   0.60000000   14.80000000   37.90000000 7839.50000000    (-,-) 
  u34131/Y       -       B->Y  F     AO21x1_ASAP7_75t_R       1   0.50000000   11.40000000   22.40000000 7861.90000000    (-,-) 
  u34132/Y       -       A3->Y F     AO32x1_ASAP7_75t_R       1   0.50000000   11.50000000   30.60000000 7892.50000000    (-,-) 
  u34133/Y       -       A->Y  F     AND2x2_ASAP7_75t_R       1   5.80000000   27.20000000   30.80000000 7923.30000000    (-,-) 
  po2993         <<<     -     F     (port)                   -            -             -    0.00000000 7923.30000000    (-,-) 
#-------------------------------------------------------------------------------------------------------------------------------



Path 4: VIOLATED (-6923.30000000 ps) Late External Delay Assertion at pin po2951
          Group: vclk
     Startpoint: (F) pi14311
          Clock: (R) vclk
       Endpoint: (F) po2951
          Clock: (R) vclk

                         Capture            Launch      
        Clock Edge:+  1000.00000000      0.00000000     
        Drv Adjust:+     0.00000000      2.40000000     
       Src Latency:+     0.00000000      0.00000000     
       Net Latency:+     0.00000000 (I)  0.00000000 (I) 
           Arrival:=  1000.00000000      2.40000000     
                                                        
      Output Delay:-     0.00000000                     
     Required Time:=  1000.00000000                     
      Launch Clock:-     2.40000000                     
       Input Delay:-     0.00000000                     
         Data Path:-  7920.90000000                     
             Slack:= -6923.30000000                     

Exceptions/Constraints:
  input_delay           0.00000000         in_del_2058_5   
  output_delay          0.00000000         ou_del_6374_5   

#-------------------------------------------------------------------------------------------------------------------------------
# Timing Point   Flags   Arc   Edge        Cell          Fanout     Load         Trans         Delay        Arrival    Instance 
#                                                                   (fF)          (ps)          (ps)          (ps)     Location 
#-------------------------------------------------------------------------------------------------------------------------------
  pi14311        <<<     -     F     (arrival)                2   1.10000000    8.40000000    0.00000000    2.40000000    (-,-) 
  u15859/Y       -       D->Y  F     OR5x1_ASAP7_75t_R       22  13.50000000   99.50000000   96.20000000   98.60000000    (-,-) 
  u22968/Y       -       A->Y  R     NOR2x1_ASAP7_75t_R     599 456.90000000 3798.60000000 1811.70000000 1910.30000000    (-,-) 
  u23116/Y       -       A->Y  F     INVx1_ASAP7_75t_R      577 345.00000000    0.00000000 5720.20000000 7630.50000000    (-,-) 
  u33669/Y       -       A1->Y F     AO21x1_ASAP7_75t_R      18  14.10000000   97.60000000   63.30000000 7693.80000000    (-,-) 
  u33673/Y       -       A->Y  R     NAND2x1_ASAP7_75t_R      3   1.70000000   41.60000000   39.50000000 7733.30000000    (-,-) 
  u33674/Y       -       A->Y  F     INVx1_ASAP7_75t_R       20  15.90000000  109.10000000   68.30000000 7801.60000000    (-,-) 
  u33835/Y       -       B->Y  F     AO21x1_ASAP7_75t_R       1   0.60000000   14.80000000   37.90000000 7839.50000000    (-,-) 
  u33836/Y       -       B->Y  F     AO21x1_ASAP7_75t_R       1   0.50000000   11.40000000   22.40000000 7861.90000000    (-,-) 
  u33837/Y       -       A3->Y F     AO32x1_ASAP7_75t_R       1   0.50000000   11.50000000   30.60000000 7892.50000000    (-,-) 
  u33838/Y       -       A->Y  F     AND2x2_ASAP7_75t_R       1   5.80000000   27.20000000   30.80000000 7923.30000000    (-,-) 
  po2951         <<<     -     F     (port)                   -            -             -    0.00000000 7923.30000000    (-,-) 
#-------------------------------------------------------------------------------------------------------------------------------



Path 5: VIOLATED (-6923.30000000 ps) Late External Delay Assertion at pin po2949
          Group: vclk
     Startpoint: (F) pi14311
          Clock: (R) vclk
       Endpoint: (F) po2949
          Clock: (R) vclk

                         Capture            Launch      
        Clock Edge:+  1000.00000000      0.00000000     
        Drv Adjust:+     0.00000000      2.40000000     
       Src Latency:+     0.00000000      0.00000000     
       Net Latency:+     0.00000000 (I)  0.00000000 (I) 
           Arrival:=  1000.00000000      2.40000000     
                                                        
      Output Delay:-     0.00000000                     
     Required Time:=  1000.00000000                     
      Launch Clock:-     2.40000000                     
       Input Delay:-     0.00000000                     
         Data Path:-  7920.90000000                     
             Slack:= -6923.30000000                     

Exceptions/Constraints:
  input_delay           0.00000000         in_del_2058_5   
  output_delay          0.00000000         ou_del_6372_5   

#-------------------------------------------------------------------------------------------------------------------------------
# Timing Point   Flags   Arc   Edge        Cell          Fanout     Load         Trans         Delay        Arrival    Instance 
#                                                                   (fF)          (ps)          (ps)          (ps)     Location 
#-------------------------------------------------------------------------------------------------------------------------------
  pi14311        <<<     -     F     (arrival)                2   1.10000000    8.40000000    0.00000000    2.40000000    (-,-) 
  u15859/Y       -       D->Y  F     OR5x1_ASAP7_75t_R       22  13.50000000   99.50000000   96.20000000   98.60000000    (-,-) 
  u22968/Y       -       A->Y  R     NOR2x1_ASAP7_75t_R     599 456.90000000 3798.60000000 1811.70000000 1910.30000000    (-,-) 
  u23116/Y       -       A->Y  F     INVx1_ASAP7_75t_R      577 345.00000000    0.00000000 5720.20000000 7630.50000000    (-,-) 
  u33669/Y       -       A1->Y F     AO21x1_ASAP7_75t_R      18  14.10000000   97.60000000   63.30000000 7693.80000000    (-,-) 
  u33673/Y       -       A->Y  R     NAND2x1_ASAP7_75t_R      3   1.70000000   41.60000000   39.50000000 7733.30000000    (-,-) 
  u33674/Y       -       A->Y  F     INVx1_ASAP7_75t_R       20  15.90000000  109.10000000   68.30000000 7801.60000000    (-,-) 
  u33824/Y       -       B->Y  F     AO21x1_ASAP7_75t_R       1   0.60000000   14.80000000   37.90000000 7839.50000000    (-,-) 
  u33825/Y       -       B->Y  F     AO21x1_ASAP7_75t_R       1   0.50000000   11.40000000   22.40000000 7861.90000000    (-,-) 
  u33826/Y       -       A3->Y F     AO32x1_ASAP7_75t_R       1   0.50000000   11.50000000   30.60000000 7892.50000000    (-,-) 
  u33827/Y       -       A->Y  F     AND2x2_ASAP7_75t_R       1   5.80000000   27.20000000   30.80000000 7923.30000000    (-,-) 
  po2949         <<<     -     F     (port)                   -            -             -    0.00000000 7923.30000000    (-,-) 
#-------------------------------------------------------------------------------------------------------------------------------



Path 6: VIOLATED (-6923.30000000 ps) Late External Delay Assertion at pin po2948
          Group: vclk
     Startpoint: (F) pi14311
          Clock: (R) vclk
       Endpoint: (F) po2948
          Clock: (R) vclk

                         Capture            Launch      
        Clock Edge:+  1000.00000000      0.00000000     
        Drv Adjust:+     0.00000000      2.40000000     
       Src Latency:+     0.00000000      0.00000000     
       Net Latency:+     0.00000000 (I)  0.00000000 (I) 
           Arrival:=  1000.00000000      2.40000000     
                                                        
      Output Delay:-     0.00000000                     
     Required Time:=  1000.00000000                     
      Launch Clock:-     2.40000000                     
       Input Delay:-     0.00000000                     
         Data Path:-  7920.90000000                     
             Slack:= -6923.30000000                     

Exceptions/Constraints:
  input_delay           0.00000000         in_del_2058_5   
  output_delay          0.00000000         ou_del_6371_5   

#-------------------------------------------------------------------------------------------------------------------------------
# Timing Point   Flags   Arc   Edge        Cell          Fanout     Load         Trans         Delay        Arrival    Instance 
#                                                                   (fF)          (ps)          (ps)          (ps)     Location 
#-------------------------------------------------------------------------------------------------------------------------------
  pi14311        <<<     -     F     (arrival)                2   1.10000000    8.40000000    0.00000000    2.40000000    (-,-) 
  u15859/Y       -       D->Y  F     OR5x1_ASAP7_75t_R       22  13.50000000   99.50000000   96.20000000   98.60000000    (-,-) 
  u22968/Y       -       A->Y  R     NOR2x1_ASAP7_75t_R     599 456.90000000 3798.60000000 1811.70000000 1910.30000000    (-,-) 
  u23116/Y       -       A->Y  F     INVx1_ASAP7_75t_R      577 345.00000000    0.00000000 5720.20000000 7630.50000000    (-,-) 
  u33669/Y       -       A1->Y F     AO21x1_ASAP7_75t_R      18  14.10000000   97.60000000   63.30000000 7693.80000000    (-,-) 
  u33673/Y       -       A->Y  R     NAND2x1_ASAP7_75t_R      3   1.70000000   41.60000000   39.50000000 7733.30000000    (-,-) 
  u33674/Y       -       A->Y  F     INVx1_ASAP7_75t_R       20  15.90000000  109.10000000   68.30000000 7801.60000000    (-,-) 
  u33819/Y       -       B->Y  F     AO21x1_ASAP7_75t_R       1   0.60000000   14.80000000   37.90000000 7839.50000000    (-,-) 
  u33820/Y       -       B->Y  F     AO21x1_ASAP7_75t_R       1   0.50000000   11.40000000   22.40000000 7861.90000000    (-,-) 
  u33821/Y       -       A3->Y F     AO32x1_ASAP7_75t_R       1   0.50000000   11.50000000   30.60000000 7892.50000000    (-,-) 
  u33822/Y       -       A->Y  F     AND2x2_ASAP7_75t_R       1   5.80000000   27.20000000   30.80000000 7923.30000000    (-,-) 
  po2948         <<<     -     F     (port)                   -            -             -    0.00000000 7923.30000000    (-,-) 
#-------------------------------------------------------------------------------------------------------------------------------



Path 7: VIOLATED (-6923.30000000 ps) Late External Delay Assertion at pin po2947
          Group: vclk
     Startpoint: (F) pi14311
          Clock: (R) vclk
       Endpoint: (F) po2947
          Clock: (R) vclk

                         Capture            Launch      
        Clock Edge:+  1000.00000000      0.00000000     
        Drv Adjust:+     0.00000000      2.40000000     
       Src Latency:+     0.00000000      0.00000000     
       Net Latency:+     0.00000000 (I)  0.00000000 (I) 
           Arrival:=  1000.00000000      2.40000000     
                                                        
      Output Delay:-     0.00000000                     
     Required Time:=  1000.00000000                     
      Launch Clock:-     2.40000000                     
       Input Delay:-     0.00000000                     
         Data Path:-  7920.90000000                     
             Slack:= -6923.30000000                     

Exceptions/Constraints:
  input_delay           0.00000000         in_del_2058_5   
  output_delay          0.00000000         ou_del_6370_5   

#-------------------------------------------------------------------------------------------------------------------------------
# Timing Point   Flags   Arc   Edge        Cell          Fanout     Load         Trans         Delay        Arrival    Instance 
#                                                                   (fF)          (ps)          (ps)          (ps)     Location 
#-------------------------------------------------------------------------------------------------------------------------------
  pi14311        <<<     -     F     (arrival)                2   1.10000000    8.40000000    0.00000000    2.40000000    (-,-) 
  u15859/Y       -       D->Y  F     OR5x1_ASAP7_75t_R       22  13.50000000   99.50000000   96.20000000   98.60000000    (-,-) 
  u22968/Y       -       A->Y  R     NOR2x1_ASAP7_75t_R     599 456.90000000 3798.60000000 1811.70000000 1910.30000000    (-,-) 
  u23116/Y       -       A->Y  F     INVx1_ASAP7_75t_R      577 345.00000000    0.00000000 5720.20000000 7630.50000000    (-,-) 
  u33669/Y       -       A1->Y F     AO21x1_ASAP7_75t_R      18  14.10000000   97.60000000   63.30000000 7693.80000000    (-,-) 
  u33673/Y       -       A->Y  R     NAND2x1_ASAP7_75t_R      3   1.70000000   41.60000000   39.50000000 7733.30000000    (-,-) 
  u33674/Y       -       A->Y  F     INVx1_ASAP7_75t_R       20  15.90000000  109.10000000   68.30000000 7801.60000000    (-,-) 
  u33814/Y       -       B->Y  F     AO21x1_ASAP7_75t_R       1   0.60000000   14.80000000   37.90000000 7839.50000000    (-,-) 
  u33815/Y       -       B->Y  F     AO21x1_ASAP7_75t_R       1   0.50000000   11.40000000   22.40000000 7861.90000000    (-,-) 
  u33816/Y       -       A3->Y F     AO32x1_ASAP7_75t_R       1   0.50000000   11.50000000   30.60000000 7892.50000000    (-,-) 
  u33817/Y       -       A->Y  F     AND2x2_ASAP7_75t_R       1   5.80000000   27.20000000   30.80000000 7923.30000000    (-,-) 
  po2947         <<<     -     F     (port)                   -            -             -    0.00000000 7923.30000000    (-,-) 
#-------------------------------------------------------------------------------------------------------------------------------



Path 8: VIOLATED (-6923.30000000 ps) Late External Delay Assertion at pin po2945
          Group: vclk
     Startpoint: (F) pi14311
          Clock: (R) vclk
       Endpoint: (F) po2945
          Clock: (R) vclk

                         Capture            Launch      
        Clock Edge:+  1000.00000000      0.00000000     
        Drv Adjust:+     0.00000000      2.40000000     
       Src Latency:+     0.00000000      0.00000000     
       Net Latency:+     0.00000000 (I)  0.00000000 (I) 
           Arrival:=  1000.00000000      2.40000000     
                                                        
      Output Delay:-     0.00000000                     
     Required Time:=  1000.00000000                     
      Launch Clock:-     2.40000000                     
       Input Delay:-     0.00000000                     
         Data Path:-  7920.90000000                     
             Slack:= -6923.30000000                     

Exceptions/Constraints:
  input_delay           0.00000000         in_del_2058_5   
  output_delay          0.00000000         ou_del_6368_5   

#-------------------------------------------------------------------------------------------------------------------------------
# Timing Point   Flags   Arc   Edge        Cell          Fanout     Load         Trans         Delay        Arrival    Instance 
#                                                                   (fF)          (ps)          (ps)          (ps)     Location 
#-------------------------------------------------------------------------------------------------------------------------------
  pi14311        <<<     -     F     (arrival)                2   1.10000000    8.40000000    0.00000000    2.40000000    (-,-) 
  u15859/Y       -       D->Y  F     OR5x1_ASAP7_75t_R       22  13.50000000   99.50000000   96.20000000   98.60000000    (-,-) 
  u22968/Y       -       A->Y  R     NOR2x1_ASAP7_75t_R     599 456.90000000 3798.60000000 1811.70000000 1910.30000000    (-,-) 
  u23116/Y       -       A->Y  F     INVx1_ASAP7_75t_R      577 345.00000000    0.00000000 5720.20000000 7630.50000000    (-,-) 
  u33669/Y       -       A1->Y F     AO21x1_ASAP7_75t_R      18  14.10000000   97.60000000   63.30000000 7693.80000000    (-,-) 
  u33673/Y       -       A->Y  R     NAND2x1_ASAP7_75t_R      3   1.70000000   41.60000000   39.50000000 7733.30000000    (-,-) 
  u33674/Y       -       A->Y  F     INVx1_ASAP7_75t_R       20  15.90000000  109.10000000   68.30000000 7801.60000000    (-,-) 
  u33799/Y       -       B->Y  F     AO21x1_ASAP7_75t_R       1   0.60000000   14.80000000   37.90000000 7839.50000000    (-,-) 
  u33800/Y       -       B->Y  F     AO21x1_ASAP7_75t_R       1   0.50000000   11.40000000   22.40000000 7861.90000000    (-,-) 
  u33801/Y       -       A3->Y F     AO32x1_ASAP7_75t_R       1   0.50000000   11.50000000   30.60000000 7892.50000000    (-,-) 
  u33802/Y       -       A->Y  F     AND2x2_ASAP7_75t_R       1   5.80000000   27.20000000   30.80000000 7923.30000000    (-,-) 
  po2945         <<<     -     F     (port)                   -            -             -    0.00000000 7923.30000000    (-,-) 
#-------------------------------------------------------------------------------------------------------------------------------



Path 9: VIOLATED (-6919.90000000 ps) Late External Delay Assertion at pin po2909
          Group: vclk
     Startpoint: (F) pi14311
          Clock: (R) vclk
       Endpoint: (F) po2909
          Clock: (R) vclk

                         Capture            Launch      
        Clock Edge:+  1000.00000000      0.00000000     
        Drv Adjust:+     0.00000000      2.40000000     
       Src Latency:+     0.00000000      0.00000000     
       Net Latency:+     0.00000000 (I)  0.00000000 (I) 
           Arrival:=  1000.00000000      2.40000000     
                                                        
      Output Delay:-     0.00000000                     
     Required Time:=  1000.00000000                     
      Launch Clock:-     2.40000000                     
       Input Delay:-     0.00000000                     
         Data Path:-  7917.50000000                     
             Slack:= -6919.90000000                     

Exceptions/Constraints:
  input_delay           0.00000000         in_del_2058_5   
  output_delay          0.00000000         ou_del_6332_5   

#-------------------------------------------------------------------------------------------------------------------------------
# Timing Point   Flags   Arc   Edge        Cell          Fanout     Load         Trans         Delay        Arrival    Instance 
#                                                                   (fF)          (ps)          (ps)          (ps)     Location 
#-------------------------------------------------------------------------------------------------------------------------------
  pi14311        <<<     -     F     (arrival)                2   1.10000000    8.40000000    0.00000000    2.40000000    (-,-) 
  u15859/Y       -       D->Y  F     OR5x1_ASAP7_75t_R       22  13.50000000   99.50000000   96.20000000   98.60000000    (-,-) 
  u22968/Y       -       A->Y  R     NOR2x1_ASAP7_75t_R     599 456.90000000 3798.60000000 1811.70000000 1910.30000000    (-,-) 
  u23116/Y       -       A->Y  F     INVx1_ASAP7_75t_R      577 345.00000000    0.00000000 5720.20000000 7630.50000000    (-,-) 
  u33669/Y       -       A1->Y F     AO21x1_ASAP7_75t_R      18  14.10000000   97.60000000   63.30000000 7693.80000000    (-,-) 
  u33673/Y       -       A->Y  R     NAND2x1_ASAP7_75t_R      3   1.70000000   41.60000000   39.50000000 7733.30000000    (-,-) 
  u33674/Y       -       A->Y  F     INVx1_ASAP7_75t_R       20  15.90000000  109.10000000   68.30000000 7801.60000000    (-,-) 
  u33675/Y       -       B->Y  F     AO21x1_ASAP7_75t_R       1   0.60000000   14.80000000   37.90000000 7839.50000000    (-,-) 
  u33676/Y       -       B->Y  F     AO21x1_ASAP7_75t_R       1   0.50000000   11.40000000   22.40000000 7861.90000000    (-,-) 
  u33687/Y       -       A1->Y F     AO32x1_ASAP7_75t_R       1   0.50000000   11.50000000   27.20000000 7889.10000000    (-,-) 
  u33689/Y       -       A->Y  F     AND2x2_ASAP7_75t_R       1   5.80000000   27.20000000   30.80000000 7919.90000000    (-,-) 
  po2909         <<<     -     F     (port)                   -            -             -    0.00000000 7919.90000000    (-,-) 
#-------------------------------------------------------------------------------------------------------------------------------



Path 10: VIOLATED (-6895.00000000 ps) Late External Delay Assertion at pin po2953
          Group: vclk
     Startpoint: (F) pi14311
          Clock: (R) vclk
       Endpoint: (R) po2953
          Clock: (R) vclk

                         Capture            Launch      
        Clock Edge:+  1000.00000000      0.00000000     
        Drv Adjust:+     0.00000000      2.40000000     
       Src Latency:+     0.00000000      0.00000000     
       Net Latency:+     0.00000000 (I)  0.00000000 (I) 
           Arrival:=  1000.00000000      2.40000000     
                                                        
      Output Delay:-     0.00000000                     
     Required Time:=  1000.00000000                     
      Launch Clock:-     2.40000000                     
       Input Delay:-     0.00000000                     
         Data Path:-  7892.60000000                     
             Slack:= -6895.00000000                     

Exceptions/Constraints:
  input_delay           0.00000000         in_del_2058_5   
  output_delay          0.00000000         ou_del_6376_5   

#-------------------------------------------------------------------------------------------------------------------------------
# Timing Point   Flags   Arc   Edge        Cell          Fanout     Load         Trans         Delay        Arrival    Instance 
#                                                                   (fF)          (ps)          (ps)          (ps)     Location 
#-------------------------------------------------------------------------------------------------------------------------------
  pi14311        <<<     -     F     (arrival)                2   1.10000000    8.40000000    0.00000000    2.40000000    (-,-) 
  u15859/Y       -       D->Y  F     OR5x1_ASAP7_75t_R       22  13.50000000   99.50000000   96.20000000   98.60000000    (-,-) 
  u22968/Y       -       A->Y  R     NOR2x1_ASAP7_75t_R     599 456.90000000 3798.60000000 1811.70000000 1910.30000000    (-,-) 
  u23116/Y       -       A->Y  F     INVx1_ASAP7_75t_R      577 345.00000000    0.00000000 5720.20000000 7630.50000000    (-,-) 
  u33669/Y       -       A1->Y F     AO21x1_ASAP7_75t_R      18  14.10000000   97.60000000   63.30000000 7693.80000000    (-,-) 
  u33673/Y       -       A->Y  R     NAND2x1_ASAP7_75t_R      3   1.70000000   41.60000000   39.50000000 7733.30000000    (-,-) 
  u33674/Y       -       A->Y  F     INVx1_ASAP7_75t_R       20  15.90000000  109.10000000   68.30000000 7801.60000000    (-,-) 
  u33845/Y       -       A->Y  R     NAND2x1_ASAP7_75t_R      1   0.40000000   29.90000000   30.40000000 7832.00000000    (-,-) 
  u33846/Y       -       C->Y  R     OA211x2_ASAP7_75t_R      1   0.50000000   14.00000000   29.00000000 7861.00000000    (-,-) 
  u33848/Y       -       A1->Y R     OA21x2_ASAP7_75t_R       1   5.80000000   32.80000000   34.00000000 7895.00000000    (-,-) 
  po2953         <<<     -     R     (port)                   -            -             -    0.00000000 7895.00000000    (-,-) 
#-------------------------------------------------------------------------------------------------------------------------------

