============================================================
  Generated by:           Genus(TM) Synthesis Solution 23.14-s090_1
  Generated on:           Sep 12 2026  01:33:43 am
  Module:                 simple_spi
  Operating conditions:   PVT_0P7V_25C (balanced_tree)
  Wireload mode:          enclosed
  Area mode:              timing library
============================================================


Path 1: MET (559.70000000 ps) Late External Delay Assertion at pin po69
          Group: vclk
     Startpoint: (F) pi119
          Clock: (R) vclk
       Endpoint: (R) po69
          Clock: (R) vclk

                         Capture            Launch      
        Clock Edge:+  1000.00000000      0.00000000     
        Drv Adjust:+     0.00000000      7.40000000     
       Src Latency:+     0.00000000      0.00000000     
       Net Latency:+     0.00000000 (I)  0.00000000 (I) 
           Arrival:=  1000.00000000      7.40000000     
                                                        
      Output Delay:-     0.00000000                     
     Required Time:=  1000.00000000                     
      Launch Clock:-     7.40000000                     
       Input Delay:-     0.00000000                     
         Data Path:-   432.90000000                     
             Slack:=   559.70000000                     

Exceptions/Constraints:
  input_delay           0.00000000         in_del_119_1   
  output_delay          0.00000000         ou_del_347_1   

#------------------------------------------------------------------------------------------------------------------------
# Timing Point   Flags   Arc   Edge        Cell          Fanout    Load       Trans       Delay       Arrival   Instance 
#                                                                  (fF)        (ps)        (ps)        (ps)     Location 
#------------------------------------------------------------------------------------------------------------------------
  pi119          <<<     -     F     (arrival)                5 3.60000000 16.70000000  0.00000000   7.40000000    (-,-) 
  u411/Y         -       C->Y  F     OR4x2_ASAP7_75t_R        2 1.60000000 17.80000000 47.70000000  55.10000000    (-,-) 
  u412/Y         -       A->Y  F     OR3x1_ASAP7_75t_R        4 2.70000000 24.90000000 37.80000000  92.90000000    (-,-) 
  u413/Y         -       A->Y  F     OR3x1_ASAP7_75t_R        4 2.70000000 25.00000000 39.70000000 132.60000000    (-,-) 
  u414/Y         -       A->Y  F     OR3x1_ASAP7_75t_R        4 2.50000000 23.80000000 38.90000000 171.50000000    (-,-) 
  u415/Y         -       A->Y  F     OR3x1_ASAP7_75t_R       17 9.10000000 66.00000000 61.60000000 233.10000000    (-,-) 
  u448/Y         -       A->Y  F     AND3x1_ASAP7_75t_R      15 8.70000000 61.00000000 54.70000000 287.80000000    (-,-) 
  u527/Y         -       A->Y  R     INVx1_ASAP7_75t_R        4 2.30000000 35.10000000 30.00000000 317.80000000    (-,-) 
  u528/Y         -       A->Y  R     AND3x1_ASAP7_75t_R       2 1.10000000 16.60000000 31.80000000 349.60000000    (-,-) 
  u529/Y         -       B->Y  R     AO21x1_ASAP7_75t_R       2 1.20000000 15.50000000 19.50000000 369.10000000    (-,-) 
  u530/Y         -       A->Y  F     INVx1_ASAP7_75t_R        1 0.40000000  7.30000000  7.70000000 376.80000000    (-,-) 
  u535/Y         -       B->Y  F     OA211x2_ASAP7_75t_R      1 0.60000000 12.80000000 33.60000000 410.40000000    (-,-) 
  u536/Y         -       A->Y  R     INVx1_ASAP7_75t_R        1 5.80000000 52.90000000 29.90000000 440.30000000    (-,-) 
  po69           <<<     -     R     (port)                   -          -           -  0.00000000 440.30000000    (-,-) 
#------------------------------------------------------------------------------------------------------------------------



Path 2: MET (593.10000000 ps) Late External Delay Assertion at pin po76
          Group: vclk
     Startpoint: (F) pi119
          Clock: (R) vclk
       Endpoint: (R) po76
          Clock: (R) vclk

                         Capture            Launch      
        Clock Edge:+  1000.00000000      0.00000000     
        Drv Adjust:+     0.00000000      7.40000000     
       Src Latency:+     0.00000000      0.00000000     
       Net Latency:+     0.00000000 (I)  0.00000000 (I) 
           Arrival:=  1000.00000000      7.40000000     
                                                        
      Output Delay:-     0.00000000                     
     Required Time:=  1000.00000000                     
      Launch Clock:-     7.40000000                     
       Input Delay:-     0.00000000                     
         Data Path:-   399.50000000                     
             Slack:=   593.10000000                     

Exceptions/Constraints:
  input_delay           0.00000000         in_del_119_1   
  output_delay          0.00000000         ou_del_354_1   

#-----------------------------------------------------------------------------------------------------------------------
# Timing Point   Flags   Arc   Edge        Cell         Fanout    Load       Trans       Delay       Arrival   Instance 
#                                                                 (fF)        (ps)        (ps)        (ps)     Location 
#-----------------------------------------------------------------------------------------------------------------------
  pi119          <<<     -     F     (arrival)               5 3.60000000 16.70000000  0.00000000   7.40000000    (-,-) 
  u411/Y         -       C->Y  F     OR4x2_ASAP7_75t_R       2 1.60000000 17.80000000 47.70000000  55.10000000    (-,-) 
  u412/Y         -       A->Y  F     OR3x1_ASAP7_75t_R       4 2.70000000 24.90000000 37.80000000  92.90000000    (-,-) 
  u413/Y         -       A->Y  F     OR3x1_ASAP7_75t_R       4 2.70000000 25.00000000 39.70000000 132.60000000    (-,-) 
  u414/Y         -       A->Y  F     OR3x1_ASAP7_75t_R       4 2.50000000 23.80000000 38.90000000 171.50000000    (-,-) 
  u415/Y         -       A->Y  F     OR3x1_ASAP7_75t_R      17 9.10000000 66.00000000 61.60000000 233.10000000    (-,-) 
  u448/Y         -       A->Y  F     AND3x1_ASAP7_75t_R     15 8.70000000 61.00000000 54.70000000 287.80000000    (-,-) 
  u527/Y         -       A->Y  R     INVx1_ASAP7_75t_R       4 2.30000000 35.10000000 30.00000000 317.80000000    (-,-) 
  u528/Y         -       A->Y  R     AND3x1_ASAP7_75t_R      2 1.10000000 16.60000000 31.80000000 349.60000000    (-,-) 
  u529/Y         -       B->Y  R     AO21x1_ASAP7_75t_R      2 1.20000000 15.50000000 19.50000000 369.10000000    (-,-) 
  u559/Y         -       B->Y  R     AO21x1_ASAP7_75t_R      1 5.80000000 54.80000000 37.80000000 406.90000000    (-,-) 
  po76           <<<     -     R     (port)                  -          -           -  0.00000000 406.90000000    (-,-) 
#-----------------------------------------------------------------------------------------------------------------------



Path 3: MET (608.40000000 ps) Late External Delay Assertion at pin po71
          Group: vclk
     Startpoint: (F) pi119
          Clock: (R) vclk
       Endpoint: (R) po71
          Clock: (R) vclk

                         Capture            Launch      
        Clock Edge:+  1000.00000000      0.00000000     
        Drv Adjust:+     0.00000000      7.40000000     
       Src Latency:+     0.00000000      0.00000000     
       Net Latency:+     0.00000000 (I)  0.00000000 (I) 
           Arrival:=  1000.00000000      7.40000000     
                                                        
      Output Delay:-     0.00000000                     
     Required Time:=  1000.00000000                     
      Launch Clock:-     7.40000000                     
       Input Delay:-     0.00000000                     
         Data Path:-   384.20000000                     
             Slack:=   608.40000000                     

Exceptions/Constraints:
  input_delay           0.00000000         in_del_119_1   
  output_delay          0.00000000         ou_del_349_1   

#------------------------------------------------------------------------------------------------------------------------
# Timing Point   Flags   Arc   Edge        Cell          Fanout    Load       Trans       Delay       Arrival   Instance 
#                                                                  (fF)        (ps)        (ps)        (ps)     Location 
#------------------------------------------------------------------------------------------------------------------------
  pi119          <<<     -     F     (arrival)                5 3.60000000 16.70000000  0.00000000   7.40000000    (-,-) 
  u411/Y         -       C->Y  F     OR4x2_ASAP7_75t_R        2 1.60000000 17.80000000 47.70000000  55.10000000    (-,-) 
  u412/Y         -       A->Y  F     OR3x1_ASAP7_75t_R        4 2.70000000 24.90000000 37.80000000  92.90000000    (-,-) 
  u413/Y         -       A->Y  F     OR3x1_ASAP7_75t_R        4 2.70000000 25.00000000 39.70000000 132.60000000    (-,-) 
  u414/Y         -       A->Y  F     OR3x1_ASAP7_75t_R        4 2.50000000 23.80000000 38.90000000 171.50000000    (-,-) 
  u415/Y         -       A->Y  F     OR3x1_ASAP7_75t_R       17 9.10000000 66.00000000 61.60000000 233.10000000    (-,-) 
  u448/Y         -       A->Y  F     AND3x1_ASAP7_75t_R      15 8.70000000 61.00000000 54.70000000 287.80000000    (-,-) 
  u527/Y         -       A->Y  R     INVx1_ASAP7_75t_R        4 2.30000000 35.10000000 30.00000000 317.80000000    (-,-) 
  u528/Y         -       A->Y  R     AND3x1_ASAP7_75t_R       2 1.10000000 16.60000000 31.80000000 349.60000000    (-,-) 
  u542/Y         -       B2->Y R     AO221x2_ASAP7_75t_R      1 5.80000000 34.50000000 42.00000000 391.60000000    (-,-) 
  po71           <<<     -     R     (port)                   -          -           -  0.00000000 391.60000000    (-,-) 
#------------------------------------------------------------------------------------------------------------------------



Path 4: MET (614.20000000 ps) Late External Delay Assertion at pin po57
          Group: vclk
     Startpoint: (F) pi119
          Clock: (R) vclk
       Endpoint: (R) po57
          Clock: (R) vclk

                         Capture            Launch      
        Clock Edge:+  1000.00000000      0.00000000     
        Drv Adjust:+     0.00000000      7.40000000     
       Src Latency:+     0.00000000      0.00000000     
       Net Latency:+     0.00000000 (I)  0.00000000 (I) 
           Arrival:=  1000.00000000      7.40000000     
                                                        
      Output Delay:-     0.00000000                     
     Required Time:=  1000.00000000                     
      Launch Clock:-     7.40000000                     
       Input Delay:-     0.00000000                     
         Data Path:-   378.40000000                     
             Slack:=   614.20000000                     

Exceptions/Constraints:
  input_delay           0.00000000         in_del_119_1   
  output_delay          0.00000000         ou_del_335_1   

#-----------------------------------------------------------------------------------------------------------------------
# Timing Point   Flags   Arc   Edge        Cell         Fanout    Load       Trans       Delay       Arrival   Instance 
#                                                                 (fF)        (ps)        (ps)        (ps)     Location 
#-----------------------------------------------------------------------------------------------------------------------
  pi119          <<<     -     F     (arrival)               5 3.60000000 16.70000000  0.00000000   7.40000000    (-,-) 
  u411/Y         -       C->Y  F     OR4x2_ASAP7_75t_R       2 1.60000000 17.80000000 47.70000000  55.10000000    (-,-) 
  u412/Y         -       A->Y  F     OR3x1_ASAP7_75t_R       4 2.70000000 24.90000000 37.80000000  92.90000000    (-,-) 
  u413/Y         -       A->Y  F     OR3x1_ASAP7_75t_R       4 2.70000000 25.00000000 39.70000000 132.60000000    (-,-) 
  u414/Y         -       A->Y  F     OR3x1_ASAP7_75t_R       4 2.50000000 23.80000000 38.90000000 171.50000000    (-,-) 
  u415/Y         -       A->Y  F     OR3x1_ASAP7_75t_R      17 9.10000000 66.00000000 61.60000000 233.10000000    (-,-) 
  u448/Y         -       A->Y  F     AND3x1_ASAP7_75t_R     15 8.70000000 61.00000000 54.70000000 287.80000000    (-,-) 
  u449/Y         -       B->Y  R     NOR2x1_ASAP7_75t_R      6 2.90000000 40.90000000 32.40000000 320.20000000    (-,-) 
  u452/Y         -       A1->Y R     AO22x1_ASAP7_75t_R      1 0.60000000 13.60000000 28.40000000 348.60000000    (-,-) 
  u453/Y         -       B->Y  R     AO21x1_ASAP7_75t_R      1 5.80000000 54.40000000 37.20000000 385.80000000    (-,-) 
  po57           <<<     -     R     (port)                  -          -           -  0.00000000 385.80000000    (-,-) 
#-----------------------------------------------------------------------------------------------------------------------



Path 5: MET (621.90000000 ps) Late External Delay Assertion at pin po74
          Group: vclk
     Startpoint: (F) pi119
          Clock: (R) vclk
       Endpoint: (F) po74
          Clock: (R) vclk

                         Capture            Launch      
        Clock Edge:+  1000.00000000      0.00000000     
        Drv Adjust:+     0.00000000      7.40000000     
       Src Latency:+     0.00000000      0.00000000     
       Net Latency:+     0.00000000 (I)  0.00000000 (I) 
           Arrival:=  1000.00000000      7.40000000     
                                                        
      Output Delay:-     0.00000000                     
     Required Time:=  1000.00000000                     
      Launch Clock:-     7.40000000                     
       Input Delay:-     0.00000000                     
         Data Path:-   370.70000000                     
             Slack:=   621.90000000                     

Exceptions/Constraints:
  input_delay           0.00000000         in_del_119_1   
  output_delay          0.00000000         ou_del_352_1   

#-----------------------------------------------------------------------------------------------------------------------
# Timing Point   Flags   Arc   Edge        Cell         Fanout    Load       Trans       Delay       Arrival   Instance 
#                                                                 (fF)        (ps)        (ps)        (ps)     Location 
#-----------------------------------------------------------------------------------------------------------------------
  pi119          <<<     -     F     (arrival)               5 3.60000000 16.70000000  0.00000000   7.40000000    (-,-) 
  u411/Y         -       C->Y  F     OR4x2_ASAP7_75t_R       2 1.60000000 17.80000000 47.70000000  55.10000000    (-,-) 
  u412/Y         -       A->Y  F     OR3x1_ASAP7_75t_R       4 2.70000000 24.90000000 37.80000000  92.90000000    (-,-) 
  u413/Y         -       A->Y  F     OR3x1_ASAP7_75t_R       4 2.70000000 25.00000000 39.70000000 132.60000000    (-,-) 
  u414/Y         -       A->Y  F     OR3x1_ASAP7_75t_R       4 2.50000000 23.80000000 38.90000000 171.50000000    (-,-) 
  u415/Y         -       A->Y  F     OR3x1_ASAP7_75t_R      17 9.10000000 66.00000000 61.60000000 233.10000000    (-,-) 
  u448/Y         -       A->Y  F     AND3x1_ASAP7_75t_R     15 8.70000000 61.00000000 54.70000000 287.80000000    (-,-) 
  u552/Y         -       A->Y  F     OR4x2_ASAP7_75t_R       2 1.20000000 17.00000000 54.10000000 341.90000000    (-,-) 
  u554/Y         -       A1->Y F     OA21x2_ASAP7_75t_R      1 5.80000000 25.60000000 36.20000000 378.10000000    (-,-) 
  po74           <<<     -     F     (port)                  -          -           -  0.00000000 378.10000000    (-,-) 
#-----------------------------------------------------------------------------------------------------------------------



Path 6: MET (624.80000000 ps) Late External Delay Assertion at pin po66
          Group: vclk
     Startpoint: (F) pi119
          Clock: (R) vclk
       Endpoint: (R) po66
          Clock: (R) vclk

                         Capture            Launch      
        Clock Edge:+  1000.00000000      0.00000000     
        Drv Adjust:+     0.00000000      7.40000000     
       Src Latency:+     0.00000000      0.00000000     
       Net Latency:+     0.00000000 (I)  0.00000000 (I) 
           Arrival:=  1000.00000000      7.40000000     
                                                        
      Output Delay:-     0.00000000                     
     Required Time:=  1000.00000000                     
      Launch Clock:-     7.40000000                     
       Input Delay:-     0.00000000                     
         Data Path:-   367.80000000                     
             Slack:=   624.80000000                     

Exceptions/Constraints:
  input_delay           0.00000000         in_del_119_1   
  output_delay          0.00000000         ou_del_344_1   

#------------------------------------------------------------------------------------------------------------------------
# Timing Point   Flags   Arc   Edge        Cell          Fanout    Load       Trans       Delay       Arrival   Instance 
#                                                                  (fF)        (ps)        (ps)        (ps)     Location 
#------------------------------------------------------------------------------------------------------------------------
  pi119          <<<     -     F     (arrival)                5 3.60000000 16.70000000  0.00000000   7.40000000    (-,-) 
  u411/Y         -       C->Y  F     OR4x2_ASAP7_75t_R        2 1.60000000 17.80000000 47.70000000  55.10000000    (-,-) 
  u412/Y         -       A->Y  F     OR3x1_ASAP7_75t_R        4 2.70000000 24.90000000 37.80000000  92.90000000    (-,-) 
  u413/Y         -       A->Y  F     OR3x1_ASAP7_75t_R        4 2.70000000 25.00000000 39.70000000 132.60000000    (-,-) 
  u414/Y         -       A->Y  F     OR3x1_ASAP7_75t_R        4 2.50000000 23.80000000 38.90000000 171.50000000    (-,-) 
  u415/Y         -       A->Y  F     OR3x1_ASAP7_75t_R       17 9.10000000 66.00000000 61.60000000 233.10000000    (-,-) 
  u428/Y         -       A->Y  R     INVx1_ASAP7_75t_R       10 5.10000000 57.60000000 46.00000000 279.10000000    (-,-) 
  u511/Y         -       B->Y  R     OR2x4_ASAP7_75t_R        1 0.40000000 10.10000000 37.30000000 316.40000000    (-,-) 
  u512/Y         -       B->Y  R     OA211x2_ASAP7_75t_R      1 0.50000000 12.10000000 25.40000000 341.80000000    (-,-) 
  u517/Y         -       A1->Y R     OA21x2_ASAP7_75t_R       1 5.80000000 31.80000000 33.40000000 375.20000000    (-,-) 
  po66           <<<     -     R     (port)                   -          -           -  0.00000000 375.20000000    (-,-) 
#------------------------------------------------------------------------------------------------------------------------



Path 7: MET (624.80000000 ps) Late External Delay Assertion at pin po65
          Group: vclk
     Startpoint: (F) pi119
          Clock: (R) vclk
       Endpoint: (R) po65
          Clock: (R) vclk

                         Capture            Launch      
        Clock Edge:+  1000.00000000      0.00000000     
        Drv Adjust:+     0.00000000      7.40000000     
       Src Latency:+     0.00000000      0.00000000     
       Net Latency:+     0.00000000 (I)  0.00000000 (I) 
           Arrival:=  1000.00000000      7.40000000     
                                                        
      Output Delay:-     0.00000000                     
     Required Time:=  1000.00000000                     
      Launch Clock:-     7.40000000                     
       Input Delay:-     0.00000000                     
         Data Path:-   367.80000000                     
             Slack:=   624.80000000                     

Exceptions/Constraints:
  input_delay           0.00000000         in_del_119_1   
  output_delay          0.00000000         ou_del_343_1   

#------------------------------------------------------------------------------------------------------------------------
# Timing Point   Flags   Arc   Edge        Cell          Fanout    Load       Trans       Delay       Arrival   Instance 
#                                                                  (fF)        (ps)        (ps)        (ps)     Location 
#------------------------------------------------------------------------------------------------------------------------
  pi119          <<<     -     F     (arrival)                5 3.60000000 16.70000000  0.00000000   7.40000000    (-,-) 
  u411/Y         -       C->Y  F     OR4x2_ASAP7_75t_R        2 1.60000000 17.80000000 47.70000000  55.10000000    (-,-) 
  u412/Y         -       A->Y  F     OR3x1_ASAP7_75t_R        4 2.70000000 24.90000000 37.80000000  92.90000000    (-,-) 
  u413/Y         -       A->Y  F     OR3x1_ASAP7_75t_R        4 2.70000000 25.00000000 39.70000000 132.60000000    (-,-) 
  u414/Y         -       A->Y  F     OR3x1_ASAP7_75t_R        4 2.50000000 23.80000000 38.90000000 171.50000000    (-,-) 
  u415/Y         -       A->Y  F     OR3x1_ASAP7_75t_R       17 9.10000000 66.00000000 61.60000000 233.10000000    (-,-) 
  u428/Y         -       A->Y  R     INVx1_ASAP7_75t_R       10 5.10000000 57.60000000 46.00000000 279.10000000    (-,-) 
  u504/Y         -       B->Y  R     OR2x4_ASAP7_75t_R        1 0.40000000 10.10000000 37.30000000 316.40000000    (-,-) 
  u505/Y         -       B->Y  R     OA211x2_ASAP7_75t_R      1 0.50000000 12.10000000 25.40000000 341.80000000    (-,-) 
  u510/Y         -       A1->Y R     OA21x2_ASAP7_75t_R       1 5.80000000 31.80000000 33.40000000 375.20000000    (-,-) 
  po65           <<<     -     R     (port)                   -          -           -  0.00000000 375.20000000    (-,-) 
#------------------------------------------------------------------------------------------------------------------------



Path 8: MET (624.80000000 ps) Late External Delay Assertion at pin po64
          Group: vclk
     Startpoint: (F) pi119
          Clock: (R) vclk
       Endpoint: (R) po64
          Clock: (R) vclk

                         Capture            Launch      
        Clock Edge:+  1000.00000000      0.00000000     
        Drv Adjust:+     0.00000000      7.40000000     
       Src Latency:+     0.00000000      0.00000000     
       Net Latency:+     0.00000000 (I)  0.00000000 (I) 
           Arrival:=  1000.00000000      7.40000000     
                                                        
      Output Delay:-     0.00000000                     
     Required Time:=  1000.00000000                     
      Launch Clock:-     7.40000000                     
       Input Delay:-     0.00000000                     
         Data Path:-   367.80000000                     
             Slack:=   624.80000000                     

Exceptions/Constraints:
  input_delay           0.00000000         in_del_119_1   
  output_delay          0.00000000         ou_del_342_1   

#------------------------------------------------------------------------------------------------------------------------
# Timing Point   Flags   Arc   Edge        Cell          Fanout    Load       Trans       Delay       Arrival   Instance 
#                                                                  (fF)        (ps)        (ps)        (ps)     Location 
#------------------------------------------------------------------------------------------------------------------------
  pi119          <<<     -     F     (arrival)                5 3.60000000 16.70000000  0.00000000   7.40000000    (-,-) 
  u411/Y         -       C->Y  F     OR4x2_ASAP7_75t_R        2 1.60000000 17.80000000 47.70000000  55.10000000    (-,-) 
  u412/Y         -       A->Y  F     OR3x1_ASAP7_75t_R        4 2.70000000 24.90000000 37.80000000  92.90000000    (-,-) 
  u413/Y         -       A->Y  F     OR3x1_ASAP7_75t_R        4 2.70000000 25.00000000 39.70000000 132.60000000    (-,-) 
  u414/Y         -       A->Y  F     OR3x1_ASAP7_75t_R        4 2.50000000 23.80000000 38.90000000 171.50000000    (-,-) 
  u415/Y         -       A->Y  F     OR3x1_ASAP7_75t_R       17 9.10000000 66.00000000 61.60000000 233.10000000    (-,-) 
  u428/Y         -       A->Y  R     INVx1_ASAP7_75t_R       10 5.10000000 57.60000000 46.00000000 279.10000000    (-,-) 
  u497/Y         -       B->Y  R     OR2x4_ASAP7_75t_R        1 0.40000000 10.10000000 37.30000000 316.40000000    (-,-) 
  u498/Y         -       B->Y  R     OA211x2_ASAP7_75t_R      1 0.50000000 12.10000000 25.40000000 341.80000000    (-,-) 
  u503/Y         -       A1->Y R     OA21x2_ASAP7_75t_R       1 5.80000000 31.80000000 33.40000000 375.20000000    (-,-) 
  po64           <<<     -     R     (port)                   -          -           -  0.00000000 375.20000000    (-,-) 
#------------------------------------------------------------------------------------------------------------------------



Path 9: MET (624.80000000 ps) Late External Delay Assertion at pin po63
          Group: vclk
     Startpoint: (F) pi119
          Clock: (R) vclk
       Endpoint: (R) po63
          Clock: (R) vclk

                         Capture            Launch      
        Clock Edge:+  1000.00000000      0.00000000     
        Drv Adjust:+     0.00000000      7.40000000     
       Src Latency:+     0.00000000      0.00000000     
       Net Latency:+     0.00000000 (I)  0.00000000 (I) 
           Arrival:=  1000.00000000      7.40000000     
                                                        
      Output Delay:-     0.00000000                     
     Required Time:=  1000.00000000                     
      Launch Clock:-     7.40000000                     
       Input Delay:-     0.00000000                     
         Data Path:-   367.80000000                     
             Slack:=   624.80000000                     

Exceptions/Constraints:
  input_delay           0.00000000         in_del_119_1   
  output_delay          0.00000000         ou_del_341_1   

#------------------------------------------------------------------------------------------------------------------------
# Timing Point   Flags   Arc   Edge        Cell          Fanout    Load       Trans       Delay       Arrival   Instance 
#                                                                  (fF)        (ps)        (ps)        (ps)     Location 
#------------------------------------------------------------------------------------------------------------------------
  pi119          <<<     -     F     (arrival)                5 3.60000000 16.70000000  0.00000000   7.40000000    (-,-) 
  u411/Y         -       C->Y  F     OR4x2_ASAP7_75t_R        2 1.60000000 17.80000000 47.70000000  55.10000000    (-,-) 
  u412/Y         -       A->Y  F     OR3x1_ASAP7_75t_R        4 2.70000000 24.90000000 37.80000000  92.90000000    (-,-) 
  u413/Y         -       A->Y  F     OR3x1_ASAP7_75t_R        4 2.70000000 25.00000000 39.70000000 132.60000000    (-,-) 
  u414/Y         -       A->Y  F     OR3x1_ASAP7_75t_R        4 2.50000000 23.80000000 38.90000000 171.50000000    (-,-) 
  u415/Y         -       A->Y  F     OR3x1_ASAP7_75t_R       17 9.10000000 66.00000000 61.60000000 233.10000000    (-,-) 
  u428/Y         -       A->Y  R     INVx1_ASAP7_75t_R       10 5.10000000 57.60000000 46.00000000 279.10000000    (-,-) 
  u490/Y         -       B->Y  R     OR2x4_ASAP7_75t_R        1 0.40000000 10.10000000 37.30000000 316.40000000    (-,-) 
  u491/Y         -       B->Y  R     OA211x2_ASAP7_75t_R      1 0.50000000 12.10000000 25.40000000 341.80000000    (-,-) 
  u496/Y         -       A1->Y R     OA21x2_ASAP7_75t_R       1 5.80000000 31.80000000 33.40000000 375.20000000    (-,-) 
  po63           <<<     -     R     (port)                   -          -           -  0.00000000 375.20000000    (-,-) 
#------------------------------------------------------------------------------------------------------------------------



Path 10: MET (624.80000000 ps) Late External Delay Assertion at pin po62
          Group: vclk
     Startpoint: (F) pi119
          Clock: (R) vclk
       Endpoint: (R) po62
          Clock: (R) vclk

                         Capture            Launch      
        Clock Edge:+  1000.00000000      0.00000000     
        Drv Adjust:+     0.00000000      7.40000000     
       Src Latency:+     0.00000000      0.00000000     
       Net Latency:+     0.00000000 (I)  0.00000000 (I) 
           Arrival:=  1000.00000000      7.40000000     
                                                        
      Output Delay:-     0.00000000                     
     Required Time:=  1000.00000000                     
      Launch Clock:-     7.40000000                     
       Input Delay:-     0.00000000                     
         Data Path:-   367.80000000                     
             Slack:=   624.80000000                     

Exceptions/Constraints:
  input_delay           0.00000000         in_del_119_1   
  output_delay          0.00000000         ou_del_340_1   

#------------------------------------------------------------------------------------------------------------------------
# Timing Point   Flags   Arc   Edge        Cell          Fanout    Load       Trans       Delay       Arrival   Instance 
#                                                                  (fF)        (ps)        (ps)        (ps)     Location 
#------------------------------------------------------------------------------------------------------------------------
  pi119          <<<     -     F     (arrival)                5 3.60000000 16.70000000  0.00000000   7.40000000    (-,-) 
  u411/Y         -       C->Y  F     OR4x2_ASAP7_75t_R        2 1.60000000 17.80000000 47.70000000  55.10000000    (-,-) 
  u412/Y         -       A->Y  F     OR3x1_ASAP7_75t_R        4 2.70000000 24.90000000 37.80000000  92.90000000    (-,-) 
  u413/Y         -       A->Y  F     OR3x1_ASAP7_75t_R        4 2.70000000 25.00000000 39.70000000 132.60000000    (-,-) 
  u414/Y         -       A->Y  F     OR3x1_ASAP7_75t_R        4 2.50000000 23.80000000 38.90000000 171.50000000    (-,-) 
  u415/Y         -       A->Y  F     OR3x1_ASAP7_75t_R       17 9.10000000 66.00000000 61.60000000 233.10000000    (-,-) 
  u428/Y         -       A->Y  R     INVx1_ASAP7_75t_R       10 5.10000000 57.60000000 46.00000000 279.10000000    (-,-) 
  u483/Y         -       B->Y  R     OR2x4_ASAP7_75t_R        1 0.40000000 10.10000000 37.30000000 316.40000000    (-,-) 
  u484/Y         -       B->Y  R     OA211x2_ASAP7_75t_R      1 0.50000000 12.10000000 25.40000000 341.80000000    (-,-) 
  u489/Y         -       A1->Y R     OA21x2_ASAP7_75t_R       1 5.80000000 31.80000000 33.40000000 375.20000000    (-,-) 
  po62           <<<     -     R     (port)                   -          -           -  0.00000000 375.20000000    (-,-) 
#------------------------------------------------------------------------------------------------------------------------

