============================================================
  Generated by:           Genus(TM) Synthesis Solution 23.14-s090_1
  Generated on:           Sep 12 2026  01:33:45 am
  Module:                 simple_spi
  Operating conditions:   PVT_0P7V_25C (balanced_tree)
  Wireload mode:          enclosed
  Area mode:              timing library
============================================================


Path 1: MET (566.70000000 ps) Late External Delay Assertion at pin po69
          Group: vclk
     Startpoint: (F) pi119
          Clock: (R) vclk
       Endpoint: (R) po69
          Clock: (R) vclk

                         Capture            Launch      
        Clock Edge:+  1000.00000000      0.00000000     
        Drv Adjust:+     0.00000000      7.40000000     
       Src Latency:+     0.00000000      0.00000000     
       Net Latency:+     0.00000000 (I)  0.00000000 (I) 
           Arrival:=  1000.00000000      7.40000000     
                                                        
      Output Delay:-     0.00000000                     
     Required Time:=  1000.00000000                     
      Launch Clock:-     7.40000000                     
       Input Delay:-     0.00000000                     
         Data Path:-   425.90000000                     
             Slack:=   566.70000000                     

Exceptions/Constraints:
  input_delay           0.00000000         in_del_1811_1   
  output_delay          0.00000000         ou_del_2039_1   

#------------------------------------------------------------------------------------------------------------------------
# Timing Point   Flags   Arc   Edge        Cell          Fanout    Load       Trans       Delay       Arrival   Instance 
#                                                                  (fF)        (ps)        (ps)        (ps)     Location 
#------------------------------------------------------------------------------------------------------------------------
  pi119          <<<     -     F     (arrival)                5 3.60000000 16.70000000  0.00000000   7.40000000    (-,-) 
  _nid_220/Y     -       C->Y  F     OR4x2_ASAP7_75t_R        2 1.60000000 17.80000000 47.70000000  55.10000000    (-,-) 
  _nid_223/Y     -       A->Y  F     OR3x1_ASAP7_75t_R        4 2.70000000 24.90000000 37.80000000  92.90000000    (-,-) 
  _nid_226/Y     -       A->Y  F     OR3x1_ASAP7_75t_R        3 2.10000000 21.20000000 37.30000000 130.20000000    (-,-) 
  _nid_229/Y     -       A->Y  F     OR3x1_ASAP7_75t_R        3 1.90000000 19.80000000 35.40000000 165.60000000    (-,-) 
  _nid_232/Y     -       A->Y  F     OR3x1_ASAP7_75t_R       17 9.10000000 66.00000000 60.50000000 226.10000000    (-,-) 
  _nid_272/Y     -       A->Y  F     AND3x1_ASAP7_75t_R      15 8.70000000 61.00000000 54.70000000 280.80000000    (-,-) 
  _nid_394/Y     -       A->Y  R     INVx1_ASAP7_75t_R        4 2.30000000 35.10000000 30.00000000 310.80000000    (-,-) 
  _nid_395/Y     -       A->Y  R     AND3x1_ASAP7_75t_R       2 1.10000000 16.60000000 31.80000000 342.60000000    (-,-) 
  _nid_396/Y     -       B->Y  R     AO21x1_ASAP7_75t_R       2 1.20000000 15.50000000 19.50000000 362.10000000    (-,-) 
  _nid_397/Y     -       A->Y  F     INVx1_ASAP7_75t_R        1 0.40000000  7.30000000  7.70000000 369.80000000    (-,-) 
  _nid_402/Y     -       B->Y  F     OA211x2_ASAP7_75t_R      1 0.60000000 12.80000000 33.60000000 403.40000000    (-,-) 
  _nid_403/Y     -       A->Y  R     INVx1_ASAP7_75t_R        1 5.80000000 52.90000000 29.90000000 433.30000000    (-,-) 
  po69           <<<     -     R     (port)                   -          -           -  0.00000000 433.30000000    (-,-) 
#------------------------------------------------------------------------------------------------------------------------



Path 2: MET (600.10000000 ps) Late External Delay Assertion at pin po76
          Group: vclk
     Startpoint: (F) pi119
          Clock: (R) vclk
       Endpoint: (R) po76
          Clock: (R) vclk

                         Capture            Launch      
        Clock Edge:+  1000.00000000      0.00000000     
        Drv Adjust:+     0.00000000      7.40000000     
       Src Latency:+     0.00000000      0.00000000     
       Net Latency:+     0.00000000 (I)  0.00000000 (I) 
           Arrival:=  1000.00000000      7.40000000     
                                                        
      Output Delay:-     0.00000000                     
     Required Time:=  1000.00000000                     
      Launch Clock:-     7.40000000                     
       Input Delay:-     0.00000000                     
         Data Path:-   392.50000000                     
             Slack:=   600.10000000                     

Exceptions/Constraints:
  input_delay           0.00000000         in_del_1811_1   
  output_delay          0.00000000         ou_del_2046_1   

#-----------------------------------------------------------------------------------------------------------------------
# Timing Point   Flags   Arc   Edge        Cell         Fanout    Load       Trans       Delay       Arrival   Instance 
#                                                                 (fF)        (ps)        (ps)        (ps)     Location 
#-----------------------------------------------------------------------------------------------------------------------
  pi119          <<<     -     F     (arrival)               5 3.60000000 16.70000000  0.00000000   7.40000000    (-,-) 
  _nid_220/Y     -       C->Y  F     OR4x2_ASAP7_75t_R       2 1.60000000 17.80000000 47.70000000  55.10000000    (-,-) 
  _nid_223/Y     -       A->Y  F     OR3x1_ASAP7_75t_R       4 2.70000000 24.90000000 37.80000000  92.90000000    (-,-) 
  _nid_226/Y     -       A->Y  F     OR3x1_ASAP7_75t_R       3 2.10000000 21.20000000 37.30000000 130.20000000    (-,-) 
  _nid_229/Y     -       A->Y  F     OR3x1_ASAP7_75t_R       3 1.90000000 19.80000000 35.40000000 165.60000000    (-,-) 
  _nid_232/Y     -       A->Y  F     OR3x1_ASAP7_75t_R      17 9.10000000 66.00000000 60.50000000 226.10000000    (-,-) 
  _nid_272/Y     -       A->Y  F     AND3x1_ASAP7_75t_R     15 8.70000000 61.00000000 54.70000000 280.80000000    (-,-) 
  _nid_394/Y     -       A->Y  R     INVx1_ASAP7_75t_R       4 2.30000000 35.10000000 30.00000000 310.80000000    (-,-) 
  _nid_395/Y     -       A->Y  R     AND3x1_ASAP7_75t_R      2 1.10000000 16.60000000 31.80000000 342.60000000    (-,-) 
  _nid_396/Y     -       B->Y  R     AO21x1_ASAP7_75t_R      2 1.20000000 15.50000000 19.50000000 362.10000000    (-,-) 
  _nid_431/Y     -       B->Y  R     AO21x1_ASAP7_75t_R      1 5.80000000 54.80000000 37.80000000 399.90000000    (-,-) 
  po76           <<<     -     R     (port)                  -          -           -  0.00000000 399.90000000    (-,-) 
#-----------------------------------------------------------------------------------------------------------------------



Path 3: MET (615.40000000 ps) Late External Delay Assertion at pin po71
          Group: vclk
     Startpoint: (F) pi119
          Clock: (R) vclk
       Endpoint: (R) po71
          Clock: (R) vclk

                         Capture            Launch      
        Clock Edge:+  1000.00000000      0.00000000     
        Drv Adjust:+     0.00000000      7.40000000     
       Src Latency:+     0.00000000      0.00000000     
       Net Latency:+     0.00000000 (I)  0.00000000 (I) 
           Arrival:=  1000.00000000      7.40000000     
                                                        
      Output Delay:-     0.00000000                     
     Required Time:=  1000.00000000                     
      Launch Clock:-     7.40000000                     
       Input Delay:-     0.00000000                     
         Data Path:-   377.20000000                     
             Slack:=   615.40000000                     

Exceptions/Constraints:
  input_delay           0.00000000         in_del_1811_1   
  output_delay          0.00000000         ou_del_2041_1   

#------------------------------------------------------------------------------------------------------------------------
# Timing Point   Flags   Arc   Edge        Cell          Fanout    Load       Trans       Delay       Arrival   Instance 
#                                                                  (fF)        (ps)        (ps)        (ps)     Location 
#------------------------------------------------------------------------------------------------------------------------
  pi119          <<<     -     F     (arrival)                5 3.60000000 16.70000000  0.00000000   7.40000000    (-,-) 
  _nid_220/Y     -       C->Y  F     OR4x2_ASAP7_75t_R        2 1.60000000 17.80000000 47.70000000  55.10000000    (-,-) 
  _nid_223/Y     -       A->Y  F     OR3x1_ASAP7_75t_R        4 2.70000000 24.90000000 37.80000000  92.90000000    (-,-) 
  _nid_226/Y     -       A->Y  F     OR3x1_ASAP7_75t_R        3 2.10000000 21.20000000 37.30000000 130.20000000    (-,-) 
  _nid_229/Y     -       A->Y  F     OR3x1_ASAP7_75t_R        3 1.90000000 19.80000000 35.40000000 165.60000000    (-,-) 
  _nid_232/Y     -       A->Y  F     OR3x1_ASAP7_75t_R       17 9.10000000 66.00000000 60.50000000 226.10000000    (-,-) 
  _nid_272/Y     -       A->Y  F     AND3x1_ASAP7_75t_R      15 8.70000000 61.00000000 54.70000000 280.80000000    (-,-) 
  _nid_394/Y     -       A->Y  R     INVx1_ASAP7_75t_R        4 2.30000000 35.10000000 30.00000000 310.80000000    (-,-) 
  _nid_395/Y     -       A->Y  R     AND3x1_ASAP7_75t_R       2 1.10000000 16.60000000 31.80000000 342.60000000    (-,-) 
  _nid_411/Y     -       B2->Y R     AO221x2_ASAP7_75t_R      1 5.80000000 34.50000000 42.00000000 384.60000000    (-,-) 
  po71           <<<     -     R     (port)                   -          -           -  0.00000000 384.60000000    (-,-) 
#------------------------------------------------------------------------------------------------------------------------



Path 4: MET (621.20000000 ps) Late External Delay Assertion at pin po57
          Group: vclk
     Startpoint: (F) pi119
          Clock: (R) vclk
       Endpoint: (R) po57
          Clock: (R) vclk

                         Capture            Launch      
        Clock Edge:+  1000.00000000      0.00000000     
        Drv Adjust:+     0.00000000      7.40000000     
       Src Latency:+     0.00000000      0.00000000     
       Net Latency:+     0.00000000 (I)  0.00000000 (I) 
           Arrival:=  1000.00000000      7.40000000     
                                                        
      Output Delay:-     0.00000000                     
     Required Time:=  1000.00000000                     
      Launch Clock:-     7.40000000                     
       Input Delay:-     0.00000000                     
         Data Path:-   371.40000000                     
             Slack:=   621.20000000                     

Exceptions/Constraints:
  input_delay           0.00000000         in_del_1811_1   
  output_delay          0.00000000         ou_del_2027_1   

#-----------------------------------------------------------------------------------------------------------------------
# Timing Point   Flags   Arc   Edge        Cell         Fanout    Load       Trans       Delay       Arrival   Instance 
#                                                                 (fF)        (ps)        (ps)        (ps)     Location 
#-----------------------------------------------------------------------------------------------------------------------
  pi119          <<<     -     F     (arrival)               5 3.60000000 16.70000000  0.00000000   7.40000000    (-,-) 
  _nid_220/Y     -       C->Y  F     OR4x2_ASAP7_75t_R       2 1.60000000 17.80000000 47.70000000  55.10000000    (-,-) 
  _nid_223/Y     -       A->Y  F     OR3x1_ASAP7_75t_R       4 2.70000000 24.90000000 37.80000000  92.90000000    (-,-) 
  _nid_226/Y     -       A->Y  F     OR3x1_ASAP7_75t_R       3 2.10000000 21.20000000 37.30000000 130.20000000    (-,-) 
  _nid_229/Y     -       A->Y  F     OR3x1_ASAP7_75t_R       3 1.90000000 19.80000000 35.40000000 165.60000000    (-,-) 
  _nid_232/Y     -       A->Y  F     OR3x1_ASAP7_75t_R      17 9.10000000 66.00000000 60.50000000 226.10000000    (-,-) 
  _nid_272/Y     -       A->Y  F     AND3x1_ASAP7_75t_R     15 8.70000000 61.00000000 54.70000000 280.80000000    (-,-) 
  _nid_273/Y     -       B->Y  R     NOR2x1_ASAP7_75t_R      6 2.90000000 40.90000000 32.40000000 313.20000000    (-,-) 
  _nid_277/Y     -       A1->Y R     AO22x1_ASAP7_75t_R      1 0.60000000 13.60000000 28.40000000 341.60000000    (-,-) 
  _nid_278/Y     -       B->Y  R     AO21x1_ASAP7_75t_R      1 5.80000000 54.40000000 37.20000000 378.80000000    (-,-) 
  po57           <<<     -     R     (port)                  -          -           -  0.00000000 378.80000000    (-,-) 
#-----------------------------------------------------------------------------------------------------------------------



Path 5: MET (628.90000000 ps) Late External Delay Assertion at pin po74
          Group: vclk
     Startpoint: (F) pi119
          Clock: (R) vclk
       Endpoint: (F) po74
          Clock: (R) vclk

                         Capture            Launch      
        Clock Edge:+  1000.00000000      0.00000000     
        Drv Adjust:+     0.00000000      7.40000000     
       Src Latency:+     0.00000000      0.00000000     
       Net Latency:+     0.00000000 (I)  0.00000000 (I) 
           Arrival:=  1000.00000000      7.40000000     
                                                        
      Output Delay:-     0.00000000                     
     Required Time:=  1000.00000000                     
      Launch Clock:-     7.40000000                     
       Input Delay:-     0.00000000                     
         Data Path:-   363.70000000                     
             Slack:=   628.90000000                     

Exceptions/Constraints:
  input_delay           0.00000000         in_del_1811_1   
  output_delay          0.00000000         ou_del_2044_1   

#-----------------------------------------------------------------------------------------------------------------------
# Timing Point   Flags   Arc   Edge        Cell         Fanout    Load       Trans       Delay       Arrival   Instance 
#                                                                 (fF)        (ps)        (ps)        (ps)     Location 
#-----------------------------------------------------------------------------------------------------------------------
  pi119          <<<     -     F     (arrival)               5 3.60000000 16.70000000  0.00000000   7.40000000    (-,-) 
  _nid_220/Y     -       C->Y  F     OR4x2_ASAP7_75t_R       2 1.60000000 17.80000000 47.70000000  55.10000000    (-,-) 
  _nid_223/Y     -       A->Y  F     OR3x1_ASAP7_75t_R       4 2.70000000 24.90000000 37.80000000  92.90000000    (-,-) 
  _nid_226/Y     -       A->Y  F     OR3x1_ASAP7_75t_R       3 2.10000000 21.20000000 37.30000000 130.20000000    (-,-) 
  _nid_229/Y     -       A->Y  F     OR3x1_ASAP7_75t_R       3 1.90000000 19.80000000 35.40000000 165.60000000    (-,-) 
  _nid_232/Y     -       A->Y  F     OR3x1_ASAP7_75t_R      17 9.10000000 66.00000000 60.50000000 226.10000000    (-,-) 
  _nid_272/Y     -       A->Y  F     AND3x1_ASAP7_75t_R     15 8.70000000 61.00000000 54.70000000 280.80000000    (-,-) 
  _nid_422/Y     -       A->Y  F     OR4x2_ASAP7_75t_R       2 1.20000000 17.00000000 54.10000000 334.90000000    (-,-) 
  _nid_424/Y     -       A1->Y F     OA21x2_ASAP7_75t_R      1 5.80000000 25.60000000 36.20000000 371.10000000    (-,-) 
  po74           <<<     -     F     (port)                  -          -           -  0.00000000 371.10000000    (-,-) 
#-----------------------------------------------------------------------------------------------------------------------



Path 6: MET (633.90000000 ps) Late External Delay Assertion at pin po67
          Group: vclk
     Startpoint: (F) pi119
          Clock: (R) vclk
       Endpoint: (R) po67
          Clock: (R) vclk

                         Capture            Launch      
        Clock Edge:+  1000.00000000      0.00000000     
        Drv Adjust:+     0.00000000      7.40000000     
       Src Latency:+     0.00000000      0.00000000     
       Net Latency:+     0.00000000 (I)  0.00000000 (I) 
           Arrival:=  1000.00000000      7.40000000     
                                                        
      Output Delay:-     0.00000000                     
     Required Time:=  1000.00000000                     
      Launch Clock:-     7.40000000                     
       Input Delay:-     0.00000000                     
         Data Path:-   358.70000000                     
             Slack:=   633.90000000                     

Exceptions/Constraints:
  input_delay           0.00000000         in_del_1811_1   
  output_delay          0.00000000         ou_del_2037_1   

#-----------------------------------------------------------------------------------------------------------------------
# Timing Point   Flags   Arc   Edge        Cell         Fanout    Load       Trans       Delay       Arrival   Instance 
#                                                                 (fF)        (ps)        (ps)        (ps)     Location 
#-----------------------------------------------------------------------------------------------------------------------
  pi119          <<<     -     F     (arrival)               5 3.60000000 16.70000000  0.00000000   7.40000000    (-,-) 
  _nid_220/Y     -       C->Y  F     OR4x2_ASAP7_75t_R       2 1.60000000 17.80000000 47.70000000  55.10000000    (-,-) 
  _nid_223/Y     -       A->Y  F     OR3x1_ASAP7_75t_R       4 2.70000000 24.90000000 37.80000000  92.90000000    (-,-) 
  _nid_226/Y     -       A->Y  F     OR3x1_ASAP7_75t_R       3 2.10000000 21.20000000 37.30000000 130.20000000    (-,-) 
  _nid_229/Y     -       A->Y  F     OR3x1_ASAP7_75t_R       3 1.90000000 19.80000000 35.40000000 165.60000000    (-,-) 
  _nid_232/Y     -       A->Y  F     OR3x1_ASAP7_75t_R      17 9.10000000 66.00000000 60.50000000 226.10000000    (-,-) 
  _nid_272/Y     -       A->Y  F     AND3x1_ASAP7_75t_R     15 8.70000000 61.00000000 54.70000000 280.80000000    (-,-) 
  _nid_273/Y     -       B->Y  R     NOR2x1_ASAP7_75t_R      6 2.90000000 40.90000000 32.40000000 313.20000000    (-,-) 
  _nid_385/Y     -       A2->Y R     AO32x1_ASAP7_75t_R      1 5.80000000 56.80000000 52.90000000 366.10000000    (-,-) 
  po67           <<<     -     R     (port)                  -          -           -  0.00000000 366.10000000    (-,-) 
#-----------------------------------------------------------------------------------------------------------------------



Path 7: MET (634.80000000 ps) Late External Delay Assertion at pin po53
          Group: vclk
     Startpoint: (F) pi119
          Clock: (R) vclk
       Endpoint: (R) po53
          Clock: (R) vclk

                         Capture            Launch      
        Clock Edge:+  1000.00000000      0.00000000     
        Drv Adjust:+     0.00000000      7.40000000     
       Src Latency:+     0.00000000      0.00000000     
       Net Latency:+     0.00000000 (I)  0.00000000 (I) 
           Arrival:=  1000.00000000      7.40000000     
                                                        
      Output Delay:-     0.00000000                     
     Required Time:=  1000.00000000                     
      Launch Clock:-     7.40000000                     
       Input Delay:-     0.00000000                     
         Data Path:-   357.80000000                     
             Slack:=   634.80000000                     

Exceptions/Constraints:
  input_delay           0.00000000         in_del_1811_1   
  output_delay          0.00000000         ou_del_2023_1   

#-----------------------------------------------------------------------------------------------------------------------
# Timing Point   Flags   Arc   Edge        Cell         Fanout    Load       Trans       Delay       Arrival   Instance 
#                                                                 (fF)        (ps)        (ps)        (ps)     Location 
#-----------------------------------------------------------------------------------------------------------------------
  pi119          <<<     -     F     (arrival)               5 3.60000000 16.70000000  0.00000000   7.40000000    (-,-) 
  _nid_220/Y     -       C->Y  F     OR4x2_ASAP7_75t_R       2 1.60000000 17.80000000 47.70000000  55.10000000    (-,-) 
  _nid_223/Y     -       A->Y  F     OR3x1_ASAP7_75t_R       4 2.70000000 24.90000000 37.80000000  92.90000000    (-,-) 
  _nid_226/Y     -       A->Y  F     OR3x1_ASAP7_75t_R       3 2.10000000 21.20000000 37.30000000 130.20000000    (-,-) 
  _nid_229/Y     -       A->Y  F     OR3x1_ASAP7_75t_R       3 1.90000000 19.80000000 35.40000000 165.60000000    (-,-) 
  _nid_232/Y     -       A->Y  F     OR3x1_ASAP7_75t_R      17 9.10000000 66.00000000 60.50000000 226.10000000    (-,-) 
  _nid_246/Y     -       A->Y  R     INVx1_ASAP7_75t_R      10 5.90000000 63.60000000 49.90000000 276.00000000    (-,-) 
  _nid_247/Y     -       A1->Y R     OA21x2_ASAP7_75t_R      1 0.40000000  9.40000000 33.20000000 309.20000000    (-,-) 
  _nid_248/Y     -       B2->Y R     AO32x1_ASAP7_75t_R      1 0.60000000 13.00000000 23.00000000 332.20000000    (-,-) 
  _nid_249/Y     -       A2->Y R     OA21x2_ASAP7_75t_R      1 5.80000000 31.80000000 33.00000000 365.20000000    (-,-) 
  po53           <<<     -     R     (port)                  -          -           -  0.00000000 365.20000000    (-,-) 
#-----------------------------------------------------------------------------------------------------------------------



Path 8: MET (635.70000000 ps) Late External Delay Assertion at pin po75
          Group: vclk
     Startpoint: (F) pi119
          Clock: (R) vclk
       Endpoint: (F) po75
          Clock: (R) vclk

                         Capture            Launch      
        Clock Edge:+  1000.00000000      0.00000000     
        Drv Adjust:+     0.00000000      7.40000000     
       Src Latency:+     0.00000000      0.00000000     
       Net Latency:+     0.00000000 (I)  0.00000000 (I) 
           Arrival:=  1000.00000000      7.40000000     
                                                        
      Output Delay:-     0.00000000                     
     Required Time:=  1000.00000000                     
      Launch Clock:-     7.40000000                     
       Input Delay:-     0.00000000                     
         Data Path:-   356.90000000                     
             Slack:=   635.70000000                     

Exceptions/Constraints:
  input_delay           0.00000000         in_del_1811_1   
  output_delay          0.00000000         ou_del_2045_1   

#-----------------------------------------------------------------------------------------------------------------------
# Timing Point   Flags   Arc   Edge        Cell         Fanout    Load       Trans       Delay       Arrival   Instance 
#                                                                 (fF)        (ps)        (ps)        (ps)     Location 
#-----------------------------------------------------------------------------------------------------------------------
  pi119          <<<     -     F     (arrival)               5 3.60000000 16.70000000  0.00000000   7.40000000    (-,-) 
  _nid_220/Y     -       C->Y  F     OR4x2_ASAP7_75t_R       2 1.60000000 17.80000000 47.70000000  55.10000000    (-,-) 
  _nid_223/Y     -       A->Y  F     OR3x1_ASAP7_75t_R       4 2.70000000 24.90000000 37.80000000  92.90000000    (-,-) 
  _nid_226/Y     -       A->Y  F     OR3x1_ASAP7_75t_R       3 2.10000000 21.20000000 37.30000000 130.20000000    (-,-) 
  _nid_229/Y     -       A->Y  F     OR3x1_ASAP7_75t_R       3 1.90000000 19.80000000 35.40000000 165.60000000    (-,-) 
  _nid_232/Y     -       A->Y  F     OR3x1_ASAP7_75t_R      17 9.10000000 66.00000000 60.50000000 226.10000000    (-,-) 
  _nid_272/Y     -       A->Y  F     AND3x1_ASAP7_75t_R     15 8.70000000 61.00000000 54.70000000 280.80000000    (-,-) 
  _nid_422/Y     -       A->Y  F     OR4x2_ASAP7_75t_R       2 1.20000000 17.00000000 54.10000000 334.90000000    (-,-) 
  _nid_427/Y     -       B->Y  F     OA21x2_ASAP7_75t_R      1 5.80000000 25.90000000 29.40000000 364.30000000    (-,-) 
  po75           <<<     -     F     (port)                  -          -           -  0.00000000 364.30000000    (-,-) 
#-----------------------------------------------------------------------------------------------------------------------



Path 9: MET (635.80000000 ps) Late External Delay Assertion at pin po72
          Group: vclk
     Startpoint: (F) pi119
          Clock: (R) vclk
       Endpoint: (R) po72
          Clock: (R) vclk

                         Capture            Launch      
        Clock Edge:+  1000.00000000      0.00000000     
        Drv Adjust:+     0.00000000      7.40000000     
       Src Latency:+     0.00000000      0.00000000     
       Net Latency:+     0.00000000 (I)  0.00000000 (I) 
           Arrival:=  1000.00000000      7.40000000     
                                                        
      Output Delay:-     0.00000000                     
     Required Time:=  1000.00000000                     
      Launch Clock:-     7.40000000                     
       Input Delay:-     0.00000000                     
         Data Path:-   356.80000000                     
             Slack:=   635.80000000                     

Exceptions/Constraints:
  input_delay           0.00000000         in_del_1811_1   
  output_delay          0.00000000         ou_del_2042_1   

#-----------------------------------------------------------------------------------------------------------------------
# Timing Point   Flags   Arc   Edge        Cell         Fanout    Load       Trans       Delay       Arrival   Instance 
#                                                                 (fF)        (ps)        (ps)        (ps)     Location 
#-----------------------------------------------------------------------------------------------------------------------
  pi119          <<<     -     F     (arrival)               5 3.60000000 16.70000000  0.00000000   7.40000000    (-,-) 
  _nid_220/Y     -       C->Y  F     OR4x2_ASAP7_75t_R       2 1.60000000 17.80000000 47.70000000  55.10000000    (-,-) 
  _nid_223/Y     -       A->Y  F     OR3x1_ASAP7_75t_R       4 2.70000000 24.90000000 37.80000000  92.90000000    (-,-) 
  _nid_226/Y     -       A->Y  F     OR3x1_ASAP7_75t_R       3 2.10000000 21.20000000 37.30000000 130.20000000    (-,-) 
  _nid_229/Y     -       A->Y  F     OR3x1_ASAP7_75t_R       3 1.90000000 19.80000000 35.40000000 165.60000000    (-,-) 
  _nid_232/Y     -       A->Y  F     OR3x1_ASAP7_75t_R      17 9.10000000 66.00000000 60.50000000 226.10000000    (-,-) 
  _nid_272/Y     -       A->Y  F     AND3x1_ASAP7_75t_R     15 8.70000000 61.00000000 54.70000000 280.80000000    (-,-) 
  _nid_273/Y     -       B->Y  R     NOR2x1_ASAP7_75t_R      6 2.90000000 40.90000000 32.40000000 313.20000000    (-,-) 
  _nid_414/Y     -       A1->Y R     AO22x1_ASAP7_75t_R      1 5.80000000 56.10000000 51.00000000 364.20000000    (-,-) 
  po72           <<<     -     R     (port)                  -          -           -  0.00000000 364.20000000    (-,-) 
#-----------------------------------------------------------------------------------------------------------------------



Path 10: MET (640.90000000 ps) Late External Delay Assertion at pin po58
          Group: vclk
     Startpoint: (F) pi119
          Clock: (R) vclk
       Endpoint: (R) po58
          Clock: (R) vclk

                         Capture            Launch      
        Clock Edge:+  1000.00000000      0.00000000     
        Drv Adjust:+     0.00000000      7.40000000     
       Src Latency:+     0.00000000      0.00000000     
       Net Latency:+     0.00000000 (I)  0.00000000 (I) 
           Arrival:=  1000.00000000      7.40000000     
                                                        
      Output Delay:-     0.00000000                     
     Required Time:=  1000.00000000                     
      Launch Clock:-     7.40000000                     
       Input Delay:-     0.00000000                     
         Data Path:-   351.70000000                     
             Slack:=   640.90000000                     

Exceptions/Constraints:
  input_delay           0.00000000         in_del_1811_1   
  output_delay          0.00000000         ou_del_2028_1   

#------------------------------------------------------------------------------------------------------------------------
# Timing Point   Flags   Arc   Edge        Cell          Fanout    Load       Trans       Delay       Arrival   Instance 
#                                                                  (fF)        (ps)        (ps)        (ps)     Location 
#------------------------------------------------------------------------------------------------------------------------
  pi119          <<<     -     F     (arrival)                5 3.60000000 16.70000000  0.00000000   7.40000000    (-,-) 
  _nid_220/Y     -       C->Y  F     OR4x2_ASAP7_75t_R        2 1.60000000 17.80000000 47.70000000  55.10000000    (-,-) 
  _nid_223/Y     -       A->Y  F     OR3x1_ASAP7_75t_R        4 2.70000000 24.90000000 37.80000000  92.90000000    (-,-) 
  _nid_226/Y     -       A->Y  F     OR3x1_ASAP7_75t_R        3 2.10000000 21.20000000 37.30000000 130.20000000    (-,-) 
  _nid_229/Y     -       A->Y  F     OR3x1_ASAP7_75t_R        3 1.90000000 19.80000000 35.40000000 165.60000000    (-,-) 
  _nid_232/Y     -       A->Y  F     OR3x1_ASAP7_75t_R       17 9.10000000 66.00000000 60.50000000 226.10000000    (-,-) 
  _nid_246/Y     -       A->Y  R     INVx1_ASAP7_75t_R       10 5.90000000 63.60000000 49.90000000 276.00000000    (-,-) 
  _nid_280/Y     -       B->Y  R     AO21x1_ASAP7_75t_R       1 0.40000000  9.20000000 24.50000000 300.50000000    (-,-) 
  _nid_281/Y     -       B->Y  R     OA211x2_ASAP7_75t_R      1 0.50000000 12.10000000 25.20000000 325.70000000    (-,-) 
  _nid_292/Y     -       A1->Y R     OA21x2_ASAP7_75t_R       1 5.80000000 31.80000000 33.40000000 359.10000000    (-,-) 
  po58           <<<     -     R     (port)                   -          -           -  0.00000000 359.10000000    (-,-) 
#------------------------------------------------------------------------------------------------------------------------

