Units
----------------------------------------
LIBRARY                asap7sc7p5t_AO_RVT_TT_nldm_211120
Time_unit              :1ps
Capacitive_load_unit   :1.0fF
Resistance_unit        :1kohm
Voltage_unit           :1V
Current_unit           :1mA
Power_unit             :nW 

LIBRARY                asap7sc7p5t_INVBUF_RVT_TT_nldm_211120
Time_unit              :1ps
Capacitive_load_unit   :1.0fF
Resistance_unit        :1kohm
Voltage_unit           :1V
Current_unit           :1mA
Power_unit             :nW 

LIBRARY                asap7sc7p5t_OA_RVT_TT_nldm_211120
Time_unit              :1ps
Capacitive_load_unit   :1.0fF
Resistance_unit        :1kohm
Voltage_unit           :1V
Current_unit           :1mA
Power_unit             :nW 

LIBRARY                asap7sc7p5t_SIMPLE_RVT_TT_nldm_211120
Time_unit              :1ps
Capacitive_load_unit   :1.0fF
Resistance_unit        :1kohm
Voltage_unit           :1V
Current_unit           :1mA
Power_unit             :nW 

