============================================================
  Generated by:           Genus(TM) Synthesis Solution 23.14-s090_1
  Generated on:           Sep 14 2026  08:31:41 pm
  Module:                 RISC
  Operating conditions:   PVT_0P7V_25C (balanced_tree)
  Wireload mode:          enclosed
  Area mode:              timing library
============================================================


Path 1: VIOLATED (-8347.70000000 ps) Late External Delay Assertion at pin po1086
          Group: vclk
     Startpoint: (F) pi14311
          Clock: (R) vclk
       Endpoint: (R) po1086
          Clock: (R) vclk

                         Capture            Launch      
        Clock Edge:+  1000.00000000      0.00000000     
        Drv Adjust:+     0.00000000      2.40000000     
       Src Latency:+     0.00000000      0.00000000     
       Net Latency:+     0.00000000 (I)  0.00000000 (I) 
           Arrival:=  1000.00000000      2.40000000     
                                                        
      Output Delay:-     0.00000000                     
     Required Time:=  1000.00000000                     
      Launch Clock:-     2.40000000                     
       Input Delay:-     0.00000000                     
         Data Path:-  9345.30000000                     
             Slack:= -8347.70000000                     

Exceptions/Constraints:
  input_delay           0.00000000         in_del_4310_2   
  output_delay          0.00000000         ou_del_6761_2   

#-------------------------------------------------------------------------------------------------------------------------------
# Timing Point   Flags   Arc   Edge        Cell          Fanout     Load         Trans         Delay        Arrival    Instance 
#                                                                   (fF)          (ps)          (ps)          (ps)     Location 
#-------------------------------------------------------------------------------------------------------------------------------
  pi14311        <<<     -     F     (arrival)                2   1.10000000    8.40000000    0.00000000    2.40000000    (-,-) 
  _nid_330/Y     -       D->Y  F     OR5x1_ASAP7_75t_R       12   7.50000000   61.20000000   75.30000000   77.70000000    (-,-) 
  _nid_9825/Y    -       A->Y  R     NOR2x1_ASAP7_75t_R     599 520.40000000 4368.30000000 2049.70000000 2127.40000000    (-,-) 
  _nid_9826/Y    -       A->Y  F     INVx1_ASAP7_75t_R      594 354.20000000    0.00000000 6575.70000000 8703.10000000    (-,-) 
  _nid_9827/Y    -       B->Y  F     OR3x1_ASAP7_75t_R       52  32.50000000  221.50000000  133.30000000 8836.40000000    (-,-) 
  _nid_10503/Y   -       A->Y  R     INVx1_ASAP7_75t_R       34  15.60000000  178.20000000  140.80000000 8977.20000000    (-,-) 
  _nid_10520/Y   -       A->Y  R     AND2x2_ASAP7_75t_R       5   2.70000000   20.70000000   44.40000000 9021.60000000    (-,-) 
  _nid_10522/Y   -       B->Y  R     OA211x2_ASAP7_75t_R      2   1.10000000   12.90000000   29.70000000 9051.30000000    (-,-) 
  _nid_10523/Y   -       B->Y  R     AO21x1_ASAP7_75t_R       1   0.40000000    8.70000000   15.00000000 9066.30000000    (-,-) 
  _nid_10526/Y   -       A2->Y R     AO32x1_ASAP7_75t_R      38  28.40000000  250.60000000  135.00000000 9201.30000000    (-,-) 
  _nid_11803/Y   -       A->Y  F     INVx1_ASAP7_75t_R        8   6.40000000   94.00000000   79.80000000 9281.10000000    (-,-) 
  _nid_12072/Y   -       A2->Y R     AOI21x1_ASAP7_75t_R      1   0.60000000   66.00000000   23.00000000 9304.10000000    (-,-) 
  _nid_12073/Y   -       B->Y  R     OA21x2_ASAP7_75t_R       1   5.80000000   32.20000000   43.60000000 9347.70000000    (-,-) 
  po1086         <<<     -     R     (port)                   -            -             -    0.00000000 9347.70000000    (-,-) 
#-------------------------------------------------------------------------------------------------------------------------------



Path 2: VIOLATED (-8347.70000000 ps) Late External Delay Assertion at pin po1085
          Group: vclk
     Startpoint: (F) pi14311
          Clock: (R) vclk
       Endpoint: (R) po1085
          Clock: (R) vclk

                         Capture            Launch      
        Clock Edge:+  1000.00000000      0.00000000     
        Drv Adjust:+     0.00000000      2.40000000     
       Src Latency:+     0.00000000      0.00000000     
       Net Latency:+     0.00000000 (I)  0.00000000 (I) 
           Arrival:=  1000.00000000      2.40000000     
                                                        
      Output Delay:-     0.00000000                     
     Required Time:=  1000.00000000                     
      Launch Clock:-     2.40000000                     
       Input Delay:-     0.00000000                     
         Data Path:-  9345.30000000                     
             Slack:= -8347.70000000                     

Exceptions/Constraints:
  input_delay           0.00000000         in_del_4310_2   
  output_delay          0.00000000         ou_del_6760_2   

#-------------------------------------------------------------------------------------------------------------------------------
# Timing Point   Flags   Arc   Edge        Cell          Fanout     Load         Trans         Delay        Arrival    Instance 
#                                                                   (fF)          (ps)          (ps)          (ps)     Location 
#-------------------------------------------------------------------------------------------------------------------------------
  pi14311        <<<     -     F     (arrival)                2   1.10000000    8.40000000    0.00000000    2.40000000    (-,-) 
  _nid_330/Y     -       D->Y  F     OR5x1_ASAP7_75t_R       12   7.50000000   61.20000000   75.30000000   77.70000000    (-,-) 
  _nid_9825/Y    -       A->Y  R     NOR2x1_ASAP7_75t_R     599 520.40000000 4368.30000000 2049.70000000 2127.40000000    (-,-) 
  _nid_9826/Y    -       A->Y  F     INVx1_ASAP7_75t_R      594 354.20000000    0.00000000 6575.70000000 8703.10000000    (-,-) 
  _nid_9827/Y    -       B->Y  F     OR3x1_ASAP7_75t_R       52  32.50000000  221.50000000  133.30000000 8836.40000000    (-,-) 
  _nid_10503/Y   -       A->Y  R     INVx1_ASAP7_75t_R       34  15.60000000  178.20000000  140.80000000 8977.20000000    (-,-) 
  _nid_10520/Y   -       A->Y  R     AND2x2_ASAP7_75t_R       5   2.70000000   20.70000000   44.40000000 9021.60000000    (-,-) 
  _nid_10522/Y   -       B->Y  R     OA211x2_ASAP7_75t_R      2   1.10000000   12.90000000   29.70000000 9051.30000000    (-,-) 
  _nid_10523/Y   -       B->Y  R     AO21x1_ASAP7_75t_R       1   0.40000000    8.70000000   15.00000000 9066.30000000    (-,-) 
  _nid_10526/Y   -       A2->Y R     AO32x1_ASAP7_75t_R      38  28.40000000  250.60000000  135.00000000 9201.30000000    (-,-) 
  _nid_11803/Y   -       A->Y  F     INVx1_ASAP7_75t_R        8   6.40000000   94.00000000   79.80000000 9281.10000000    (-,-) 
  _nid_12064/Y   -       A2->Y R     AOI21x1_ASAP7_75t_R      1   0.60000000   66.00000000   23.00000000 9304.10000000    (-,-) 
  _nid_12065/Y   -       B->Y  R     OA21x2_ASAP7_75t_R       1   5.80000000   32.10000000   43.60000000 9347.70000000    (-,-) 
  po1085         <<<     -     R     (port)                   -            -             -    0.00000000 9347.70000000    (-,-) 
#-------------------------------------------------------------------------------------------------------------------------------



Path 3: VIOLATED (-8347.70000000 ps) Late External Delay Assertion at pin po1066
          Group: vclk
     Startpoint: (F) pi14311
          Clock: (R) vclk
       Endpoint: (R) po1066
          Clock: (R) vclk

                         Capture            Launch      
        Clock Edge:+  1000.00000000      0.00000000     
        Drv Adjust:+     0.00000000      2.40000000     
       Src Latency:+     0.00000000      0.00000000     
       Net Latency:+     0.00000000 (I)  0.00000000 (I) 
           Arrival:=  1000.00000000      2.40000000     
                                                        
      Output Delay:-     0.00000000                     
     Required Time:=  1000.00000000                     
      Launch Clock:-     2.40000000                     
       Input Delay:-     0.00000000                     
         Data Path:-  9345.30000000                     
             Slack:= -8347.70000000                     

Exceptions/Constraints:
  input_delay           0.00000000         in_del_4310_2   
  output_delay          0.00000000         ou_del_6741_2   

#-------------------------------------------------------------------------------------------------------------------------------
# Timing Point   Flags   Arc   Edge        Cell          Fanout     Load         Trans         Delay        Arrival    Instance 
#                                                                   (fF)          (ps)          (ps)          (ps)     Location 
#-------------------------------------------------------------------------------------------------------------------------------
  pi14311        <<<     -     F     (arrival)                2   1.10000000    8.40000000    0.00000000    2.40000000    (-,-) 
  _nid_330/Y     -       D->Y  F     OR5x1_ASAP7_75t_R       12   7.50000000   61.20000000   75.30000000   77.70000000    (-,-) 
  _nid_9825/Y    -       A->Y  R     NOR2x1_ASAP7_75t_R     599 520.40000000 4368.30000000 2049.70000000 2127.40000000    (-,-) 
  _nid_9826/Y    -       A->Y  F     INVx1_ASAP7_75t_R      594 354.20000000    0.00000000 6575.70000000 8703.10000000    (-,-) 
  _nid_9827/Y    -       B->Y  F     OR3x1_ASAP7_75t_R       52  32.50000000  221.50000000  133.30000000 8836.40000000    (-,-) 
  _nid_10503/Y   -       A->Y  R     INVx1_ASAP7_75t_R       34  15.60000000  178.20000000  140.80000000 8977.20000000    (-,-) 
  _nid_10520/Y   -       A->Y  R     AND2x2_ASAP7_75t_R       5   2.70000000   20.70000000   44.40000000 9021.60000000    (-,-) 
  _nid_10522/Y   -       B->Y  R     OA211x2_ASAP7_75t_R      2   1.10000000   12.90000000   29.70000000 9051.30000000    (-,-) 
  _nid_10523/Y   -       B->Y  R     AO21x1_ASAP7_75t_R       1   0.40000000    8.70000000   15.00000000 9066.30000000    (-,-) 
  _nid_10526/Y   -       A2->Y R     AO32x1_ASAP7_75t_R      38  28.40000000  250.60000000  135.00000000 9201.30000000    (-,-) 
  _nid_11803/Y   -       A->Y  F     INVx1_ASAP7_75t_R        8   6.40000000   94.00000000   79.80000000 9281.10000000    (-,-) 
  _nid_11971/Y   -       A2->Y R     AOI21x1_ASAP7_75t_R      1   0.60000000   66.00000000   23.00000000 9304.10000000    (-,-) 
  _nid_11972/Y   -       B->Y  R     OA21x2_ASAP7_75t_R       1   5.80000000   32.20000000   43.60000000 9347.70000000    (-,-) 
  po1066         <<<     -     R     (port)                   -            -             -    0.00000000 9347.70000000    (-,-) 
#-------------------------------------------------------------------------------------------------------------------------------



Path 4: VIOLATED (-8347.70000000 ps) Late External Delay Assertion at pin po1038
          Group: vclk
     Startpoint: (F) pi14311
          Clock: (R) vclk
       Endpoint: (R) po1038
          Clock: (R) vclk

                         Capture            Launch      
        Clock Edge:+  1000.00000000      0.00000000     
        Drv Adjust:+     0.00000000      2.40000000     
       Src Latency:+     0.00000000      0.00000000     
       Net Latency:+     0.00000000 (I)  0.00000000 (I) 
           Arrival:=  1000.00000000      2.40000000     
                                                        
      Output Delay:-     0.00000000                     
     Required Time:=  1000.00000000                     
      Launch Clock:-     2.40000000                     
       Input Delay:-     0.00000000                     
         Data Path:-  9345.30000000                     
             Slack:= -8347.70000000                     

Exceptions/Constraints:
  input_delay           0.00000000         in_del_4310_2   
  output_delay          0.00000000         ou_del_6713_2   

#-------------------------------------------------------------------------------------------------------------------------------
# Timing Point   Flags   Arc   Edge        Cell          Fanout     Load         Trans         Delay        Arrival    Instance 
#                                                                   (fF)          (ps)          (ps)          (ps)     Location 
#-------------------------------------------------------------------------------------------------------------------------------
  pi14311        <<<     -     F     (arrival)                2   1.10000000    8.40000000    0.00000000    2.40000000    (-,-) 
  _nid_330/Y     -       D->Y  F     OR5x1_ASAP7_75t_R       12   7.50000000   61.20000000   75.30000000   77.70000000    (-,-) 
  _nid_9825/Y    -       A->Y  R     NOR2x1_ASAP7_75t_R     599 520.40000000 4368.30000000 2049.70000000 2127.40000000    (-,-) 
  _nid_9826/Y    -       A->Y  F     INVx1_ASAP7_75t_R      594 354.20000000    0.00000000 6575.70000000 8703.10000000    (-,-) 
  _nid_9827/Y    -       B->Y  F     OR3x1_ASAP7_75t_R       52  32.50000000  221.50000000  133.30000000 8836.40000000    (-,-) 
  _nid_10503/Y   -       A->Y  R     INVx1_ASAP7_75t_R       34  15.60000000  178.20000000  140.80000000 8977.20000000    (-,-) 
  _nid_10520/Y   -       A->Y  R     AND2x2_ASAP7_75t_R       5   2.70000000   20.70000000   44.40000000 9021.60000000    (-,-) 
  _nid_10522/Y   -       B->Y  R     OA211x2_ASAP7_75t_R      2   1.10000000   12.90000000   29.70000000 9051.30000000    (-,-) 
  _nid_10523/Y   -       B->Y  R     AO21x1_ASAP7_75t_R       1   0.40000000    8.70000000   15.00000000 9066.30000000    (-,-) 
  _nid_10526/Y   -       A2->Y R     AO32x1_ASAP7_75t_R      38  28.40000000  250.60000000  135.00000000 9201.30000000    (-,-) 
  _nid_11803/Y   -       A->Y  F     INVx1_ASAP7_75t_R        8   6.40000000   94.00000000   79.80000000 9281.10000000    (-,-) 
  _nid_11821/Y   -       A2->Y R     AOI21x1_ASAP7_75t_R      1   0.60000000   66.00000000   23.00000000 9304.10000000    (-,-) 
  _nid_11822/Y   -       B->Y  R     OA21x2_ASAP7_75t_R       1   5.80000000   32.20000000   43.60000000 9347.70000000    (-,-) 
  po1038         <<<     -     R     (port)                   -            -             -    0.00000000 9347.70000000    (-,-) 
#-------------------------------------------------------------------------------------------------------------------------------



Path 5: VIOLATED (-8286.00000000 ps) Late External Delay Assertion at pin po1127
          Group: vclk
     Startpoint: (F) pi14311
          Clock: (R) vclk
       Endpoint: (F) po1127
          Clock: (R) vclk

                         Capture            Launch      
        Clock Edge:+  1000.00000000      0.00000000     
        Drv Adjust:+     0.00000000      2.40000000     
       Src Latency:+     0.00000000      0.00000000     
       Net Latency:+     0.00000000 (I)  0.00000000 (I) 
           Arrival:=  1000.00000000      2.40000000     
                                                        
      Output Delay:-     0.00000000                     
     Required Time:=  1000.00000000                     
      Launch Clock:-     2.40000000                     
       Input Delay:-     0.00000000                     
         Data Path:-  9283.60000000                     
             Slack:= -8286.00000000                     

Exceptions/Constraints:
  input_delay           0.00000000         in_del_4310_2   
  output_delay          0.00000000         ou_del_6802_2   

#-------------------------------------------------------------------------------------------------------------------------------
# Timing Point   Flags   Arc   Edge        Cell          Fanout     Load         Trans         Delay        Arrival    Instance 
#                                                                   (fF)          (ps)          (ps)          (ps)     Location 
#-------------------------------------------------------------------------------------------------------------------------------
  pi14311        <<<     -     F     (arrival)                2   1.10000000    8.40000000    0.00000000    2.40000000    (-,-) 
  _nid_330/Y     -       D->Y  F     OR5x1_ASAP7_75t_R       12   7.50000000   61.20000000   75.30000000   77.70000000    (-,-) 
  _nid_9825/Y    -       A->Y  R     NOR2x1_ASAP7_75t_R     599 520.40000000 4368.30000000 2049.70000000 2127.40000000    (-,-) 
  _nid_9826/Y    -       A->Y  F     INVx1_ASAP7_75t_R      594 354.20000000    0.00000000 6575.70000000 8703.10000000    (-,-) 
  _nid_9827/Y    -       B->Y  F     OR3x1_ASAP7_75t_R       52  32.50000000  221.50000000  133.30000000 8836.40000000    (-,-) 
  _nid_10503/Y   -       A->Y  R     INVx1_ASAP7_75t_R       34  15.60000000  178.20000000  140.80000000 8977.20000000    (-,-) 
  _nid_10520/Y   -       A->Y  R     AND2x2_ASAP7_75t_R       5   2.70000000   20.70000000   44.40000000 9021.60000000    (-,-) 
  _nid_10522/Y   -       B->Y  R     OA211x2_ASAP7_75t_R      2   1.10000000   12.90000000   29.70000000 9051.30000000    (-,-) 
  _nid_10523/Y   -       B->Y  R     AO21x1_ASAP7_75t_R       1   0.40000000    8.70000000   15.00000000 9066.30000000    (-,-) 
  _nid_10526/Y   -       A2->Y R     AO32x1_ASAP7_75t_R      38  28.40000000  250.60000000  135.00000000 9201.30000000    (-,-) 
  _nid_12279/Y   -       A->Y  F     XOR2x2_ASAP7_75t_R       2   1.50000000   17.50000000   51.70000000 9253.00000000    (-,-) 
  _nid_12318/Y   -       A->Y  F     AND2x2_ASAP7_75t_R       1   5.80000000   36.80000000   33.00000000 9286.00000000    (-,-) 
  po1127         <<<     -     F     (port)                   -            -             -    0.00000000 9286.00000000    (-,-) 
#-------------------------------------------------------------------------------------------------------------------------------



Path 6: VIOLATED (-8285.30000000 ps) Late External Delay Assertion at pin po1118
          Group: vclk
     Startpoint: (F) pi14311
          Clock: (R) vclk
       Endpoint: (R) po1118
          Clock: (R) vclk

                         Capture            Launch      
        Clock Edge:+  1000.00000000      0.00000000     
        Drv Adjust:+     0.00000000      2.40000000     
       Src Latency:+     0.00000000      0.00000000     
       Net Latency:+     0.00000000 (I)  0.00000000 (I) 
           Arrival:=  1000.00000000      2.40000000     
                                                        
      Output Delay:-     0.00000000                     
     Required Time:=  1000.00000000                     
      Launch Clock:-     2.40000000                     
       Input Delay:-     0.00000000                     
         Data Path:-  9282.90000000                     
             Slack:= -8285.30000000                     

Exceptions/Constraints:
  input_delay           0.00000000         in_del_4310_2   
  output_delay          0.00000000         ou_del_6793_2   

#-------------------------------------------------------------------------------------------------------------------------------
# Timing Point   Flags   Arc   Edge        Cell          Fanout     Load         Trans         Delay        Arrival    Instance 
#                                                                   (fF)          (ps)          (ps)          (ps)     Location 
#-------------------------------------------------------------------------------------------------------------------------------
  pi14311        <<<     -     F     (arrival)                2   1.10000000    8.40000000    0.00000000    2.40000000    (-,-) 
  _nid_330/Y     -       D->Y  F     OR5x1_ASAP7_75t_R       12   7.50000000   61.20000000   75.30000000   77.70000000    (-,-) 
  _nid_9825/Y    -       A->Y  R     NOR2x1_ASAP7_75t_R     599 520.40000000 4368.30000000 2049.70000000 2127.40000000    (-,-) 
  _nid_9826/Y    -       A->Y  F     INVx1_ASAP7_75t_R      594 354.20000000    0.00000000 6575.70000000 8703.10000000    (-,-) 
  _nid_9827/Y    -       B->Y  F     OR3x1_ASAP7_75t_R       52  32.50000000  221.50000000  133.30000000 8836.40000000    (-,-) 
  _nid_10503/Y   -       A->Y  R     INVx1_ASAP7_75t_R       34  15.60000000  178.20000000  140.80000000 8977.20000000    (-,-) 
  _nid_10520/Y   -       A->Y  R     AND2x2_ASAP7_75t_R       5   2.70000000   20.70000000   44.40000000 9021.60000000    (-,-) 
  _nid_10522/Y   -       B->Y  R     OA211x2_ASAP7_75t_R      2   1.10000000   12.90000000   29.70000000 9051.30000000    (-,-) 
  _nid_10523/Y   -       B->Y  R     AO21x1_ASAP7_75t_R       1   0.40000000    8.70000000   15.00000000 9066.30000000    (-,-) 
  _nid_10526/Y   -       A2->Y R     AO32x1_ASAP7_75t_R      38  28.40000000  250.60000000  135.00000000 9201.30000000    (-,-) 
  _nid_12279/Y   -       A->Y  F     XOR2x2_ASAP7_75t_R       2   1.50000000   17.50000000   51.70000000 9253.00000000    (-,-) 
  _nid_12280/Y   -       B->Y  R     NOR2x1_ASAP7_75t_R       1   5.80000000  124.20000000   32.30000000 9285.30000000    (-,-) 
  po1118         <<<     -     R     (port)                   -            -             -    0.00000000 9285.30000000    (-,-) 
#-------------------------------------------------------------------------------------------------------------------------------



Path 7: VIOLATED (-8276.80000000 ps) Late External Delay Assertion at pin po1099
          Group: vclk
     Startpoint: (F) pi14311
          Clock: (R) vclk
       Endpoint: (R) po1099
          Clock: (R) vclk

                         Capture            Launch      
        Clock Edge:+  1000.00000000      0.00000000     
        Drv Adjust:+     0.00000000      2.40000000     
       Src Latency:+     0.00000000      0.00000000     
       Net Latency:+     0.00000000 (I)  0.00000000 (I) 
           Arrival:=  1000.00000000      2.40000000     
                                                        
      Output Delay:-     0.00000000                     
     Required Time:=  1000.00000000                     
      Launch Clock:-     2.40000000                     
       Input Delay:-     0.00000000                     
         Data Path:-  9274.40000000                     
             Slack:= -8276.80000000                     

Exceptions/Constraints:
  input_delay           0.00000000         in_del_4310_2   
  output_delay          0.00000000         ou_del_6774_2   

#-------------------------------------------------------------------------------------------------------------------------------
# Timing Point   Flags   Arc   Edge        Cell          Fanout     Load         Trans         Delay        Arrival    Instance 
#                                                                   (fF)          (ps)          (ps)          (ps)     Location 
#-------------------------------------------------------------------------------------------------------------------------------
  pi14311        <<<     -     F     (arrival)                2   1.10000000    8.40000000    0.00000000    2.40000000    (-,-) 
  _nid_330/Y     -       D->Y  F     OR5x1_ASAP7_75t_R       12   7.50000000   61.20000000   75.30000000   77.70000000    (-,-) 
  _nid_9825/Y    -       A->Y  R     NOR2x1_ASAP7_75t_R     599 520.40000000 4368.30000000 2049.70000000 2127.40000000    (-,-) 
  _nid_9826/Y    -       A->Y  F     INVx1_ASAP7_75t_R      594 354.20000000    0.00000000 6575.70000000 8703.10000000    (-,-) 
  _nid_9827/Y    -       B->Y  F     OR3x1_ASAP7_75t_R       52  32.50000000  221.50000000  133.30000000 8836.40000000    (-,-) 
  _nid_10503/Y   -       A->Y  R     INVx1_ASAP7_75t_R       34  15.60000000  178.20000000  140.80000000 8977.20000000    (-,-) 
  _nid_10520/Y   -       A->Y  R     AND2x2_ASAP7_75t_R       5   2.70000000   20.70000000   44.40000000 9021.60000000    (-,-) 
  _nid_10522/Y   -       B->Y  R     OA211x2_ASAP7_75t_R      2   1.10000000   12.90000000   29.70000000 9051.30000000    (-,-) 
  _nid_10523/Y   -       B->Y  R     AO21x1_ASAP7_75t_R       1   0.40000000    8.70000000   15.00000000 9066.30000000    (-,-) 
  _nid_10526/Y   -       A2->Y R     AO32x1_ASAP7_75t_R      38  28.40000000  250.60000000  135.00000000 9201.30000000    (-,-) 
  _nid_12124/Y   -       A1->Y R     OA211x2_ASAP7_75t_R      1   5.80000000   43.50000000   75.50000000 9276.80000000    (-,-) 
  po1099         <<<     -     R     (port)                   -            -             -    0.00000000 9276.80000000    (-,-) 
#-------------------------------------------------------------------------------------------------------------------------------



Path 8: VIOLATED (-8276.80000000 ps) Late External Delay Assertion at pin po1087
          Group: vclk
     Startpoint: (F) pi14311
          Clock: (R) vclk
       Endpoint: (R) po1087
          Clock: (R) vclk

                         Capture            Launch      
        Clock Edge:+  1000.00000000      0.00000000     
        Drv Adjust:+     0.00000000      2.40000000     
       Src Latency:+     0.00000000      0.00000000     
       Net Latency:+     0.00000000 (I)  0.00000000 (I) 
           Arrival:=  1000.00000000      2.40000000     
                                                        
      Output Delay:-     0.00000000                     
     Required Time:=  1000.00000000                     
      Launch Clock:-     2.40000000                     
       Input Delay:-     0.00000000                     
         Data Path:-  9274.40000000                     
             Slack:= -8276.80000000                     

Exceptions/Constraints:
  input_delay           0.00000000         in_del_4310_2   
  output_delay          0.00000000         ou_del_6762_2   

#-------------------------------------------------------------------------------------------------------------------------------
# Timing Point   Flags   Arc   Edge        Cell          Fanout     Load         Trans         Delay        Arrival    Instance 
#                                                                   (fF)          (ps)          (ps)          (ps)     Location 
#-------------------------------------------------------------------------------------------------------------------------------
  pi14311        <<<     -     F     (arrival)                2   1.10000000    8.40000000    0.00000000    2.40000000    (-,-) 
  _nid_330/Y     -       D->Y  F     OR5x1_ASAP7_75t_R       12   7.50000000   61.20000000   75.30000000   77.70000000    (-,-) 
  _nid_9825/Y    -       A->Y  R     NOR2x1_ASAP7_75t_R     599 520.40000000 4368.30000000 2049.70000000 2127.40000000    (-,-) 
  _nid_9826/Y    -       A->Y  F     INVx1_ASAP7_75t_R      594 354.20000000    0.00000000 6575.70000000 8703.10000000    (-,-) 
  _nid_9827/Y    -       B->Y  F     OR3x1_ASAP7_75t_R       52  32.50000000  221.50000000  133.30000000 8836.40000000    (-,-) 
  _nid_10503/Y   -       A->Y  R     INVx1_ASAP7_75t_R       34  15.60000000  178.20000000  140.80000000 8977.20000000    (-,-) 
  _nid_10520/Y   -       A->Y  R     AND2x2_ASAP7_75t_R       5   2.70000000   20.70000000   44.40000000 9021.60000000    (-,-) 
  _nid_10522/Y   -       B->Y  R     OA211x2_ASAP7_75t_R      2   1.10000000   12.90000000   29.70000000 9051.30000000    (-,-) 
  _nid_10523/Y   -       B->Y  R     AO21x1_ASAP7_75t_R       1   0.40000000    8.70000000   15.00000000 9066.30000000    (-,-) 
  _nid_10526/Y   -       A2->Y R     AO32x1_ASAP7_75t_R      38  28.40000000  250.60000000  135.00000000 9201.30000000    (-,-) 
  _nid_12078/Y   -       A1->Y R     OA211x2_ASAP7_75t_R      1   5.80000000   43.50000000   75.50000000 9276.80000000    (-,-) 
  po1087         <<<     -     R     (port)                   -            -             -    0.00000000 9276.80000000    (-,-) 
#-------------------------------------------------------------------------------------------------------------------------------



Path 9: VIOLATED (-8276.80000000 ps) Late External Delay Assertion at pin po1071
          Group: vclk
     Startpoint: (F) pi14311
          Clock: (R) vclk
       Endpoint: (R) po1071
          Clock: (R) vclk

                         Capture            Launch      
        Clock Edge:+  1000.00000000      0.00000000     
        Drv Adjust:+     0.00000000      2.40000000     
       Src Latency:+     0.00000000      0.00000000     
       Net Latency:+     0.00000000 (I)  0.00000000 (I) 
           Arrival:=  1000.00000000      2.40000000     
                                                        
      Output Delay:-     0.00000000                     
     Required Time:=  1000.00000000                     
      Launch Clock:-     2.40000000                     
       Input Delay:-     0.00000000                     
         Data Path:-  9274.40000000                     
             Slack:= -8276.80000000                     

Exceptions/Constraints:
  input_delay           0.00000000         in_del_4310_2   
  output_delay          0.00000000         ou_del_6746_2   

#-------------------------------------------------------------------------------------------------------------------------------
# Timing Point   Flags   Arc   Edge        Cell          Fanout     Load         Trans         Delay        Arrival    Instance 
#                                                                   (fF)          (ps)          (ps)          (ps)     Location 
#-------------------------------------------------------------------------------------------------------------------------------
  pi14311        <<<     -     F     (arrival)                2   1.10000000    8.40000000    0.00000000    2.40000000    (-,-) 
  _nid_330/Y     -       D->Y  F     OR5x1_ASAP7_75t_R       12   7.50000000   61.20000000   75.30000000   77.70000000    (-,-) 
  _nid_9825/Y    -       A->Y  R     NOR2x1_ASAP7_75t_R     599 520.40000000 4368.30000000 2049.70000000 2127.40000000    (-,-) 
  _nid_9826/Y    -       A->Y  F     INVx1_ASAP7_75t_R      594 354.20000000    0.00000000 6575.70000000 8703.10000000    (-,-) 
  _nid_9827/Y    -       B->Y  F     OR3x1_ASAP7_75t_R       52  32.50000000  221.50000000  133.30000000 8836.40000000    (-,-) 
  _nid_10503/Y   -       A->Y  R     INVx1_ASAP7_75t_R       34  15.60000000  178.20000000  140.80000000 8977.20000000    (-,-) 
  _nid_10520/Y   -       A->Y  R     AND2x2_ASAP7_75t_R       5   2.70000000   20.70000000   44.40000000 9021.60000000    (-,-) 
  _nid_10522/Y   -       B->Y  R     OA211x2_ASAP7_75t_R      2   1.10000000   12.90000000   29.70000000 9051.30000000    (-,-) 
  _nid_10523/Y   -       B->Y  R     AO21x1_ASAP7_75t_R       1   0.40000000    8.70000000   15.00000000 9066.30000000    (-,-) 
  _nid_10526/Y   -       A2->Y R     AO32x1_ASAP7_75t_R      38  28.40000000  250.60000000  135.00000000 9201.30000000    (-,-) 
  _nid_12001/Y   -       A1->Y R     OA211x2_ASAP7_75t_R      1   5.80000000   43.50000000   75.50000000 9276.80000000    (-,-) 
  po1071         <<<     -     R     (port)                   -            -             -    0.00000000 9276.80000000    (-,-) 
#-------------------------------------------------------------------------------------------------------------------------------



Path 10: VIOLATED (-8276.80000000 ps) Late External Delay Assertion at pin po1070
          Group: vclk
     Startpoint: (F) pi14311
          Clock: (R) vclk
       Endpoint: (R) po1070
          Clock: (R) vclk

                         Capture            Launch      
        Clock Edge:+  1000.00000000      0.00000000     
        Drv Adjust:+     0.00000000      2.40000000     
       Src Latency:+     0.00000000      0.00000000     
       Net Latency:+     0.00000000 (I)  0.00000000 (I) 
           Arrival:=  1000.00000000      2.40000000     
                                                        
      Output Delay:-     0.00000000                     
     Required Time:=  1000.00000000                     
      Launch Clock:-     2.40000000                     
       Input Delay:-     0.00000000                     
         Data Path:-  9274.40000000                     
             Slack:= -8276.80000000                     

Exceptions/Constraints:
  input_delay           0.00000000         in_del_4310_2   
  output_delay          0.00000000         ou_del_6745_2   

#-------------------------------------------------------------------------------------------------------------------------------
# Timing Point   Flags   Arc   Edge        Cell          Fanout     Load         Trans         Delay        Arrival    Instance 
#                                                                   (fF)          (ps)          (ps)          (ps)     Location 
#-------------------------------------------------------------------------------------------------------------------------------
  pi14311        <<<     -     F     (arrival)                2   1.10000000    8.40000000    0.00000000    2.40000000    (-,-) 
  _nid_330/Y     -       D->Y  F     OR5x1_ASAP7_75t_R       12   7.50000000   61.20000000   75.30000000   77.70000000    (-,-) 
  _nid_9825/Y    -       A->Y  R     NOR2x1_ASAP7_75t_R     599 520.40000000 4368.30000000 2049.70000000 2127.40000000    (-,-) 
  _nid_9826/Y    -       A->Y  F     INVx1_ASAP7_75t_R      594 354.20000000    0.00000000 6575.70000000 8703.10000000    (-,-) 
  _nid_9827/Y    -       B->Y  F     OR3x1_ASAP7_75t_R       52  32.50000000  221.50000000  133.30000000 8836.40000000    (-,-) 
  _nid_10503/Y   -       A->Y  R     INVx1_ASAP7_75t_R       34  15.60000000  178.20000000  140.80000000 8977.20000000    (-,-) 
  _nid_10520/Y   -       A->Y  R     AND2x2_ASAP7_75t_R       5   2.70000000   20.70000000   44.40000000 9021.60000000    (-,-) 
  _nid_10522/Y   -       B->Y  R     OA211x2_ASAP7_75t_R      2   1.10000000   12.90000000   29.70000000 9051.30000000    (-,-) 
  _nid_10523/Y   -       B->Y  R     AO21x1_ASAP7_75t_R       1   0.40000000    8.70000000   15.00000000 9066.30000000    (-,-) 
  _nid_10526/Y   -       A2->Y R     AO32x1_ASAP7_75t_R      38  28.40000000  250.60000000  135.00000000 9201.30000000    (-,-) 
  _nid_11996/Y   -       A1->Y R     OA211x2_ASAP7_75t_R      1   5.80000000   43.50000000   75.50000000 9276.80000000    (-,-) 
  po1070         <<<     -     R     (port)                   -            -             -    0.00000000 9276.80000000    (-,-) 
#-------------------------------------------------------------------------------------------------------------------------------

