============================================================
  Generated by:           Genus(TM) Synthesis Solution 23.14-s090_1
  Generated on:           Sep 14 2026  01:37:39 am
  Module:                 aes_core
  Operating conditions:   PVT_0P7V_25C (balanced_tree)
  Wireload mode:          enclosed
  Area mode:              timing library
============================================================


Path 1: VIOLATED (-261.50000000 ps) Late External Delay Assertion at pin po638
          Group: vclk
     Startpoint: (R) pi1062
          Clock: (R) vclk
       Endpoint: (R) po638
          Clock: (R) vclk

                         Capture             Launch       
        Clock Edge:+  1000.00000000        0.00000000     
        Drv Adjust:+     0.00000000      399.10000000     
       Src Latency:+     0.00000000        0.00000000     
       Net Latency:+     0.00000000 (I)    0.00000000 (I) 
           Arrival:=  1000.00000000      399.10000000     
                                                          
      Output Delay:-     0.00000000                       
     Required Time:=  1000.00000000                       
      Launch Clock:-   399.10000000                       
       Input Delay:-     0.00000000                       
         Data Path:-   862.40000000                       
             Slack:=  -261.50000000                       

Exceptions/Constraints:
  input_delay           0.00000000         in_del_1062_1   
  output_delay          0.00000000         ou_del_1955_1   

#----------------------------------------------------------------------------------------------------------------------------
# Timing Point   Flags   Arc   Edge        Cell         Fanout     Load         Trans        Delay       Arrival    Instance 
#                                                                  (fF)         (ps)         (ps)          (ps)     Location 
#----------------------------------------------------------------------------------------------------------------------------
  pi1062         <<<     -     R     (arrival)             332 200.70000000 882.40000000   0.00000000  399.10000000    (-,-) 
  _nid_9228/Y    -       A->Y  F     INVx1_ASAP7_75t_R     189  76.90000000 585.60000000 639.70000000 1038.80000000    (-,-) 
  _nid_12295/Y   -       A->Y  R     INVx1_ASAP7_75t_R       2   6.20000000 186.00000000 154.50000000 1193.30000000    (-,-) 
  _nid_12297/Y   -       A1->Y R     AO22x1_ASAP7_75t_R      1   5.80000000  63.50000000  68.20000000 1261.50000000    (-,-) 
  po638          <<<     -     R     (port)                  -            -            -   0.00000000 1261.50000000    (-,-) 
#----------------------------------------------------------------------------------------------------------------------------



Path 2: VIOLATED (-258.60000000 ps) Late External Delay Assertion at pin po393
          Group: vclk
     Startpoint: (R) pi1062
          Clock: (R) vclk
       Endpoint: (R) po393
          Clock: (R) vclk

                         Capture             Launch       
        Clock Edge:+  1000.00000000        0.00000000     
        Drv Adjust:+     0.00000000      399.10000000     
       Src Latency:+     0.00000000        0.00000000     
       Net Latency:+     0.00000000 (I)    0.00000000 (I) 
           Arrival:=  1000.00000000      399.10000000     
                                                          
      Output Delay:-     0.00000000                       
     Required Time:=  1000.00000000                       
      Launch Clock:-   399.10000000                       
       Input Delay:-     0.00000000                       
         Data Path:-   859.50000000                       
             Slack:=  -258.60000000                       

Exceptions/Constraints:
  input_delay           0.00000000         in_del_1062_1   
  output_delay          0.00000000         ou_del_1710_1   

#----------------------------------------------------------------------------------------------------------------------------
# Timing Point   Flags   Arc   Edge        Cell         Fanout     Load         Trans        Delay       Arrival    Instance 
#                                                                  (fF)         (ps)         (ps)          (ps)     Location 
#----------------------------------------------------------------------------------------------------------------------------
  pi1062         <<<     -     R     (arrival)             332 200.70000000 882.40000000   0.00000000  399.10000000    (-,-) 
  _nid_9228/Y    -       A->Y  F     INVx1_ASAP7_75t_R     189  76.90000000 585.60000000 639.70000000 1038.80000000    (-,-) 
  _nid_10010/Y   -       A->Y  R     INVx1_ASAP7_75t_R       2   6.20000000 186.00000000 154.50000000 1193.30000000    (-,-) 
  _nid_11434/Y   -       B1->Y R     AO22x1_ASAP7_75t_R      1   5.80000000  62.50000000  65.30000000 1258.60000000    (-,-) 
  po393          <<<     -     R     (port)                  -            -            -   0.00000000 1258.60000000    (-,-) 
#----------------------------------------------------------------------------------------------------------------------------



Path 3: VIOLATED (-251.50000000 ps) Late External Delay Assertion at pin po510
          Group: vclk
     Startpoint: (R) pi1062
          Clock: (R) vclk
       Endpoint: (F) po510
          Clock: (R) vclk

                         Capture             Launch       
        Clock Edge:+  1000.00000000        0.00000000     
        Drv Adjust:+     0.00000000      399.10000000     
       Src Latency:+     0.00000000        0.00000000     
       Net Latency:+     0.00000000 (I)    0.00000000 (I) 
           Arrival:=  1000.00000000      399.10000000     
                                                          
      Output Delay:-     0.00000000                       
     Required Time:=  1000.00000000                       
      Launch Clock:-   399.10000000                       
       Input Delay:-     0.00000000                       
         Data Path:-   852.40000000                       
             Slack:=  -251.50000000                       

Exceptions/Constraints:
  input_delay           0.00000000         in_del_1062_1   
  output_delay          0.00000000         ou_del_1827_1   

#-----------------------------------------------------------------------------------------------------------------------------
# Timing Point   Flags   Arc   Edge        Cell          Fanout     Load         Trans        Delay       Arrival    Instance 
#                                                                   (fF)         (ps)         (ps)          (ps)     Location 
#-----------------------------------------------------------------------------------------------------------------------------
  pi1062         <<<     -     R     (arrival)              332 200.70000000 882.40000000   0.00000000  399.10000000    (-,-) 
  _nid_9228/Y    -       A->Y  F     INVx1_ASAP7_75t_R      189  76.90000000 585.60000000 639.70000000 1038.80000000    (-,-) 
  _nid_11897/Y   -       C->Y  F     OA211x2_ASAP7_75t_R      1   0.60000000  30.90000000 167.50000000 1206.30000000    (-,-) 
  _nid_11898/Y   -       B->Y  F     AO21x1_ASAP7_75t_R       1   5.80000000  50.10000000  45.20000000 1251.50000000    (-,-) 
  po510          <<<     -     F     (port)                   -            -            -   0.00000000 1251.50000000    (-,-) 
#-----------------------------------------------------------------------------------------------------------------------------



Path 4: VIOLATED (-251.50000000 ps) Late External Delay Assertion at pin po496
          Group: vclk
     Startpoint: (R) pi1062
          Clock: (R) vclk
       Endpoint: (F) po496
          Clock: (R) vclk

                         Capture             Launch       
        Clock Edge:+  1000.00000000        0.00000000     
        Drv Adjust:+     0.00000000      399.10000000     
       Src Latency:+     0.00000000        0.00000000     
       Net Latency:+     0.00000000 (I)    0.00000000 (I) 
           Arrival:=  1000.00000000      399.10000000     
                                                          
      Output Delay:-     0.00000000                       
     Required Time:=  1000.00000000                       
      Launch Clock:-   399.10000000                       
       Input Delay:-     0.00000000                       
         Data Path:-   852.40000000                       
             Slack:=  -251.50000000                       

Exceptions/Constraints:
  input_delay           0.00000000         in_del_1062_1   
  output_delay          0.00000000         ou_del_1813_1   

#-----------------------------------------------------------------------------------------------------------------------------
# Timing Point   Flags   Arc   Edge        Cell          Fanout     Load         Trans        Delay       Arrival    Instance 
#                                                                   (fF)         (ps)         (ps)          (ps)     Location 
#-----------------------------------------------------------------------------------------------------------------------------
  pi1062         <<<     -     R     (arrival)              332 200.70000000 882.40000000   0.00000000  399.10000000    (-,-) 
  _nid_9228/Y    -       A->Y  F     INVx1_ASAP7_75t_R      189  76.90000000 585.60000000 639.70000000 1038.80000000    (-,-) 
  _nid_11862/Y   -       C->Y  F     OA211x2_ASAP7_75t_R      1   0.60000000  30.90000000 167.50000000 1206.30000000    (-,-) 
  _nid_11863/Y   -       B->Y  F     AO21x1_ASAP7_75t_R       1   5.80000000  50.10000000  45.20000000 1251.50000000    (-,-) 
  po496          <<<     -     F     (port)                   -            -            -   0.00000000 1251.50000000    (-,-) 
#-----------------------------------------------------------------------------------------------------------------------------



Path 5: VIOLATED (-251.50000000 ps) Late External Delay Assertion at pin po492
          Group: vclk
     Startpoint: (R) pi1062
          Clock: (R) vclk
       Endpoint: (F) po492
          Clock: (R) vclk

                         Capture             Launch       
        Clock Edge:+  1000.00000000        0.00000000     
        Drv Adjust:+     0.00000000      399.10000000     
       Src Latency:+     0.00000000        0.00000000     
       Net Latency:+     0.00000000 (I)    0.00000000 (I) 
           Arrival:=  1000.00000000      399.10000000     
                                                          
      Output Delay:-     0.00000000                       
     Required Time:=  1000.00000000                       
      Launch Clock:-   399.10000000                       
       Input Delay:-     0.00000000                       
         Data Path:-   852.40000000                       
             Slack:=  -251.50000000                       

Exceptions/Constraints:
  input_delay           0.00000000         in_del_1062_1   
  output_delay          0.00000000         ou_del_1809_1   

#-----------------------------------------------------------------------------------------------------------------------------
# Timing Point   Flags   Arc   Edge        Cell          Fanout     Load         Trans        Delay       Arrival    Instance 
#                                                                   (fF)         (ps)         (ps)          (ps)     Location 
#-----------------------------------------------------------------------------------------------------------------------------
  pi1062         <<<     -     R     (arrival)              332 200.70000000 882.40000000   0.00000000  399.10000000    (-,-) 
  _nid_9228/Y    -       A->Y  F     INVx1_ASAP7_75t_R      189  76.90000000 585.60000000 639.70000000 1038.80000000    (-,-) 
  _nid_11847/Y   -       C->Y  F     OA211x2_ASAP7_75t_R      1   0.60000000  30.90000000 167.50000000 1206.30000000    (-,-) 
  _nid_11848/Y   -       B->Y  F     AO21x1_ASAP7_75t_R       1   5.80000000  50.10000000  45.20000000 1251.50000000    (-,-) 
  po492          <<<     -     F     (port)                   -            -            -   0.00000000 1251.50000000    (-,-) 
#-----------------------------------------------------------------------------------------------------------------------------



Path 6: VIOLATED (-251.50000000 ps) Late External Delay Assertion at pin po490
          Group: vclk
     Startpoint: (R) pi1062
          Clock: (R) vclk
       Endpoint: (F) po490
          Clock: (R) vclk

                         Capture             Launch       
        Clock Edge:+  1000.00000000        0.00000000     
        Drv Adjust:+     0.00000000      399.10000000     
       Src Latency:+     0.00000000        0.00000000     
       Net Latency:+     0.00000000 (I)    0.00000000 (I) 
           Arrival:=  1000.00000000      399.10000000     
                                                          
      Output Delay:-     0.00000000                       
     Required Time:=  1000.00000000                       
      Launch Clock:-   399.10000000                       
       Input Delay:-     0.00000000                       
         Data Path:-   852.40000000                       
             Slack:=  -251.50000000                       

Exceptions/Constraints:
  input_delay           0.00000000         in_del_1062_1   
  output_delay          0.00000000         ou_del_1807_1   

#-----------------------------------------------------------------------------------------------------------------------------
# Timing Point   Flags   Arc   Edge        Cell          Fanout     Load         Trans        Delay       Arrival    Instance 
#                                                                   (fF)         (ps)         (ps)          (ps)     Location 
#-----------------------------------------------------------------------------------------------------------------------------
  pi1062         <<<     -     R     (arrival)              332 200.70000000 882.40000000   0.00000000  399.10000000    (-,-) 
  _nid_9228/Y    -       A->Y  F     INVx1_ASAP7_75t_R      189  76.90000000 585.60000000 639.70000000 1038.80000000    (-,-) 
  _nid_11838/Y   -       C->Y  F     OA211x2_ASAP7_75t_R      1   0.60000000  30.90000000 167.50000000 1206.30000000    (-,-) 
  _nid_11839/Y   -       B->Y  F     AO21x1_ASAP7_75t_R       1   5.80000000  50.10000000  45.20000000 1251.50000000    (-,-) 
  po490          <<<     -     F     (port)                   -            -            -   0.00000000 1251.50000000    (-,-) 
#-----------------------------------------------------------------------------------------------------------------------------



Path 7: VIOLATED (-251.50000000 ps) Late External Delay Assertion at pin po489
          Group: vclk
     Startpoint: (R) pi1062
          Clock: (R) vclk
       Endpoint: (F) po489
          Clock: (R) vclk

                         Capture             Launch       
        Clock Edge:+  1000.00000000        0.00000000     
        Drv Adjust:+     0.00000000      399.10000000     
       Src Latency:+     0.00000000        0.00000000     
       Net Latency:+     0.00000000 (I)    0.00000000 (I) 
           Arrival:=  1000.00000000      399.10000000     
                                                          
      Output Delay:-     0.00000000                       
     Required Time:=  1000.00000000                       
      Launch Clock:-   399.10000000                       
       Input Delay:-     0.00000000                       
         Data Path:-   852.40000000                       
             Slack:=  -251.50000000                       

Exceptions/Constraints:
  input_delay           0.00000000         in_del_1062_1   
  output_delay          0.00000000         ou_del_1806_1   

#-----------------------------------------------------------------------------------------------------------------------------
# Timing Point   Flags   Arc   Edge        Cell          Fanout     Load         Trans        Delay       Arrival    Instance 
#                                                                   (fF)         (ps)         (ps)          (ps)     Location 
#-----------------------------------------------------------------------------------------------------------------------------
  pi1062         <<<     -     R     (arrival)              332 200.70000000 882.40000000   0.00000000  399.10000000    (-,-) 
  _nid_9228/Y    -       A->Y  F     INVx1_ASAP7_75t_R      189  76.90000000 585.60000000 639.70000000 1038.80000000    (-,-) 
  _nid_11833/Y   -       C->Y  F     OA211x2_ASAP7_75t_R      1   0.60000000  30.90000000 167.50000000 1206.30000000    (-,-) 
  _nid_11834/Y   -       B->Y  F     AO21x1_ASAP7_75t_R       1   5.80000000  50.10000000  45.20000000 1251.50000000    (-,-) 
  po489          <<<     -     F     (port)                   -            -            -   0.00000000 1251.50000000    (-,-) 
#-----------------------------------------------------------------------------------------------------------------------------



Path 8: VIOLATED (-251.50000000 ps) Late External Delay Assertion at pin po480
          Group: vclk
     Startpoint: (R) pi1062
          Clock: (R) vclk
       Endpoint: (F) po480
          Clock: (R) vclk

                         Capture             Launch       
        Clock Edge:+  1000.00000000        0.00000000     
        Drv Adjust:+     0.00000000      399.10000000     
       Src Latency:+     0.00000000        0.00000000     
       Net Latency:+     0.00000000 (I)    0.00000000 (I) 
           Arrival:=  1000.00000000      399.10000000     
                                                          
      Output Delay:-     0.00000000                       
     Required Time:=  1000.00000000                       
      Launch Clock:-   399.10000000                       
       Input Delay:-     0.00000000                       
         Data Path:-   852.40000000                       
             Slack:=  -251.50000000                       

Exceptions/Constraints:
  input_delay           0.00000000         in_del_1062_1   
  output_delay          0.00000000         ou_del_1797_1   

#-----------------------------------------------------------------------------------------------------------------------------
# Timing Point   Flags   Arc   Edge        Cell          Fanout     Load         Trans        Delay       Arrival    Instance 
#                                                                   (fF)         (ps)         (ps)          (ps)     Location 
#-----------------------------------------------------------------------------------------------------------------------------
  pi1062         <<<     -     R     (arrival)              332 200.70000000 882.40000000   0.00000000  399.10000000    (-,-) 
  _nid_9228/Y    -       A->Y  F     INVx1_ASAP7_75t_R      189  76.90000000 585.60000000 639.70000000 1038.80000000    (-,-) 
  _nid_11804/Y   -       C->Y  F     OA211x2_ASAP7_75t_R      1   0.60000000  30.90000000 167.50000000 1206.30000000    (-,-) 
  _nid_11805/Y   -       B->Y  F     AO21x1_ASAP7_75t_R       1   5.80000000  50.10000000  45.20000000 1251.50000000    (-,-) 
  po480          <<<     -     F     (port)                   -            -            -   0.00000000 1251.50000000    (-,-) 
#-----------------------------------------------------------------------------------------------------------------------------



Path 9: VIOLATED (-251.50000000 ps) Late External Delay Assertion at pin po459
          Group: vclk
     Startpoint: (R) pi1062
          Clock: (R) vclk
       Endpoint: (F) po459
          Clock: (R) vclk

                         Capture             Launch       
        Clock Edge:+  1000.00000000        0.00000000     
        Drv Adjust:+     0.00000000      399.10000000     
       Src Latency:+     0.00000000        0.00000000     
       Net Latency:+     0.00000000 (I)    0.00000000 (I) 
           Arrival:=  1000.00000000      399.10000000     
                                                          
      Output Delay:-     0.00000000                       
     Required Time:=  1000.00000000                       
      Launch Clock:-   399.10000000                       
       Input Delay:-     0.00000000                       
         Data Path:-   852.40000000                       
             Slack:=  -251.50000000                       

Exceptions/Constraints:
  input_delay           0.00000000         in_del_1062_1   
  output_delay          0.00000000         ou_del_1776_1   

#-----------------------------------------------------------------------------------------------------------------------------
# Timing Point   Flags   Arc   Edge        Cell          Fanout     Load         Trans        Delay       Arrival    Instance 
#                                                                   (fF)         (ps)         (ps)          (ps)     Location 
#-----------------------------------------------------------------------------------------------------------------------------
  pi1062         <<<     -     R     (arrival)              332 200.70000000 882.40000000   0.00000000  399.10000000    (-,-) 
  _nid_9228/Y    -       A->Y  F     INVx1_ASAP7_75t_R      189  76.90000000 585.60000000 639.70000000 1038.80000000    (-,-) 
  _nid_11759/Y   -       C->Y  F     OA211x2_ASAP7_75t_R      1   0.60000000  30.90000000 167.50000000 1206.30000000    (-,-) 
  _nid_11760/Y   -       B->Y  F     AO21x1_ASAP7_75t_R       1   5.80000000  50.10000000  45.20000000 1251.50000000    (-,-) 
  po459          <<<     -     F     (port)                   -            -            -   0.00000000 1251.50000000    (-,-) 
#-----------------------------------------------------------------------------------------------------------------------------



Path 10: VIOLATED (-251.50000000 ps) Late External Delay Assertion at pin po440
          Group: vclk
     Startpoint: (R) pi1062
          Clock: (R) vclk
       Endpoint: (F) po440
          Clock: (R) vclk

                         Capture             Launch       
        Clock Edge:+  1000.00000000        0.00000000     
        Drv Adjust:+     0.00000000      399.10000000     
       Src Latency:+     0.00000000        0.00000000     
       Net Latency:+     0.00000000 (I)    0.00000000 (I) 
           Arrival:=  1000.00000000      399.10000000     
                                                          
      Output Delay:-     0.00000000                       
     Required Time:=  1000.00000000                       
      Launch Clock:-   399.10000000                       
       Input Delay:-     0.00000000                       
         Data Path:-   852.40000000                       
             Slack:=  -251.50000000                       

Exceptions/Constraints:
  input_delay           0.00000000         in_del_1062_1   
  output_delay          0.00000000         ou_del_1757_1   

#-----------------------------------------------------------------------------------------------------------------------------
# Timing Point   Flags   Arc   Edge        Cell          Fanout     Load         Trans        Delay       Arrival    Instance 
#                                                                   (fF)         (ps)         (ps)          (ps)     Location 
#-----------------------------------------------------------------------------------------------------------------------------
  pi1062         <<<     -     R     (arrival)              332 200.70000000 882.40000000   0.00000000  399.10000000    (-,-) 
  _nid_9228/Y    -       A->Y  F     INVx1_ASAP7_75t_R      189  76.90000000 585.60000000 639.70000000 1038.80000000    (-,-) 
  _nid_11713/Y   -       C->Y  F     OA211x2_ASAP7_75t_R      1   0.60000000  30.90000000 167.50000000 1206.30000000    (-,-) 
  _nid_11714/Y   -       B->Y  F     AO21x1_ASAP7_75t_R       1   5.80000000  50.10000000  45.20000000 1251.50000000    (-,-) 
  po440          <<<     -     F     (port)                   -            -            -   0.00000000 1251.50000000    (-,-) 
#-----------------------------------------------------------------------------------------------------------------------------

