============================================================
  Generated by:           Genus(TM) Synthesis Solution 23.14-s090_1
  Generated on:           Sep 12 2026  10:28:34 am
  Module:                 systemcdes
  Operating conditions:   PVT_0P7V_25C (balanced_tree)
  Wireload mode:          enclosed
  Area mode:              timing library
============================================================


Path 1: VIOLATED (-256.10000000 ps) Late External Delay Assertion at pin po78
          Group: vclk
     Startpoint: (R) pi163
          Clock: (R) vclk
       Endpoint: (R) po78
          Clock: (R) vclk

                         Capture            Launch      
        Clock Edge:+  1000.00000000      0.00000000     
        Drv Adjust:+     0.00000000      9.50000000     
       Src Latency:+     0.00000000      0.00000000     
       Net Latency:+     0.00000000 (I)  0.00000000 (I) 
           Arrival:=  1000.00000000      9.50000000     
                                                        
      Output Delay:-     0.00000000                     
     Required Time:=  1000.00000000                     
      Launch Clock:-     9.50000000                     
       Input Delay:-     0.00000000                     
         Data Path:-  1246.60000000                     
             Slack:=  -256.10000000                     

Exceptions/Constraints:
  input_delay           0.00000000         in_del_1695_1   
  output_delay          0.00000000         ou_del_2120_1   

#----------------------------------------------------------------------------------------------------------------------------
# Timing Point   Flags   Arc   Edge        Cell          Fanout     Load        Trans        Delay       Arrival    Instance 
#                                                                   (fF)        (ps)         (ps)          (ps)     Location 
#----------------------------------------------------------------------------------------------------------------------------
  pi163          <<<     -     R     (arrival)                6  4.20000000  22.30000000   0.00000000    9.50000000    (-,-) 
  u585/Y         -       C->Y  R     AND3x1_ASAP7_75t_R       3  2.00000000  23.60000000  32.60000000   42.10000000    (-,-) 
  u587/Y         -       A2->Y R     AO21x1_ASAP7_75t_R     108 80.90000000 704.90000000 338.80000000  380.90000000    (-,-) 
  u593/Y         -       A->Y  F     INVx1_ASAP7_75t_R       59 31.00000000 350.70000000 336.20000000  717.10000000    (-,-) 
  u1272/Y        -       B2->Y F     AO221x2_ASAP7_75t_R      1  0.50000000  20.90000000  88.70000000  805.80000000    (-,-) 
  u1276/Y        -       A1->Y F     AO21x1_ASAP7_75t_R       2  6.70000000  51.20000000  45.70000000  851.50000000    (-,-) 
  u1277/Y        -       A->Y  R     XOR2x2_ASAP7_75t_R       3  2.60000000  18.80000000  47.40000000  898.90000000    (-,-) 
  u1278/Y        -       A->Y  F     INVx1_ASAP7_75t_R       13  8.70000000  60.00000000  36.80000000  935.70000000    (-,-) 
  u1320/Y        -       A->Y  F     OR3x1_ASAP7_75t_R        2  1.20000000  16.40000000  41.70000000  977.40000000    (-,-) 
  u1326/Y        -       A->Y  R     INVx1_ASAP7_75t_R        2  1.00000000  13.70000000  11.90000000  989.30000000    (-,-) 
  u1327/Y        -       B->Y  R     AO21x1_ASAP7_75t_R       2  1.60000000  19.50000000  20.30000000 1009.60000000    (-,-) 
  u1328/Y        -       B->Y  F     NAND2x1_ASAP7_75t_R      3  1.80000000  17.00000000  14.10000000 1023.70000000    (-,-) 
  u1330/Y        -       A->Y  F     AND3x1_ASAP7_75t_R       4  2.60000000  21.20000000  24.60000000 1048.30000000    (-,-) 
  u1334/Y        -       A1->Y F     OA21x2_ASAP7_75t_R       1  0.60000000   8.60000000  25.80000000 1074.10000000    (-,-) 
  u1338/Y        -       A->Y  F     OR3x1_ASAP7_75t_R        2  2.00000000  20.40000000  32.40000000 1106.50000000    (-,-) 
  u1339/Y        -       B->Y  R     NOR2x1_ASAP7_75t_R       2  1.10000000  17.20000000  14.20000000 1120.70000000    (-,-) 
  u1340/Y        -       A->Y  R     OR3x1_ASAP7_75t_R        2  1.20000000  14.70000000  19.10000000 1139.80000000    (-,-) 
  u1343/Y        -       A1->Y R     AO21x1_ASAP7_75t_R       1  1.00000000  15.00000000  20.20000000 1160.00000000    (-,-) 
  u1351/Y        -       A2->Y F     AOI21x1_ASAP7_75t_R      1  0.60000000  14.70000000   9.60000000 1169.60000000    (-,-) 
  u1355/Y        -       A->Y  F     OR4x2_ASAP7_75t_R        1  0.90000000  15.10000000  40.70000000 1210.30000000    (-,-) 
  u1358/Y        -       A->Y  R     XOR2x2_ASAP7_75t_R       1  5.80000000  31.00000000  45.80000000 1256.10000000    (-,-) 
  po78           <<<     -     R     (port)                   -           -            -   0.00000000 1256.10000000    (-,-) 
#----------------------------------------------------------------------------------------------------------------------------



Path 2: VIOLATED (-229.60000000 ps) Late External Delay Assertion at pin po89
          Group: vclk
     Startpoint: (R) pi163
          Clock: (R) vclk
       Endpoint: (R) po89
          Clock: (R) vclk

                         Capture            Launch      
        Clock Edge:+  1000.00000000      0.00000000     
        Drv Adjust:+     0.00000000      9.50000000     
       Src Latency:+     0.00000000      0.00000000     
       Net Latency:+     0.00000000 (I)  0.00000000 (I) 
           Arrival:=  1000.00000000      9.50000000     
                                                        
      Output Delay:-     0.00000000                     
     Required Time:=  1000.00000000                     
      Launch Clock:-     9.50000000                     
       Input Delay:-     0.00000000                     
         Data Path:-  1220.10000000                     
             Slack:=  -229.60000000                     

Exceptions/Constraints:
  input_delay           0.00000000         in_del_1695_1   
  output_delay          0.00000000         ou_del_2131_1   

#-----------------------------------------------------------------------------------------------------------------------------
# Timing Point   Flags   Arc   Edge         Cell          Fanout     Load        Trans        Delay       Arrival    Instance 
#                                                                    (fF)        (ps)         (ps)          (ps)     Location 
#-----------------------------------------------------------------------------------------------------------------------------
  pi163          <<<     -     R     (arrival)                 6  4.20000000  22.30000000   0.00000000    9.50000000    (-,-) 
  u585/Y         -       C->Y  R     AND3x1_ASAP7_75t_R        3  2.00000000  23.60000000  32.60000000   42.10000000    (-,-) 
  u587/Y         -       A2->Y R     AO21x1_ASAP7_75t_R      108 80.90000000 704.90000000 338.80000000  380.90000000    (-,-) 
  u593/Y         -       A->Y  F     INVx1_ASAP7_75t_R        59 31.00000000 350.70000000 336.20000000  717.10000000    (-,-) 
  u1272/Y        -       B2->Y F     AO221x2_ASAP7_75t_R       1  0.50000000  20.90000000  88.70000000  805.80000000    (-,-) 
  u1276/Y        -       A1->Y F     AO21x1_ASAP7_75t_R        2  6.70000000  51.20000000  45.70000000  851.50000000    (-,-) 
  u1277/Y        -       A->Y  R     XOR2x2_ASAP7_75t_R        3  2.60000000  18.80000000  47.40000000  898.90000000    (-,-) 
  u1278/Y        -       A->Y  F     INVx1_ASAP7_75t_R        13  8.70000000  60.00000000  36.80000000  935.70000000    (-,-) 
  u1320/Y        -       A->Y  F     OR3x1_ASAP7_75t_R         2  1.20000000  16.40000000  41.70000000  977.40000000    (-,-) 
  u1326/Y        -       A->Y  R     INVx1_ASAP7_75t_R         2  1.00000000  13.70000000  11.90000000  989.30000000    (-,-) 
  u1327/Y        -       B->Y  R     AO21x1_ASAP7_75t_R        2  1.60000000  19.50000000  20.30000000 1009.60000000    (-,-) 
  u1328/Y        -       B->Y  F     NAND2x1_ASAP7_75t_R       3  1.80000000  17.00000000  14.10000000 1023.70000000    (-,-) 
  u1330/Y        -       A->Y  F     AND3x1_ASAP7_75t_R        4  2.60000000  21.20000000  24.60000000 1048.30000000    (-,-) 
  u1743/Y        -       A1->Y F     OA211x2_ASAP7_75t_R       2  1.10000000  14.50000000  34.60000000 1082.90000000    (-,-) 
  u1745/Y        -       A->Y  F     OR3x1_ASAP7_75t_R         2  1.40000000  16.60000000  31.50000000 1114.40000000    (-,-) 
  u1747/Y        -       A->Y  R     INVx1_ASAP7_75t_R         1  0.60000000  10.80000000  10.00000000 1124.40000000    (-,-) 
  u1748/Y        -       A->Y  R     AND3x1_ASAP7_75t_R        1  0.90000000  14.40000000  24.40000000 1148.80000000    (-,-) 
  u1749/Y        -       B->Y  F     AOI211x1_ASAP7_75t_R      1  0.60000000  20.10000000  10.90000000 1159.70000000    (-,-) 
  u1752/Y        -       A->Y  F     OR3x1_ASAP7_75t_R         1  0.80000000  12.50000000  30.10000000 1189.80000000    (-,-) 
  u1753/Y        -       B->Y  R     XNOR2x2_ASAP7_75t_R       1  5.80000000  30.90000000  39.80000000 1229.60000000    (-,-) 
  po89           <<<     -     R     (port)                    -           -            -   0.00000000 1229.60000000    (-,-) 
#-----------------------------------------------------------------------------------------------------------------------------



Path 3: VIOLATED (-210.10000000 ps) Late External Delay Assertion at pin po73
          Group: vclk
     Startpoint: (R) pi163
          Clock: (R) vclk
       Endpoint: (R) po73
          Clock: (R) vclk

                         Capture            Launch      
        Clock Edge:+  1000.00000000      0.00000000     
        Drv Adjust:+     0.00000000      9.50000000     
       Src Latency:+     0.00000000      0.00000000     
       Net Latency:+     0.00000000 (I)  0.00000000 (I) 
           Arrival:=  1000.00000000      9.50000000     
                                                        
      Output Delay:-     0.00000000                     
     Required Time:=  1000.00000000                     
      Launch Clock:-     9.50000000                     
       Input Delay:-     0.00000000                     
         Data Path:-  1200.60000000                     
             Slack:=  -210.10000000                     

Exceptions/Constraints:
  input_delay           0.00000000         in_del_1695_1   
  output_delay          0.00000000         ou_del_2115_1   

#----------------------------------------------------------------------------------------------------------------------------
# Timing Point   Flags   Arc   Edge        Cell          Fanout     Load        Trans        Delay       Arrival    Instance 
#                                                                   (fF)        (ps)         (ps)          (ps)     Location 
#----------------------------------------------------------------------------------------------------------------------------
  pi163          <<<     -     R     (arrival)                6  4.20000000  22.30000000   0.00000000    9.50000000    (-,-) 
  u585/Y         -       C->Y  R     AND3x1_ASAP7_75t_R       3  2.00000000  23.60000000  32.60000000   42.10000000    (-,-) 
  u587/Y         -       A2->Y R     AO21x1_ASAP7_75t_R     108 80.90000000 704.90000000 338.80000000  380.90000000    (-,-) 
  u593/Y         -       A->Y  F     INVx1_ASAP7_75t_R       59 31.00000000 350.70000000 336.20000000  717.10000000    (-,-) 
  u960/Y         -       B->Y  F     AND2x2_ASAP7_75t_R       2  1.10000000  19.60000000  72.90000000  790.00000000    (-,-) 
  u961/Y         -       C->Y  F     AO221x2_ASAP7_75t_R      1  0.50000000  21.40000000  36.80000000  826.80000000    (-,-) 
  u966/Y         -       A1->Y F     AO21x1_ASAP7_75t_R       2  6.70000000  51.20000000  45.80000000  872.60000000    (-,-) 
  u968/Y         -       A->Y  F     XOR2x2_ASAP7_75t_R       5  2.80000000  17.20000000  43.50000000  916.10000000    (-,-) 
  u969/Y         -       A->Y  R     INVx1_ASAP7_75t_R       13  9.50000000  85.10000000  46.10000000  962.20000000    (-,-) 
  u987/Y         -       B->Y  F     NOR2x1_ASAP7_75t_R       2  1.20000000  26.40000000  24.50000000  986.70000000    (-,-) 
  u990/Y         -       A1->Y F     OA21x2_ASAP7_75t_R       2  1.50000000  11.70000000  29.20000000 1015.90000000    (-,-) 
  u991/Y         -       B->Y  F     AO21x1_ASAP7_75t_R       3  2.60000000  21.90000000  29.70000000 1045.60000000    (-,-) 
  u992/Y         -       B->Y  R     NAND2x1_ASAP7_75t_R      2  1.10000000  22.00000000  15.60000000 1061.20000000    (-,-) 
  u1069/Y        -       A->Y  R     AND3x1_ASAP7_75t_R       1  1.00000000  15.30000000  28.00000000 1089.20000000    (-,-) 
  u1070/Y        -       B->Y  F     NOR2x1_ASAP7_75t_R       1  0.50000000  15.80000000   9.60000000 1098.80000000    (-,-) 
  u1072/Y        -       A->Y  F     OR5x1_ASAP7_75t_R        1  0.50000000  14.50000000  37.40000000 1136.20000000    (-,-) 
  u1090/Y        -       B1->Y F     AO221x2_ASAP7_75t_R      1  0.80000000  12.30000000  34.10000000 1170.30000000    (-,-) 
  u1091/Y        -       B->Y  R     XNOR2x2_ASAP7_75t_R      1  5.80000000  30.90000000  39.80000000 1210.10000000    (-,-) 
  po73           <<<     -     R     (port)                   -           -            -   0.00000000 1210.10000000    (-,-) 
#----------------------------------------------------------------------------------------------------------------------------



Path 4: VIOLATED (-207.00000000 ps) Late External Delay Assertion at pin po87
          Group: vclk
     Startpoint: (R) pi163
          Clock: (R) vclk
       Endpoint: (F) po87
          Clock: (R) vclk

                         Capture            Launch      
        Clock Edge:+  1000.00000000      0.00000000     
        Drv Adjust:+     0.00000000      9.50000000     
       Src Latency:+     0.00000000      0.00000000     
       Net Latency:+     0.00000000 (I)  0.00000000 (I) 
           Arrival:=  1000.00000000      9.50000000     
                                                        
      Output Delay:-     0.00000000                     
     Required Time:=  1000.00000000                     
      Launch Clock:-     9.50000000                     
       Input Delay:-     0.00000000                     
         Data Path:-  1197.50000000                     
             Slack:=  -207.00000000                     

Exceptions/Constraints:
  input_delay           0.00000000         in_del_1695_1   
  output_delay          0.00000000         ou_del_2129_1   

#----------------------------------------------------------------------------------------------------------------------------
# Timing Point   Flags   Arc   Edge        Cell          Fanout     Load        Trans        Delay       Arrival    Instance 
#                                                                   (fF)        (ps)         (ps)          (ps)     Location 
#----------------------------------------------------------------------------------------------------------------------------
  pi163          <<<     -     R     (arrival)                6  4.20000000  22.30000000   0.00000000    9.50000000    (-,-) 
  u585/Y         -       C->Y  R     AND3x1_ASAP7_75t_R       3  2.00000000  23.60000000  32.60000000   42.10000000    (-,-) 
  u587/Y         -       A2->Y R     AO21x1_ASAP7_75t_R     108 80.90000000 704.90000000 338.80000000  380.90000000    (-,-) 
  u593/Y         -       A->Y  F     INVx1_ASAP7_75t_R       59 31.00000000 350.70000000 336.20000000  717.10000000    (-,-) 
  u1298/Y        -       A->Y  R     NAND2x1_ASAP7_75t_R      1  1.10000000  68.40000000  66.40000000  783.50000000    (-,-) 
  u1300/Y        -       A1->Y F     AOI21x1_ASAP7_75t_R      1  0.60000000  46.50000000  18.40000000  801.90000000    (-,-) 
  u1301/Y        -       B->Y  F     AO21x1_ASAP7_75t_R       2  6.70000000  51.20000000  51.30000000  853.20000000    (-,-) 
  u1302/Y        -       A->Y  F     XOR2x2_ASAP7_75t_R       6  3.90000000  21.00000000  45.80000000  899.00000000    (-,-) 
  u1303/Y        -       A->Y  R     INVx1_ASAP7_75t_R       12  7.30000000  66.30000000  38.90000000  937.90000000    (-,-) 
  u1320/Y        -       C->Y  R     OR3x1_ASAP7_75t_R        2  1.20000000  15.20000000  29.70000000  967.60000000    (-,-) 
  u1326/Y        -       A->Y  F     INVx1_ASAP7_75t_R        2  1.00000000  10.80000000  10.10000000  977.70000000    (-,-) 
  u1327/Y        -       B->Y  F     AO21x1_ASAP7_75t_R       2  1.60000000  16.50000000  25.80000000 1003.50000000    (-,-) 
  u1328/Y        -       B->Y  R     NAND2x1_ASAP7_75t_R      3  1.80000000  23.80000000  17.00000000 1020.50000000    (-,-) 
  u1330/Y        -       A->Y  R     AND3x1_ASAP7_75t_R       4  2.50000000  28.60000000  35.50000000 1056.00000000    (-,-) 
  u1715/Y        -       B->Y  F     NOR2x1_ASAP7_75t_R       2  1.20000000  17.70000000  15.70000000 1071.70000000    (-,-) 
  u1716/Y        -       A->Y  R     INVx1_ASAP7_75t_R        1  0.60000000  11.10000000  10.30000000 1082.00000000    (-,-) 
  u1717/Y        -       B->Y  R     OA21x2_ASAP7_75t_R       1  0.60000000   9.80000000  21.00000000 1103.00000000    (-,-) 
  u1718/Y        -       B->Y  R     AO21x1_ASAP7_75t_R       1  0.50000000   9.80000000  14.50000000 1117.50000000    (-,-) 
  u1722/Y        -       B2->Y R     AO221x2_ASAP7_75t_R      1  0.60000000  12.10000000  26.60000000 1144.10000000    (-,-) 
  u1723/Y        -       B->Y  R     AO21x1_ASAP7_75t_R       1  0.90000000  12.80000000  16.90000000 1161.00000000    (-,-) 
  u1724/Y        -       B->Y  F     XNOR2x2_ASAP7_75t_R      1  5.80000000  26.30000000  46.00000000 1207.00000000    (-,-) 
  po87           <<<     -     F     (port)                   -           -            -   0.00000000 1207.00000000    (-,-) 
#----------------------------------------------------------------------------------------------------------------------------



Path 5: VIOLATED (-201.80000000 ps) Late External Delay Assertion at pin po70
          Group: vclk
     Startpoint: (R) pi163
          Clock: (R) vclk
       Endpoint: (R) po70
          Clock: (R) vclk

                         Capture            Launch      
        Clock Edge:+  1000.00000000      0.00000000     
        Drv Adjust:+     0.00000000      9.50000000     
       Src Latency:+     0.00000000      0.00000000     
       Net Latency:+     0.00000000 (I)  0.00000000 (I) 
           Arrival:=  1000.00000000      9.50000000     
                                                        
      Output Delay:-     0.00000000                     
     Required Time:=  1000.00000000                     
      Launch Clock:-     9.50000000                     
       Input Delay:-     0.00000000                     
         Data Path:-  1192.30000000                     
             Slack:=  -201.80000000                     

Exceptions/Constraints:
  input_delay           0.00000000         in_del_1695_1   
  output_delay          0.00000000         ou_del_2112_1   

#----------------------------------------------------------------------------------------------------------------------------
# Timing Point   Flags   Arc   Edge        Cell          Fanout     Load        Trans        Delay       Arrival    Instance 
#                                                                   (fF)        (ps)         (ps)          (ps)     Location 
#----------------------------------------------------------------------------------------------------------------------------
  pi163          <<<     -     R     (arrival)                6  4.20000000  22.30000000   0.00000000    9.50000000    (-,-) 
  u585/Y         -       C->Y  R     AND3x1_ASAP7_75t_R       3  2.00000000  23.60000000  32.60000000   42.10000000    (-,-) 
  u587/Y         -       A2->Y R     AO21x1_ASAP7_75t_R     108 80.90000000 704.90000000 338.80000000  380.90000000    (-,-) 
  u593/Y         -       A->Y  F     INVx1_ASAP7_75t_R       59 31.00000000 350.70000000 336.20000000  717.10000000    (-,-) 
  u960/Y         -       B->Y  F     AND2x2_ASAP7_75t_R       2  1.10000000  19.60000000  72.90000000  790.00000000    (-,-) 
  u961/Y         -       C->Y  F     AO221x2_ASAP7_75t_R      1  0.50000000  21.40000000  36.80000000  826.80000000    (-,-) 
  u966/Y         -       A1->Y F     AO21x1_ASAP7_75t_R       2  6.70000000  51.20000000  45.80000000  872.60000000    (-,-) 
  u968/Y         -       A->Y  F     XOR2x2_ASAP7_75t_R       5  2.80000000  17.20000000  43.50000000  916.10000000    (-,-) 
  u969/Y         -       A->Y  R     INVx1_ASAP7_75t_R       13  9.50000000  85.10000000  46.10000000  962.20000000    (-,-) 
  u987/Y         -       B->Y  F     NOR2x1_ASAP7_75t_R       2  1.20000000  26.40000000  24.50000000  986.70000000    (-,-) 
  u990/Y         -       A1->Y F     OA21x2_ASAP7_75t_R       2  1.50000000  11.70000000  29.20000000 1015.90000000    (-,-) 
  u991/Y         -       B->Y  F     AO21x1_ASAP7_75t_R       3  2.60000000  21.90000000  29.70000000 1045.60000000    (-,-) 
  u992/Y         -       B->Y  R     NAND2x1_ASAP7_75t_R      2  1.10000000  22.00000000  15.60000000 1061.20000000    (-,-) 
  u997/Y         -       C->Y  R     AND5x1_ASAP7_75t_R       2  2.00000000  27.50000000  47.20000000 1108.40000000    (-,-) 
  u998/Y         -       B->Y  F     NOR2x1_ASAP7_75t_R       1  0.60000000  14.90000000  12.50000000 1120.90000000    (-,-) 
  u1012/Y        -       A->Y  F     OR4x2_ASAP7_75t_R        1  0.80000000  14.70000000  40.40000000 1161.30000000    (-,-) 
  u1013/Y        -       B->Y  R     XNOR2x2_ASAP7_75t_R      1  5.80000000  30.90000000  40.50000000 1201.80000000    (-,-) 
  po70           <<<     -     R     (port)                   -           -            -   0.00000000 1201.80000000    (-,-) 
#----------------------------------------------------------------------------------------------------------------------------



Path 6: VIOLATED (-199.00000000 ps) Late External Delay Assertion at pin po95
          Group: vclk
     Startpoint: (R) pi163
          Clock: (R) vclk
       Endpoint: (R) po95
          Clock: (R) vclk

                         Capture            Launch      
        Clock Edge:+  1000.00000000      0.00000000     
        Drv Adjust:+     0.00000000      9.50000000     
       Src Latency:+     0.00000000      0.00000000     
       Net Latency:+     0.00000000 (I)  0.00000000 (I) 
           Arrival:=  1000.00000000      9.50000000     
                                                        
      Output Delay:-     0.00000000                     
     Required Time:=  1000.00000000                     
      Launch Clock:-     9.50000000                     
       Input Delay:-     0.00000000                     
         Data Path:-  1189.50000000                     
             Slack:=  -199.00000000                     

Exceptions/Constraints:
  input_delay           0.00000000         in_del_1695_1   
  output_delay          0.00000000         ou_del_2137_1   

#----------------------------------------------------------------------------------------------------------------------------
# Timing Point   Flags   Arc   Edge        Cell          Fanout     Load        Trans        Delay       Arrival    Instance 
#                                                                   (fF)        (ps)         (ps)          (ps)     Location 
#----------------------------------------------------------------------------------------------------------------------------
  pi163          <<<     -     R     (arrival)                6  4.20000000  22.30000000   0.00000000    9.50000000    (-,-) 
  u585/Y         -       C->Y  R     AND3x1_ASAP7_75t_R       3  2.00000000  23.60000000  32.60000000   42.10000000    (-,-) 
  u587/Y         -       A2->Y R     AO21x1_ASAP7_75t_R     108 80.90000000 704.90000000 338.80000000  380.90000000    (-,-) 
  u593/Y         -       A->Y  F     INVx1_ASAP7_75t_R       59 31.00000000 350.70000000 336.20000000  717.10000000    (-,-) 
  u1298/Y        -       A->Y  R     NAND2x1_ASAP7_75t_R      1  1.10000000  68.40000000  66.40000000  783.50000000    (-,-) 
  u1300/Y        -       A1->Y F     AOI21x1_ASAP7_75t_R      1  0.60000000  46.50000000  18.40000000  801.90000000    (-,-) 
  u1301/Y        -       B->Y  F     AO21x1_ASAP7_75t_R       2  6.70000000  51.20000000  51.30000000  853.20000000    (-,-) 
  u1302/Y        -       A->Y  F     XOR2x2_ASAP7_75t_R       6  3.90000000  21.00000000  45.80000000  899.00000000    (-,-) 
  u1303/Y        -       A->Y  R     INVx1_ASAP7_75t_R       12  7.30000000  66.30000000  38.90000000  937.90000000    (-,-) 
  u1320/Y        -       C->Y  R     OR3x1_ASAP7_75t_R        2  1.20000000  15.20000000  29.70000000  967.60000000    (-,-) 
  u1326/Y        -       A->Y  F     INVx1_ASAP7_75t_R        2  1.00000000  10.80000000  10.10000000  977.70000000    (-,-) 
  u1327/Y        -       B->Y  F     AO21x1_ASAP7_75t_R       2  1.60000000  16.50000000  25.80000000 1003.50000000    (-,-) 
  u1328/Y        -       B->Y  R     NAND2x1_ASAP7_75t_R      3  1.80000000  23.80000000  17.00000000 1020.50000000    (-,-) 
  u1330/Y        -       A->Y  R     AND3x1_ASAP7_75t_R       4  2.50000000  28.60000000  35.50000000 1056.00000000    (-,-) 
  u1715/Y        -       B->Y  F     NOR2x1_ASAP7_75t_R       2  1.20000000  17.70000000  15.70000000 1071.70000000    (-,-) 
  u1836/Y        -       A->Y  F     OR3x1_ASAP7_75t_R        1  0.60000000  11.70000000  28.40000000 1100.10000000    (-,-) 
  u1837/Y        -       B->Y  F     OA21x2_ASAP7_75t_R       1  0.40000000   7.90000000  17.10000000 1117.20000000    (-,-) 
  u1838/Y        -       C->Y  F     OA211x2_ASAP7_75t_R      1  0.90000000  13.80000000  36.40000000 1153.60000000    (-,-) 
  u1841/Y        -       A->Y  R     XOR2x2_ASAP7_75t_R       1  5.80000000  31.00000000  45.40000000 1199.00000000    (-,-) 
  po95           <<<     -     R     (port)                   -           -            -   0.00000000 1199.00000000    (-,-) 
#----------------------------------------------------------------------------------------------------------------------------



Path 7: VIOLATED (-188.70000000 ps) Late External Delay Assertion at pin po69
          Group: vclk
     Startpoint: (R) pi163
          Clock: (R) vclk
       Endpoint: (F) po69
          Clock: (R) vclk

                         Capture            Launch      
        Clock Edge:+  1000.00000000      0.00000000     
        Drv Adjust:+     0.00000000      9.50000000     
       Src Latency:+     0.00000000      0.00000000     
       Net Latency:+     0.00000000 (I)  0.00000000 (I) 
           Arrival:=  1000.00000000      9.50000000     
                                                        
      Output Delay:-     0.00000000                     
     Required Time:=  1000.00000000                     
      Launch Clock:-     9.50000000                     
       Input Delay:-     0.00000000                     
         Data Path:-  1179.20000000                     
             Slack:=  -188.70000000                     

Exceptions/Constraints:
  input_delay           0.00000000         in_del_1695_1   
  output_delay          0.00000000         ou_del_2111_1   

#----------------------------------------------------------------------------------------------------------------------------
# Timing Point   Flags   Arc   Edge        Cell          Fanout     Load        Trans        Delay       Arrival    Instance 
#                                                                   (fF)        (ps)         (ps)          (ps)     Location 
#----------------------------------------------------------------------------------------------------------------------------
  pi163          <<<     -     R     (arrival)                6  4.20000000  22.30000000   0.00000000    9.50000000    (-,-) 
  u585/Y         -       C->Y  R     AND3x1_ASAP7_75t_R       3  2.00000000  23.60000000  32.60000000   42.10000000    (-,-) 
  u587/Y         -       A2->Y R     AO21x1_ASAP7_75t_R     108 80.90000000 704.90000000 338.80000000  380.90000000    (-,-) 
  u593/Y         -       A->Y  F     INVx1_ASAP7_75t_R       59 31.00000000 350.70000000 336.20000000  717.10000000    (-,-) 
  u821/Y         -       A1->Y F     AO221x2_ASAP7_75t_R      1  0.50000000  17.20000000  69.50000000  786.60000000    (-,-) 
  u832/Y         -       A1->Y F     AO21x1_ASAP7_75t_R       2  6.70000000  51.20000000  44.50000000  831.10000000    (-,-) 
  u834/Y         -       A->Y  R     XOR2x2_ASAP7_75t_R       6  3.60000000  22.70000000  49.70000000  880.80000000    (-,-) 
  u835/Y         -       A->Y  F     INVx1_ASAP7_75t_R       13  8.90000000  61.80000000  38.90000000  919.70000000    (-,-) 
  u874/Y         -       A->Y  R     NAND2x1_ASAP7_75t_R      2  1.60000000  33.10000000  31.40000000  951.10000000    (-,-) 
  u875/Y         -       A->Y  F     INVx1_ASAP7_75t_R        2  1.60000000  18.60000000  16.90000000  968.00000000    (-,-) 
  u876/Y         -       B->Y  R     NOR2x1_ASAP7_75t_R       2  1.00000000  16.00000000  13.30000000  981.30000000    (-,-) 
  u877/Y         -       B->Y  R     OA21x2_ASAP7_75t_R       2  1.40000000  14.00000000  24.20000000 1005.50000000    (-,-) 
  u878/Y         -       A->Y  F     INVx1_ASAP7_75t_R        2  1.60000000  14.00000000  12.00000000 1017.50000000    (-,-) 
  u879/Y         -       B->Y  F     OR2x4_ASAP7_75t_R        1  0.40000000  10.90000000  31.30000000 1048.80000000    (-,-) 
  u881/Y         -       A2->Y F     AO32x1_ASAP7_75t_R       2  1.60000000  18.20000000  33.50000000 1082.30000000    (-,-) 
  u913/Y         -       A2->Y F     OA21x2_ASAP7_75t_R       1  1.10000000  10.20000000  26.90000000 1109.20000000    (-,-) 
  u914/Y         -       B->Y  R     AOI21x1_ASAP7_75t_R      1  0.50000000  12.90000000  11.00000000 1120.20000000    (-,-) 
  u915/Y         -       C->Y  R     AO221x2_ASAP7_75t_R      1  0.90000000  14.10000000  22.10000000 1142.30000000    (-,-) 
  u916/Y         -       B->Y  F     XNOR2x2_ASAP7_75t_R      1  5.80000000  26.30000000  46.40000000 1188.70000000    (-,-) 
  po69           <<<     -     F     (port)                   -           -            -   0.00000000 1188.70000000    (-,-) 
#----------------------------------------------------------------------------------------------------------------------------



Path 8: VIOLATED (-186.70000000 ps) Late External Delay Assertion at pin po79
          Group: vclk
     Startpoint: (R) pi163
          Clock: (R) vclk
       Endpoint: (R) po79
          Clock: (R) vclk

                         Capture            Launch      
        Clock Edge:+  1000.00000000      0.00000000     
        Drv Adjust:+     0.00000000      9.50000000     
       Src Latency:+     0.00000000      0.00000000     
       Net Latency:+     0.00000000 (I)  0.00000000 (I) 
           Arrival:=  1000.00000000      9.50000000     
                                                        
      Output Delay:-     0.00000000                     
     Required Time:=  1000.00000000                     
      Launch Clock:-     9.50000000                     
       Input Delay:-     0.00000000                     
         Data Path:-  1177.20000000                     
             Slack:=  -186.70000000                     

Exceptions/Constraints:
  input_delay           0.00000000         in_del_1695_1   
  output_delay          0.00000000         ou_del_2121_1   

#----------------------------------------------------------------------------------------------------------------------------
# Timing Point   Flags   Arc   Edge        Cell          Fanout     Load        Trans        Delay       Arrival    Instance 
#                                                                   (fF)        (ps)         (ps)          (ps)     Location 
#----------------------------------------------------------------------------------------------------------------------------
  pi163          <<<     -     R     (arrival)                6  4.20000000  22.30000000   0.00000000    9.50000000    (-,-) 
  u585/Y         -       C->Y  R     AND3x1_ASAP7_75t_R       3  2.00000000  23.60000000  32.60000000   42.10000000    (-,-) 
  u587/Y         -       A2->Y R     AO21x1_ASAP7_75t_R     108 80.90000000 704.90000000 338.80000000  380.90000000    (-,-) 
  u593/Y         -       A->Y  F     INVx1_ASAP7_75t_R       59 31.00000000 350.70000000 336.20000000  717.10000000    (-,-) 
  u921/Y         -       B->Y  F     AND2x2_ASAP7_75t_R       2  1.10000000  19.60000000  72.90000000  790.00000000    (-,-) 
  u1397/Y        -       B->Y  F     AO21x1_ASAP7_75t_R       1  0.50000000  19.40000000  23.50000000  813.50000000    (-,-) 
  u1398/Y        -       A->Y  F     AND2x2_ASAP7_75t_R       1  0.60000000   9.00000000  23.30000000  836.80000000    (-,-) 
  u1399/Y        -       B->Y  F     AO21x1_ASAP7_75t_R       2  6.70000000  51.20000000  42.90000000  879.70000000    (-,-) 
  u1401/Y        -       A->Y  R     XOR2x2_ASAP7_75t_R      12  7.70000000  39.80000000  58.60000000  938.30000000    (-,-) 
  u1404/Y        -       B->Y  R     AND2x2_ASAP7_75t_R       3  1.60000000  13.50000000  29.60000000  967.90000000    (-,-) 
  u1407/Y        -       A1->Y R     AO22x1_ASAP7_75t_R       3  1.60000000  21.20000000  27.60000000  995.50000000    (-,-) 
  u1408/Y        -       A->Y  F     INVx1_ASAP7_75t_R        2  1.80000000  16.80000000  14.90000000 1010.40000000    (-,-) 
  u1409/Y        -       B->Y  R     OAI21x1_ASAP7_75t_R      2  1.50000000  25.20000000  11.40000000 1021.80000000    (-,-) 
  u1410/Y        -       A2->Y F     AOI21x1_ASAP7_75t_R      1  0.60000000  16.70000000  11.30000000 1033.10000000    (-,-) 
  u1414/Y        -       A->Y  F     OR3x1_ASAP7_75t_R        2  1.50000000  17.20000000  32.50000000 1065.60000000    (-,-) 
  u1418/Y        -       C->Y  F     OR4x2_ASAP7_75t_R        1  0.50000000  13.60000000  44.20000000 1109.80000000    (-,-) 
  u1438/Y        -       A1->Y F     AO21x1_ASAP7_75t_R       1  0.60000000   9.60000000  21.80000000 1131.60000000    (-,-) 
  u1453/Y        -       A->Y  F     AND4x2_ASAP7_75t_R       1  0.80000000   7.30000000  16.80000000 1148.40000000    (-,-) 
  u1454/Y        -       B->Y  R     XNOR2x2_ASAP7_75t_R      1  5.80000000  30.90000000  38.30000000 1186.70000000    (-,-) 
  po79           <<<     -     R     (port)                   -           -            -   0.00000000 1186.70000000    (-,-) 
#----------------------------------------------------------------------------------------------------------------------------



Path 9: VIOLATED (-185.50000000 ps) Late External Delay Assertion at pin po96
          Group: vclk
     Startpoint: (R) pi163
          Clock: (R) vclk
       Endpoint: (F) po96
          Clock: (R) vclk

                         Capture            Launch      
        Clock Edge:+  1000.00000000      0.00000000     
        Drv Adjust:+     0.00000000      9.50000000     
       Src Latency:+     0.00000000      0.00000000     
       Net Latency:+     0.00000000 (I)  0.00000000 (I) 
           Arrival:=  1000.00000000      9.50000000     
                                                        
      Output Delay:-     0.00000000                     
     Required Time:=  1000.00000000                     
      Launch Clock:-     9.50000000                     
       Input Delay:-     0.00000000                     
         Data Path:-  1176.00000000                     
             Slack:=  -185.50000000                     

Exceptions/Constraints:
  input_delay           0.00000000         in_del_1695_1   
  output_delay          0.00000000         ou_del_2138_1   

#-----------------------------------------------------------------------------------------------------------------------------
# Timing Point   Flags   Arc   Edge         Cell          Fanout     Load        Trans        Delay       Arrival    Instance 
#                                                                    (fF)        (ps)         (ps)          (ps)     Location 
#-----------------------------------------------------------------------------------------------------------------------------
  pi163          <<<     -     R     (arrival)                 6  4.20000000  22.30000000   0.00000000    9.50000000    (-,-) 
  u585/Y         -       C->Y  R     AND3x1_ASAP7_75t_R        3  2.00000000  23.60000000  32.60000000   42.10000000    (-,-) 
  u587/Y         -       A2->Y R     AO21x1_ASAP7_75t_R      108 80.90000000 704.90000000 338.80000000  380.90000000    (-,-) 
  u593/Y         -       A->Y  F     INVx1_ASAP7_75t_R        59 31.00000000 350.70000000 336.20000000  717.10000000    (-,-) 
  u921/Y         -       B->Y  F     AND2x2_ASAP7_75t_R        2  1.10000000  19.60000000  72.90000000  790.00000000    (-,-) 
  u1397/Y        -       B->Y  F     AO21x1_ASAP7_75t_R        1  0.50000000  19.40000000  23.50000000  813.50000000    (-,-) 
  u1398/Y        -       A->Y  F     AND2x2_ASAP7_75t_R        1  0.60000000   9.00000000  23.30000000  836.80000000    (-,-) 
  u1399/Y        -       B->Y  F     AO21x1_ASAP7_75t_R        2  6.70000000  51.20000000  42.90000000  879.70000000    (-,-) 
  u1401/Y        -       A->Y  R     XOR2x2_ASAP7_75t_R       12  7.70000000  39.80000000  58.60000000  938.30000000    (-,-) 
  u1403/Y        -       B->Y  R     AND3x1_ASAP7_75t_R        6  5.00000000  49.10000000  49.30000000  987.60000000    (-,-) 
  u1439/Y        -       A->Y  F     NOR2x1_ASAP7_75t_R        1  0.50000000  17.70000000  18.30000000 1005.90000000    (-,-) 
  u1441/Y        -       A1->Y F     AO21x1_ASAP7_75t_R        2  1.50000000  15.60000000  26.90000000 1032.80000000    (-,-) 
  u1442/Y        -       B->Y  R     NAND2x1_ASAP7_75t_R       2  1.20000000  22.50000000  14.10000000 1046.90000000    (-,-) 
  u1850/Y        -       A->Y  F     INVx1_ASAP7_75t_R         1  0.40000000   9.10000000   8.90000000 1055.80000000    (-,-) 
  u1851/Y        -       B->Y  F     OA211x2_ASAP7_75t_R       1  0.90000000  13.80000000  35.00000000 1090.80000000    (-,-) 
  u1853/Y        -       B->Y  R     AOI211x1_ASAP7_75t_R      1  0.60000000  20.80000000  14.50000000 1105.30000000    (-,-) 
  u1854/Y        -       B->Y  R     OA21x2_ASAP7_75t_R        1  0.60000000   8.80000000  23.20000000 1128.50000000    (-,-) 
  u1855/Y        -       B->Y  R     OA21x2_ASAP7_75t_R        1  0.80000000  10.20000000  21.00000000 1149.50000000    (-,-) 
  u1858/Y        -       A->Y  F     XOR2x2_ASAP7_75t_R        1  5.80000000  26.20000000  36.00000000 1185.50000000    (-,-) 
  po96           <<<     -     F     (port)                    -           -            -   0.00000000 1185.50000000    (-,-) 
#-----------------------------------------------------------------------------------------------------------------------------



Path 10: VIOLATED (-182.90000000 ps) Late External Delay Assertion at pin po85
          Group: vclk
     Startpoint: (R) pi163
          Clock: (R) vclk
       Endpoint: (R) po85
          Clock: (R) vclk

                         Capture            Launch      
        Clock Edge:+  1000.00000000      0.00000000     
        Drv Adjust:+     0.00000000      9.50000000     
       Src Latency:+     0.00000000      0.00000000     
       Net Latency:+     0.00000000 (I)  0.00000000 (I) 
           Arrival:=  1000.00000000      9.50000000     
                                                        
      Output Delay:-     0.00000000                     
     Required Time:=  1000.00000000                     
      Launch Clock:-     9.50000000                     
       Input Delay:-     0.00000000                     
         Data Path:-  1173.40000000                     
             Slack:=  -182.90000000                     

Exceptions/Constraints:
  input_delay           0.00000000         in_del_1695_1   
  output_delay          0.00000000         ou_del_2127_1   

#----------------------------------------------------------------------------------------------------------------------------
# Timing Point   Flags   Arc   Edge        Cell          Fanout     Load        Trans        Delay       Arrival    Instance 
#                                                                   (fF)        (ps)         (ps)          (ps)     Location 
#----------------------------------------------------------------------------------------------------------------------------
  pi163          <<<     -     R     (arrival)                6  4.20000000  22.30000000   0.00000000    9.50000000    (-,-) 
  u585/Y         -       C->Y  R     AND3x1_ASAP7_75t_R       3  2.00000000  23.60000000  32.60000000   42.10000000    (-,-) 
  u587/Y         -       A2->Y R     AO21x1_ASAP7_75t_R     108 80.90000000 704.90000000 338.80000000  380.90000000    (-,-) 
  u593/Y         -       A->Y  F     INVx1_ASAP7_75t_R       59 31.00000000 350.70000000 336.20000000  717.10000000    (-,-) 
  u960/Y         -       B->Y  F     AND2x2_ASAP7_75t_R       2  1.10000000  19.60000000  72.90000000  790.00000000    (-,-) 
  u961/Y         -       C->Y  F     AO221x2_ASAP7_75t_R      1  0.50000000  21.40000000  36.80000000  826.80000000    (-,-) 
  u966/Y         -       A1->Y F     AO21x1_ASAP7_75t_R       2  6.70000000  51.20000000  45.80000000  872.60000000    (-,-) 
  u968/Y         -       A->Y  F     XOR2x2_ASAP7_75t_R       5  2.80000000  17.20000000  43.50000000  916.10000000    (-,-) 
  u969/Y         -       A->Y  R     INVx1_ASAP7_75t_R       13  9.50000000  85.10000000  46.10000000  962.20000000    (-,-) 
  u987/Y         -       B->Y  F     NOR2x1_ASAP7_75t_R       2  1.20000000  26.40000000  24.50000000  986.70000000    (-,-) 
  u990/Y         -       A1->Y F     OA21x2_ASAP7_75t_R       2  1.50000000  11.70000000  29.20000000 1015.90000000    (-,-) 
  u991/Y         -       B->Y  F     AO21x1_ASAP7_75t_R       3  2.60000000  21.90000000  29.70000000 1045.60000000    (-,-) 
  u992/Y         -       B->Y  R     NAND2x1_ASAP7_75t_R      2  1.10000000  22.00000000  15.60000000 1061.20000000    (-,-) 
  u997/Y         -       C->Y  R     AND5x1_ASAP7_75t_R       2  2.00000000  27.50000000  47.20000000 1108.40000000    (-,-) 
  u1690/Y        -       A2->Y F     AOI21x1_ASAP7_75t_R      1  0.60000000  13.30000000  11.60000000 1120.00000000    (-,-) 
  u1691/Y        -       B->Y  F     OA21x2_ASAP7_75t_R       1  0.90000000   9.80000000  18.80000000 1138.80000000    (-,-) 
  u1694/Y        -       A->Y  R     XOR2x2_ASAP7_75t_R       1  5.80000000  31.00000000  44.10000000 1182.90000000    (-,-) 
  po85           <<<     -     R     (port)                   -           -            -   0.00000000 1182.90000000    (-,-) 
#----------------------------------------------------------------------------------------------------------------------------

