============================================================
  Generated by:           Genus(TM) Synthesis Solution 23.14-s090_1
  Generated on:           Sep 13 2026  11:35:38 am
  Module:                 aes_core
  Operating conditions:   PVT_0P7V_25C (balanced_tree)
  Wireload mode:          enclosed
  Area mode:              timing library
============================================================


Path 1: VIOLATED (-462.50000000 ps) Late External Delay Assertion at pin po345
          Group: vclk
     Startpoint: (R) pi1062
          Clock: (R) vclk
       Endpoint: (F) po345
          Clock: (R) vclk

                         Capture             Launch       
        Clock Edge:+  1000.00000000        0.00000000     
        Drv Adjust:+     0.00000000      437.50000000     
       Src Latency:+     0.00000000        0.00000000     
       Net Latency:+     0.00000000 (I)    0.00000000 (I) 
           Arrival:=  1000.00000000      437.50000000     
                                                          
      Output Delay:-     0.00000000                       
     Required Time:=  1000.00000000                       
      Launch Clock:-   437.50000000                       
       Input Delay:-     0.00000000                       
         Data Path:-  1025.00000000                       
             Slack:=  -462.50000000                       

Exceptions/Constraints:
  input_delay           0.00000000         in_del_3045_1   
  output_delay          0.00000000         ou_del_3645_1   

#-----------------------------------------------------------------------------------------------------------------------------
# Timing Point   Flags   Arc   Edge        Cell          Fanout     Load         Trans        Delay       Arrival    Instance 
#                                                                   (fF)         (ps)         (ps)          (ps)     Location 
#-----------------------------------------------------------------------------------------------------------------------------
  pi1062         <<<     -     R     (arrival)              343 220.10000000 967.40000000   0.00000000  437.50000000    (-,-) 
  u9898/Y        -       A->Y  F     INVx1_ASAP7_75t_R      180  89.90000000 646.70000000 751.70000000 1189.20000000    (-,-) 
  u11616/Y       -       C->Y  F     OA211x2_ASAP7_75t_R      3   2.20000000  38.90000000 187.40000000 1376.60000000    (-,-) 
  u11617/Y       -       B->Y  F     OR3x1_ASAP7_75t_R        1   0.40000000  24.50000000  33.50000000 1410.10000000    (-,-) 
  u11619/Y       -       B->Y  F     OA211x2_ASAP7_75t_R      1   5.80000000  30.40000000  52.40000000 1462.50000000    (-,-) 
  po345          <<<     -     F     (port)                   -            -            -   0.00000000 1462.50000000    (-,-) 
#-----------------------------------------------------------------------------------------------------------------------------



Path 2: VIOLATED (-423.60000000 ps) Late External Delay Assertion at pin po347
          Group: vclk
     Startpoint: (R) pi1062
          Clock: (R) vclk
       Endpoint: (F) po347
          Clock: (R) vclk

                         Capture             Launch       
        Clock Edge:+  1000.00000000        0.00000000     
        Drv Adjust:+     0.00000000      437.50000000     
       Src Latency:+     0.00000000        0.00000000     
       Net Latency:+     0.00000000 (I)    0.00000000 (I) 
           Arrival:=  1000.00000000      437.50000000     
                                                          
      Output Delay:-     0.00000000                       
     Required Time:=  1000.00000000                       
      Launch Clock:-   437.50000000                       
       Input Delay:-     0.00000000                       
         Data Path:-   986.10000000                       
             Slack:=  -423.60000000                       

Exceptions/Constraints:
  input_delay           0.00000000         in_del_3045_1   
  output_delay          0.00000000         ou_del_3647_1   

#-----------------------------------------------------------------------------------------------------------------------------
# Timing Point   Flags   Arc   Edge        Cell          Fanout     Load         Trans        Delay       Arrival    Instance 
#                                                                   (fF)         (ps)         (ps)          (ps)     Location 
#-----------------------------------------------------------------------------------------------------------------------------
  pi1062         <<<     -     R     (arrival)              343 220.10000000 967.40000000   0.00000000  437.50000000    (-,-) 
  u9898/Y        -       A->Y  F     INVx1_ASAP7_75t_R      180  89.90000000 646.70000000 751.70000000 1189.20000000    (-,-) 
  u11616/Y       -       C->Y  F     OA211x2_ASAP7_75t_R      3   2.20000000  38.90000000 187.40000000 1376.60000000    (-,-) 
  u11626/Y       -       B->Y  F     AO21x1_ASAP7_75t_R       1   5.80000000  50.90000000  47.00000000 1423.60000000    (-,-) 
  po347          <<<     -     F     (port)                   -            -            -   0.00000000 1423.60000000    (-,-) 
#-----------------------------------------------------------------------------------------------------------------------------



Path 3: VIOLATED (-414.30000000 ps) Late External Delay Assertion at pin po510
          Group: vclk
     Startpoint: (R) pi1062
          Clock: (R) vclk
       Endpoint: (F) po510
          Clock: (R) vclk

                         Capture             Launch       
        Clock Edge:+  1000.00000000        0.00000000     
        Drv Adjust:+     0.00000000      437.50000000     
       Src Latency:+     0.00000000        0.00000000     
       Net Latency:+     0.00000000 (I)    0.00000000 (I) 
           Arrival:=  1000.00000000      437.50000000     
                                                          
      Output Delay:-     0.00000000                       
     Required Time:=  1000.00000000                       
      Launch Clock:-   437.50000000                       
       Input Delay:-     0.00000000                       
         Data Path:-   976.80000000                       
             Slack:=  -414.30000000                       

Exceptions/Constraints:
  input_delay           0.00000000         in_del_3045_1   
  output_delay          0.00000000         ou_del_3810_1   

#-----------------------------------------------------------------------------------------------------------------------------
# Timing Point   Flags   Arc   Edge        Cell          Fanout     Load         Trans        Delay       Arrival    Instance 
#                                                                   (fF)         (ps)         (ps)          (ps)     Location 
#-----------------------------------------------------------------------------------------------------------------------------
  pi1062         <<<     -     R     (arrival)              343 220.10000000 967.40000000   0.00000000  437.50000000    (-,-) 
  u9898/Y        -       A->Y  F     INVx1_ASAP7_75t_R      180  89.90000000 646.70000000 751.70000000 1189.20000000    (-,-) 
  u12163/Y       -       C->Y  F     OA211x2_ASAP7_75t_R      1   0.60000000  32.80000000 179.50000000 1368.70000000    (-,-) 
  u12164/Y       -       B->Y  F     AO21x1_ASAP7_75t_R       1   5.80000000  50.90000000  45.60000000 1414.30000000    (-,-) 
  po510          <<<     -     F     (port)                   -            -            -   0.00000000 1414.30000000    (-,-) 
#-----------------------------------------------------------------------------------------------------------------------------



Path 4: VIOLATED (-414.30000000 ps) Late External Delay Assertion at pin po496
          Group: vclk
     Startpoint: (R) pi1062
          Clock: (R) vclk
       Endpoint: (F) po496
          Clock: (R) vclk

                         Capture             Launch       
        Clock Edge:+  1000.00000000        0.00000000     
        Drv Adjust:+     0.00000000      437.50000000     
       Src Latency:+     0.00000000        0.00000000     
       Net Latency:+     0.00000000 (I)    0.00000000 (I) 
           Arrival:=  1000.00000000      437.50000000     
                                                          
      Output Delay:-     0.00000000                       
     Required Time:=  1000.00000000                       
      Launch Clock:-   437.50000000                       
       Input Delay:-     0.00000000                       
         Data Path:-   976.80000000                       
             Slack:=  -414.30000000                       

Exceptions/Constraints:
  input_delay           0.00000000         in_del_3045_1   
  output_delay          0.00000000         ou_del_3796_1   

#-----------------------------------------------------------------------------------------------------------------------------
# Timing Point   Flags   Arc   Edge        Cell          Fanout     Load         Trans        Delay       Arrival    Instance 
#                                                                   (fF)         (ps)         (ps)          (ps)     Location 
#-----------------------------------------------------------------------------------------------------------------------------
  pi1062         <<<     -     R     (arrival)              343 220.10000000 967.40000000   0.00000000  437.50000000    (-,-) 
  u9898/Y        -       A->Y  F     INVx1_ASAP7_75t_R      180  89.90000000 646.70000000 751.70000000 1189.20000000    (-,-) 
  u12145/Y       -       C->Y  F     OA211x2_ASAP7_75t_R      1   0.60000000  32.80000000 179.50000000 1368.70000000    (-,-) 
  u12146/Y       -       B->Y  F     AO21x1_ASAP7_75t_R       1   5.80000000  50.90000000  45.60000000 1414.30000000    (-,-) 
  po496          <<<     -     F     (port)                   -            -            -   0.00000000 1414.30000000    (-,-) 
#-----------------------------------------------------------------------------------------------------------------------------



Path 5: VIOLATED (-414.30000000 ps) Late External Delay Assertion at pin po492
          Group: vclk
     Startpoint: (R) pi1062
          Clock: (R) vclk
       Endpoint: (F) po492
          Clock: (R) vclk

                         Capture             Launch       
        Clock Edge:+  1000.00000000        0.00000000     
        Drv Adjust:+     0.00000000      437.50000000     
       Src Latency:+     0.00000000        0.00000000     
       Net Latency:+     0.00000000 (I)    0.00000000 (I) 
           Arrival:=  1000.00000000      437.50000000     
                                                          
      Output Delay:-     0.00000000                       
     Required Time:=  1000.00000000                       
      Launch Clock:-   437.50000000                       
       Input Delay:-     0.00000000                       
         Data Path:-   976.80000000                       
             Slack:=  -414.30000000                       

Exceptions/Constraints:
  input_delay           0.00000000         in_del_3045_1   
  output_delay          0.00000000         ou_del_3792_1   

#-----------------------------------------------------------------------------------------------------------------------------
# Timing Point   Flags   Arc   Edge        Cell          Fanout     Load         Trans        Delay       Arrival    Instance 
#                                                                   (fF)         (ps)         (ps)          (ps)     Location 
#-----------------------------------------------------------------------------------------------------------------------------
  pi1062         <<<     -     R     (arrival)              343 220.10000000 967.40000000   0.00000000  437.50000000    (-,-) 
  u9898/Y        -       A->Y  F     INVx1_ASAP7_75t_R      180  89.90000000 646.70000000 751.70000000 1189.20000000    (-,-) 
  u12137/Y       -       C->Y  F     OA211x2_ASAP7_75t_R      1   0.60000000  32.80000000 179.50000000 1368.70000000    (-,-) 
  u12138/Y       -       B->Y  F     AO21x1_ASAP7_75t_R       1   5.80000000  50.90000000  45.60000000 1414.30000000    (-,-) 
  po492          <<<     -     F     (port)                   -            -            -   0.00000000 1414.30000000    (-,-) 
#-----------------------------------------------------------------------------------------------------------------------------



Path 6: VIOLATED (-414.30000000 ps) Late External Delay Assertion at pin po490
          Group: vclk
     Startpoint: (R) pi1062
          Clock: (R) vclk
       Endpoint: (F) po490
          Clock: (R) vclk

                         Capture             Launch       
        Clock Edge:+  1000.00000000        0.00000000     
        Drv Adjust:+     0.00000000      437.50000000     
       Src Latency:+     0.00000000        0.00000000     
       Net Latency:+     0.00000000 (I)    0.00000000 (I) 
           Arrival:=  1000.00000000      437.50000000     
                                                          
      Output Delay:-     0.00000000                       
     Required Time:=  1000.00000000                       
      Launch Clock:-   437.50000000                       
       Input Delay:-     0.00000000                       
         Data Path:-   976.80000000                       
             Slack:=  -414.30000000                       

Exceptions/Constraints:
  input_delay           0.00000000         in_del_3045_1   
  output_delay          0.00000000         ou_del_3790_1   

#-----------------------------------------------------------------------------------------------------------------------------
# Timing Point   Flags   Arc   Edge        Cell          Fanout     Load         Trans        Delay       Arrival    Instance 
#                                                                   (fF)         (ps)         (ps)          (ps)     Location 
#-----------------------------------------------------------------------------------------------------------------------------
  pi1062         <<<     -     R     (arrival)              343 220.10000000 967.40000000   0.00000000  437.50000000    (-,-) 
  u9898/Y        -       A->Y  F     INVx1_ASAP7_75t_R      180  89.90000000 646.70000000 751.70000000 1189.20000000    (-,-) 
  u12132/Y       -       C->Y  F     OA211x2_ASAP7_75t_R      1   0.60000000  32.80000000 179.50000000 1368.70000000    (-,-) 
  u12133/Y       -       B->Y  F     AO21x1_ASAP7_75t_R       1   5.80000000  50.90000000  45.60000000 1414.30000000    (-,-) 
  po490          <<<     -     F     (port)                   -            -            -   0.00000000 1414.30000000    (-,-) 
#-----------------------------------------------------------------------------------------------------------------------------



Path 7: VIOLATED (-414.30000000 ps) Late External Delay Assertion at pin po489
          Group: vclk
     Startpoint: (R) pi1062
          Clock: (R) vclk
       Endpoint: (F) po489
          Clock: (R) vclk

                         Capture             Launch       
        Clock Edge:+  1000.00000000        0.00000000     
        Drv Adjust:+     0.00000000      437.50000000     
       Src Latency:+     0.00000000        0.00000000     
       Net Latency:+     0.00000000 (I)    0.00000000 (I) 
           Arrival:=  1000.00000000      437.50000000     
                                                          
      Output Delay:-     0.00000000                       
     Required Time:=  1000.00000000                       
      Launch Clock:-   437.50000000                       
       Input Delay:-     0.00000000                       
         Data Path:-   976.80000000                       
             Slack:=  -414.30000000                       

Exceptions/Constraints:
  input_delay           0.00000000         in_del_3045_1   
  output_delay          0.00000000         ou_del_3789_1   

#-----------------------------------------------------------------------------------------------------------------------------
# Timing Point   Flags   Arc   Edge        Cell          Fanout     Load         Trans        Delay       Arrival    Instance 
#                                                                   (fF)         (ps)         (ps)          (ps)     Location 
#-----------------------------------------------------------------------------------------------------------------------------
  pi1062         <<<     -     R     (arrival)              343 220.10000000 967.40000000   0.00000000  437.50000000    (-,-) 
  u9898/Y        -       A->Y  F     INVx1_ASAP7_75t_R      180  89.90000000 646.70000000 751.70000000 1189.20000000    (-,-) 
  u12129/Y       -       C->Y  F     OA211x2_ASAP7_75t_R      1   0.60000000  32.80000000 179.50000000 1368.70000000    (-,-) 
  u12130/Y       -       B->Y  F     AO21x1_ASAP7_75t_R       1   5.80000000  50.90000000  45.60000000 1414.30000000    (-,-) 
  po489          <<<     -     F     (port)                   -            -            -   0.00000000 1414.30000000    (-,-) 
#-----------------------------------------------------------------------------------------------------------------------------



Path 8: VIOLATED (-414.30000000 ps) Late External Delay Assertion at pin po480
          Group: vclk
     Startpoint: (R) pi1062
          Clock: (R) vclk
       Endpoint: (F) po480
          Clock: (R) vclk

                         Capture             Launch       
        Clock Edge:+  1000.00000000        0.00000000     
        Drv Adjust:+     0.00000000      437.50000000     
       Src Latency:+     0.00000000        0.00000000     
       Net Latency:+     0.00000000 (I)    0.00000000 (I) 
           Arrival:=  1000.00000000      437.50000000     
                                                          
      Output Delay:-     0.00000000                       
     Required Time:=  1000.00000000                       
      Launch Clock:-   437.50000000                       
       Input Delay:-     0.00000000                       
         Data Path:-   976.80000000                       
             Slack:=  -414.30000000                       

Exceptions/Constraints:
  input_delay           0.00000000         in_del_3045_1   
  output_delay          0.00000000         ou_del_3780_1   

#-----------------------------------------------------------------------------------------------------------------------------
# Timing Point   Flags   Arc   Edge        Cell          Fanout     Load         Trans        Delay       Arrival    Instance 
#                                                                   (fF)         (ps)         (ps)          (ps)     Location 
#-----------------------------------------------------------------------------------------------------------------------------
  pi1062         <<<     -     R     (arrival)              343 220.10000000 967.40000000   0.00000000  437.50000000    (-,-) 
  u9898/Y        -       A->Y  F     INVx1_ASAP7_75t_R      180  89.90000000 646.70000000 751.70000000 1189.20000000    (-,-) 
  u12114/Y       -       C->Y  F     OA211x2_ASAP7_75t_R      1   0.60000000  32.80000000 179.50000000 1368.70000000    (-,-) 
  u12115/Y       -       B->Y  F     AO21x1_ASAP7_75t_R       1   5.80000000  50.90000000  45.60000000 1414.30000000    (-,-) 
  po480          <<<     -     F     (port)                   -            -            -   0.00000000 1414.30000000    (-,-) 
#-----------------------------------------------------------------------------------------------------------------------------



Path 9: VIOLATED (-414.30000000 ps) Late External Delay Assertion at pin po459
          Group: vclk
     Startpoint: (R) pi1062
          Clock: (R) vclk
       Endpoint: (F) po459
          Clock: (R) vclk

                         Capture             Launch       
        Clock Edge:+  1000.00000000        0.00000000     
        Drv Adjust:+     0.00000000      437.50000000     
       Src Latency:+     0.00000000        0.00000000     
       Net Latency:+     0.00000000 (I)    0.00000000 (I) 
           Arrival:=  1000.00000000      437.50000000     
                                                          
      Output Delay:-     0.00000000                       
     Required Time:=  1000.00000000                       
      Launch Clock:-   437.50000000                       
       Input Delay:-     0.00000000                       
         Data Path:-   976.80000000                       
             Slack:=  -414.30000000                       

Exceptions/Constraints:
  input_delay           0.00000000         in_del_3045_1   
  output_delay          0.00000000         ou_del_3759_1   

#-----------------------------------------------------------------------------------------------------------------------------
# Timing Point   Flags   Arc   Edge        Cell          Fanout     Load         Trans        Delay       Arrival    Instance 
#                                                                   (fF)         (ps)         (ps)          (ps)     Location 
#-----------------------------------------------------------------------------------------------------------------------------
  pi1062         <<<     -     R     (arrival)              343 220.10000000 967.40000000   0.00000000  437.50000000    (-,-) 
  u9898/Y        -       A->Y  F     INVx1_ASAP7_75t_R      180  89.90000000 646.70000000 751.70000000 1189.20000000    (-,-) 
  u12091/Y       -       C->Y  F     OA211x2_ASAP7_75t_R      1   0.60000000  32.80000000 179.50000000 1368.70000000    (-,-) 
  u12092/Y       -       B->Y  F     AO21x1_ASAP7_75t_R       1   5.80000000  50.90000000  45.60000000 1414.30000000    (-,-) 
  po459          <<<     -     F     (port)                   -            -            -   0.00000000 1414.30000000    (-,-) 
#-----------------------------------------------------------------------------------------------------------------------------



Path 10: VIOLATED (-414.30000000 ps) Late External Delay Assertion at pin po423
          Group: vclk
     Startpoint: (R) pi1062
          Clock: (R) vclk
       Endpoint: (F) po423
          Clock: (R) vclk

                         Capture             Launch       
        Clock Edge:+  1000.00000000        0.00000000     
        Drv Adjust:+     0.00000000      437.50000000     
       Src Latency:+     0.00000000        0.00000000     
       Net Latency:+     0.00000000 (I)    0.00000000 (I) 
           Arrival:=  1000.00000000      437.50000000     
                                                          
      Output Delay:-     0.00000000                       
     Required Time:=  1000.00000000                       
      Launch Clock:-   437.50000000                       
       Input Delay:-     0.00000000                       
         Data Path:-   976.80000000                       
             Slack:=  -414.30000000                       

Exceptions/Constraints:
  input_delay           0.00000000         in_del_3045_1   
  output_delay          0.00000000         ou_del_3723_1   

#-----------------------------------------------------------------------------------------------------------------------------
# Timing Point   Flags   Arc   Edge        Cell          Fanout     Load         Trans        Delay       Arrival    Instance 
#                                                                   (fF)         (ps)         (ps)          (ps)     Location 
#-----------------------------------------------------------------------------------------------------------------------------
  pi1062         <<<     -     R     (arrival)              343 220.10000000 967.40000000   0.00000000  437.50000000    (-,-) 
  u9898/Y        -       A->Y  F     INVx1_ASAP7_75t_R      180  89.90000000 646.70000000 751.70000000 1189.20000000    (-,-) 
  u12047/Y       -       C->Y  F     OA211x2_ASAP7_75t_R      1   0.60000000  32.80000000 179.50000000 1368.70000000    (-,-) 
  u12048/Y       -       B->Y  F     AO21x1_ASAP7_75t_R       1   5.80000000  50.90000000  45.60000000 1414.30000000    (-,-) 
  po423          <<<     -     F     (port)                   -            -            -   0.00000000 1414.30000000    (-,-) 
#-----------------------------------------------------------------------------------------------------------------------------

