============================================================
  Generated by:           Genus(TM) Synthesis Solution 23.14-s090_1
  Generated on:           Sep 12 2026  08:32:43 pm
  Module:                 usb_funct
  Operating conditions:   PVT_0P7V_25C (balanced_tree)
  Wireload mode:          enclosed
  Area mode:              timing library
============================================================


Path 1: VIOLATED (-535.10000000 ps) Late External Delay Assertion at pin po234
          Group: vclk
     Startpoint: (R) pi3493
          Clock: (R) vclk
       Endpoint: (F) po234
          Clock: (R) vclk

                         Capture             Launch       
        Clock Edge:+  1000.00000000        0.00000000     
        Drv Adjust:+     0.00000000      380.10000000     
       Src Latency:+     0.00000000        0.00000000     
       Net Latency:+     0.00000000 (I)    0.00000000 (I) 
           Arrival:=  1000.00000000      380.10000000     
                                                          
      Output Delay:-     0.00000000                       
     Required Time:=  1000.00000000                       
      Launch Clock:-   380.10000000                       
       Input Delay:-     0.00000000                       
         Data Path:-  1155.00000000                       
             Slack:=  -535.10000000                       

Exceptions/Constraints:
  input_delay           0.00000000         in_del_4440_2   
  output_delay          0.00000000         ou_del_4799_2   

#-----------------------------------------------------------------------------------------------------------------------------
# Timing Point   Flags   Arc   Edge        Cell          Fanout     Load         Trans        Delay       Arrival    Instance 
#                                                                   (fF)         (ps)         (ps)          (ps)     Location 
#-----------------------------------------------------------------------------------------------------------------------------
  pi3493         <<<     -     R     (arrival)              378 191.10000000 840.40000000   0.00000000  380.10000000    (-,-) 
  u4273/Y        -       A->Y  F     INVx1_ASAP7_75t_R      211 131.70000000 818.50000000 907.60000000 1287.70000000    (-,-) 
  u4446/Y        -       A->Y  R     NOR2x1_ASAP7_75t_R       5   2.80000000 137.80000000  89.50000000 1377.20000000    (-,-) 
  u4787/Y        -       A->Y  R     AND3x1_ASAP7_75t_R       2   1.00000000  17.90000000  45.80000000 1423.00000000    (-,-) 
  u4788/Y        -       A->Y  R     AND3x1_ASAP7_75t_R       2   6.40000000  61.40000000  50.00000000 1473.00000000    (-,-) 
  u4792/Y        -       A->Y  F     INVx1_ASAP7_75t_R        1   0.40000000  15.20000000  13.00000000 1486.00000000    (-,-) 
  u4793/Y        -       B->Y  F     OA211x2_ASAP7_75t_R      1   5.80000000  30.00000000  49.10000000 1535.10000000    (-,-) 
  po234          <<<     -     F     (port)                   -            -            -   0.00000000 1535.10000000    (-,-) 
#-----------------------------------------------------------------------------------------------------------------------------



Path 2: VIOLATED (-474.60000000 ps) Late External Delay Assertion at pin po504
          Group: vclk
     Startpoint: (R) pi3493
          Clock: (R) vclk
       Endpoint: (R) po504
          Clock: (R) vclk

                         Capture             Launch       
        Clock Edge:+  1000.00000000        0.00000000     
        Drv Adjust:+     0.00000000      380.10000000     
       Src Latency:+     0.00000000        0.00000000     
       Net Latency:+     0.00000000 (I)    0.00000000 (I) 
           Arrival:=  1000.00000000      380.10000000     
                                                          
      Output Delay:-     0.00000000                       
     Required Time:=  1000.00000000                       
      Launch Clock:-   380.10000000                       
       Input Delay:-     0.00000000                       
         Data Path:-  1094.50000000                       
             Slack:=  -474.60000000                       

Exceptions/Constraints:
  input_delay           0.00000000         in_del_4440_2   
  output_delay          0.00000000         ou_del_5069_2   

#------------------------------------------------------------------------------------------------------------------------------
# Timing Point   Flags   Arc   Edge         Cell          Fanout     Load         Trans        Delay       Arrival    Instance 
#                                                                    (fF)         (ps)         (ps)          (ps)     Location 
#------------------------------------------------------------------------------------------------------------------------------
  pi3493         <<<     -     R     (arrival)               378 191.10000000 840.40000000   0.00000000  380.10000000    (-,-) 
  u4273/Y        -       A->Y  F     INVx1_ASAP7_75t_R       211 131.70000000 818.50000000 907.60000000 1287.70000000    (-,-) 
  u6137/Y        -       C->Y  R     AOI211x1_ASAP7_75t_R      1   5.80000000 244.50000000 186.90000000 1474.60000000    (-,-) 
  po504          <<<     -     R     (port)                    -            -            -   0.00000000 1474.60000000    (-,-) 
#------------------------------------------------------------------------------------------------------------------------------



Path 3: VIOLATED (-474.30000000 ps) Late External Delay Assertion at pin po817
          Group: vclk
     Startpoint: (R) pi3493
          Clock: (R) vclk
       Endpoint: (F) po817
          Clock: (R) vclk

                         Capture             Launch       
        Clock Edge:+  1000.00000000        0.00000000     
        Drv Adjust:+     0.00000000      380.10000000     
       Src Latency:+     0.00000000        0.00000000     
       Net Latency:+     0.00000000 (I)    0.00000000 (I) 
           Arrival:=  1000.00000000      380.10000000     
                                                          
      Output Delay:-     0.00000000                       
     Required Time:=  1000.00000000                       
      Launch Clock:-   380.10000000                       
       Input Delay:-     0.00000000                       
         Data Path:-  1094.20000000                       
             Slack:=  -474.30000000                       

Exceptions/Constraints:
  input_delay           0.00000000         in_del_4440_2   
  output_delay          0.00000000         ou_del_5382_2   

#---------------------------------------------------------------------------------------------------------------------------
# Timing Point   Flags   Arc   Edge       Cell         Fanout     Load         Trans        Delay       Arrival    Instance 
#                                                                 (fF)         (ps)         (ps)          (ps)     Location 
#---------------------------------------------------------------------------------------------------------------------------
  pi3493         <<<     -     R     (arrival)            378 191.10000000 840.40000000   0.00000000  380.10000000    (-,-) 
  u4273/Y        -       A->Y  F     INVx1_ASAP7_75t_R    211 131.70000000 818.50000000 907.60000000 1287.70000000    (-,-) 
  u7889/Y        -       A->Y  F     OR4x2_ASAP7_75t_R      1   5.80000000  49.40000000 186.60000000 1474.30000000    (-,-) 
  po817          <<<     -     F     (port)                 -            -            -   0.00000000 1474.30000000    (-,-) 
#---------------------------------------------------------------------------------------------------------------------------



Path 4: VIOLATED (-473.00000000 ps) Late External Delay Assertion at pin po232
          Group: vclk
     Startpoint: (R) pi3493
          Clock: (R) vclk
       Endpoint: (R) po232
          Clock: (R) vclk

                         Capture             Launch       
        Clock Edge:+  1000.00000000        0.00000000     
        Drv Adjust:+     0.00000000      380.10000000     
       Src Latency:+     0.00000000        0.00000000     
       Net Latency:+     0.00000000 (I)    0.00000000 (I) 
           Arrival:=  1000.00000000      380.10000000     
                                                          
      Output Delay:-     0.00000000                       
     Required Time:=  1000.00000000                       
      Launch Clock:-   380.10000000                       
       Input Delay:-     0.00000000                       
         Data Path:-  1092.90000000                       
             Slack:=  -473.00000000                       

Exceptions/Constraints:
  input_delay           0.00000000         in_del_4440_2   
  output_delay          0.00000000         ou_del_4797_2   

#----------------------------------------------------------------------------------------------------------------------------
# Timing Point   Flags   Arc   Edge        Cell         Fanout     Load         Trans        Delay       Arrival    Instance 
#                                                                  (fF)         (ps)         (ps)          (ps)     Location 
#----------------------------------------------------------------------------------------------------------------------------
  pi3493         <<<     -     R     (arrival)             378 191.10000000 840.40000000   0.00000000  380.10000000    (-,-) 
  u4273/Y        -       A->Y  F     INVx1_ASAP7_75t_R     211 131.70000000 818.50000000 907.60000000 1287.70000000    (-,-) 
  u4446/Y        -       A->Y  R     NOR2x1_ASAP7_75t_R      5   2.80000000 137.80000000  89.50000000 1377.20000000    (-,-) 
  u4787/Y        -       A->Y  R     AND3x1_ASAP7_75t_R      2   1.00000000  17.90000000  45.80000000 1423.00000000    (-,-) 
  u4788/Y        -       A->Y  R     AND3x1_ASAP7_75t_R      2   6.40000000  61.40000000  50.00000000 1473.00000000    (-,-) 
  po232          <<<     -     R     (port)                  -            -            -   0.00000000 1473.00000000    (-,-) 
#----------------------------------------------------------------------------------------------------------------------------



Path 5: VIOLATED (-461.30000000 ps) Late External Delay Assertion at pin po756
          Group: vclk
     Startpoint: (R) pi3493
          Clock: (R) vclk
       Endpoint: (R) po756
          Clock: (R) vclk

                         Capture             Launch       
        Clock Edge:+  1000.00000000        0.00000000     
        Drv Adjust:+     0.00000000      380.10000000     
       Src Latency:+     0.00000000        0.00000000     
       Net Latency:+     0.00000000 (I)    0.00000000 (I) 
           Arrival:=  1000.00000000      380.10000000     
                                                          
      Output Delay:-     0.00000000                       
     Required Time:=  1000.00000000                       
      Launch Clock:-   380.10000000                       
       Input Delay:-     0.00000000                       
         Data Path:-  1081.20000000                       
             Slack:=  -461.30000000                       

Exceptions/Constraints:
  input_delay           0.00000000         in_del_4440_2   
  output_delay          0.00000000         ou_del_5321_2   

#---------------------------------------------------------------------------------------------------------------------------
# Timing Point   Flags   Arc   Edge       Cell         Fanout     Load         Trans        Delay       Arrival    Instance 
#                                                                 (fF)         (ps)         (ps)          (ps)     Location 
#---------------------------------------------------------------------------------------------------------------------------
  pi3493         <<<     -     R     (arrival)            378 191.10000000 840.40000000   0.00000000  380.10000000    (-,-) 
  u4273/Y        -       A->Y  F     INVx1_ASAP7_75t_R    211 131.70000000 818.50000000 907.60000000 1287.70000000    (-,-) 
  u7529/Y        -       B->Y  F     OR5x1_ASAP7_75t_R      1   0.60000000  30.90000000 136.90000000 1424.60000000    (-,-) 
  u7530/Y        -       A->Y  R     INVx1_ASAP7_75t_R      1   5.80000000  55.00000000  36.70000000 1461.30000000    (-,-) 
  po756          <<<     -     R     (port)                 -            -            -   0.00000000 1461.30000000    (-,-) 
#---------------------------------------------------------------------------------------------------------------------------



Path 6: VIOLATED (-454.80000000 ps) Late External Delay Assertion at pin po799
          Group: vclk
     Startpoint: (R) pi3493
          Clock: (R) vclk
       Endpoint: (R) po799
          Clock: (R) vclk

                         Capture             Launch       
        Clock Edge:+  1000.00000000        0.00000000     
        Drv Adjust:+     0.00000000      380.10000000     
       Src Latency:+     0.00000000        0.00000000     
       Net Latency:+     0.00000000 (I)    0.00000000 (I) 
           Arrival:=  1000.00000000      380.10000000     
                                                          
      Output Delay:-     0.00000000                       
     Required Time:=  1000.00000000                       
      Launch Clock:-   380.10000000                       
       Input Delay:-     0.00000000                       
         Data Path:-  1074.70000000                       
             Slack:=  -454.80000000                       

Exceptions/Constraints:
  input_delay           0.00000000         in_del_4440_2   
  output_delay          0.00000000         ou_del_5364_2   

#-----------------------------------------------------------------------------------------------------------------------------
# Timing Point   Flags   Arc   Edge        Cell          Fanout     Load         Trans        Delay       Arrival    Instance 
#                                                                   (fF)         (ps)         (ps)          (ps)     Location 
#-----------------------------------------------------------------------------------------------------------------------------
  pi3493         <<<     -     R     (arrival)              378 191.10000000 840.40000000   0.00000000  380.10000000    (-,-) 
  u4273/Y        -       A->Y  F     INVx1_ASAP7_75t_R      211 131.70000000 818.50000000 907.60000000 1287.70000000    (-,-) 
  u7787/Y        -       B->Y  R     AOI21x1_ASAP7_75t_R      1   5.80000000 212.10000000 167.10000000 1454.80000000    (-,-) 
  po799          <<<     -     R     (port)                   -            -            -   0.00000000 1454.80000000    (-,-) 
#-----------------------------------------------------------------------------------------------------------------------------



Path 7: VIOLATED (-454.80000000 ps) Late External Delay Assertion at pin po458
          Group: vclk
     Startpoint: (R) pi3493
          Clock: (R) vclk
       Endpoint: (R) po458
          Clock: (R) vclk

                         Capture             Launch       
        Clock Edge:+  1000.00000000        0.00000000     
        Drv Adjust:+     0.00000000      380.10000000     
       Src Latency:+     0.00000000        0.00000000     
       Net Latency:+     0.00000000 (I)    0.00000000 (I) 
           Arrival:=  1000.00000000      380.10000000     
                                                          
      Output Delay:-     0.00000000                       
     Required Time:=  1000.00000000                       
      Launch Clock:-   380.10000000                       
       Input Delay:-     0.00000000                       
         Data Path:-  1074.70000000                       
             Slack:=  -454.80000000                       

Exceptions/Constraints:
  input_delay           0.00000000         in_del_4440_2   
  output_delay          0.00000000         ou_del_5023_2   

#-----------------------------------------------------------------------------------------------------------------------------
# Timing Point   Flags   Arc   Edge        Cell          Fanout     Load         Trans        Delay       Arrival    Instance 
#                                                                   (fF)         (ps)         (ps)          (ps)     Location 
#-----------------------------------------------------------------------------------------------------------------------------
  pi3493         <<<     -     R     (arrival)              378 191.10000000 840.40000000   0.00000000  380.10000000    (-,-) 
  u4273/Y        -       A->Y  F     INVx1_ASAP7_75t_R      211 131.70000000 818.50000000 907.60000000 1287.70000000    (-,-) 
  u5781/Y        -       B->Y  R     AOI21x1_ASAP7_75t_R      1   5.80000000 212.10000000 167.10000000 1454.80000000    (-,-) 
  po458          <<<     -     R     (port)                   -            -            -   0.00000000 1454.80000000    (-,-) 
#-----------------------------------------------------------------------------------------------------------------------------



Path 8: VIOLATED (-449.10000000 ps) Late External Delay Assertion at pin po190
          Group: vclk
     Startpoint: (R) pi3493
          Clock: (R) vclk
       Endpoint: (F) po190
          Clock: (R) vclk

                         Capture             Launch       
        Clock Edge:+  1000.00000000        0.00000000     
        Drv Adjust:+     0.00000000      380.10000000     
       Src Latency:+     0.00000000        0.00000000     
       Net Latency:+     0.00000000 (I)    0.00000000 (I) 
           Arrival:=  1000.00000000      380.10000000     
                                                          
      Output Delay:-     0.00000000                       
     Required Time:=  1000.00000000                       
      Launch Clock:-   380.10000000                       
       Input Delay:-     0.00000000                       
         Data Path:-  1069.00000000                       
             Slack:=  -449.10000000                       

Exceptions/Constraints:
  input_delay           0.00000000         in_del_4440_2   
  output_delay          0.00000000         ou_del_4755_2   

#-----------------------------------------------------------------------------------------------------------------------------
# Timing Point   Flags   Arc   Edge        Cell          Fanout     Load         Trans        Delay       Arrival    Instance 
#                                                                   (fF)         (ps)         (ps)          (ps)     Location 
#-----------------------------------------------------------------------------------------------------------------------------
  pi3493         <<<     -     R     (arrival)              378 191.10000000 840.40000000   0.00000000  380.10000000    (-,-) 
  u4273/Y        -       A->Y  F     INVx1_ASAP7_75t_R      211 131.70000000 818.50000000 907.60000000 1287.70000000    (-,-) 
  u4446/Y        -       A->Y  R     NOR2x1_ASAP7_75t_R       5   2.80000000 137.80000000  89.50000000 1377.20000000    (-,-) 
  u4465/Y        -       B->Y  R     OA211x2_ASAP7_75t_R      1   1.00000000  15.40000000  47.30000000 1424.50000000    (-,-) 
  u4466/Y        -       B->Y  F     NAND2x1_ASAP7_75t_R      1   5.80000000  39.00000000  24.60000000 1449.10000000    (-,-) 
  po190          <<<     -     F     (port)                   -            -            -   0.00000000 1449.10000000    (-,-) 
#-----------------------------------------------------------------------------------------------------------------------------



Path 9: VIOLATED (-448.60000000 ps) Late External Delay Assertion at pin po235
          Group: vclk
     Startpoint: (R) pi3493
          Clock: (R) vclk
       Endpoint: (R) po235
          Clock: (R) vclk

                         Capture             Launch       
        Clock Edge:+  1000.00000000        0.00000000     
        Drv Adjust:+     0.00000000      380.10000000     
       Src Latency:+     0.00000000        0.00000000     
       Net Latency:+     0.00000000 (I)    0.00000000 (I) 
           Arrival:=  1000.00000000      380.10000000     
                                                          
      Output Delay:-     0.00000000                       
     Required Time:=  1000.00000000                       
      Launch Clock:-   380.10000000                       
       Input Delay:-     0.00000000                       
         Data Path:-  1068.50000000                       
             Slack:=  -448.60000000                       

Exceptions/Constraints:
  input_delay           0.00000000         in_del_4440_2   
  output_delay          0.00000000         ou_del_4800_2   

#---------------------------------------------------------------------------------------------------------------------------
# Timing Point   Flags   Arc   Edge       Cell         Fanout     Load         Trans        Delay       Arrival    Instance 
#                                                                 (fF)         (ps)         (ps)          (ps)     Location 
#---------------------------------------------------------------------------------------------------------------------------
  pi3493         <<<     -     R     (arrival)            378 191.10000000 840.40000000   0.00000000  380.10000000    (-,-) 
  u4273/Y        -       A->Y  F     INVx1_ASAP7_75t_R    211 131.70000000 818.50000000 907.60000000 1287.70000000    (-,-) 
  u4794/Y        -       C->Y  F     OR5x1_ASAP7_75t_R      1   0.60000000  30.20000000 124.50000000 1412.20000000    (-,-) 
  u4795/Y        -       A->Y  R     INVx1_ASAP7_75t_R      1   5.80000000  54.90000000  36.40000000 1448.60000000    (-,-) 
  po235          <<<     -     R     (port)                 -            -            -   0.00000000 1448.60000000    (-,-) 
#---------------------------------------------------------------------------------------------------------------------------



Path 10: VIOLATED (-444.30000000 ps) Late External Delay Assertion at pin po233
          Group: vclk
     Startpoint: (R) pi3493
          Clock: (R) vclk
       Endpoint: (R) po233
          Clock: (R) vclk

                         Capture             Launch       
        Clock Edge:+  1000.00000000        0.00000000     
        Drv Adjust:+     0.00000000      380.10000000     
       Src Latency:+     0.00000000        0.00000000     
       Net Latency:+     0.00000000 (I)    0.00000000 (I) 
           Arrival:=  1000.00000000      380.10000000     
                                                          
      Output Delay:-     0.00000000                       
     Required Time:=  1000.00000000                       
      Launch Clock:-   380.10000000                       
       Input Delay:-     0.00000000                       
         Data Path:-  1064.20000000                       
             Slack:=  -444.30000000                       

Exceptions/Constraints:
  input_delay           0.00000000         in_del_4440_2   
  output_delay          0.00000000         ou_del_4798_2   

#----------------------------------------------------------------------------------------------------------------------------
# Timing Point   Flags   Arc   Edge        Cell         Fanout     Load         Trans        Delay       Arrival    Instance 
#                                                                  (fF)         (ps)         (ps)          (ps)     Location 
#----------------------------------------------------------------------------------------------------------------------------
  pi3493         <<<     -     R     (arrival)             378 191.10000000 840.40000000   0.00000000  380.10000000    (-,-) 
  u4273/Y        -       A->Y  F     INVx1_ASAP7_75t_R     211 131.70000000 818.50000000 907.60000000 1287.70000000    (-,-) 
  u4446/Y        -       A->Y  R     NOR2x1_ASAP7_75t_R      5   2.80000000 137.80000000  89.50000000 1377.20000000    (-,-) 
  u4790/Y        -       A->Y  R     AND3x1_ASAP7_75t_R      1   5.80000000  57.10000000  67.10000000 1444.30000000    (-,-) 
  po233          <<<     -     R     (port)                  -            -            -   0.00000000 1444.30000000    (-,-) 
#----------------------------------------------------------------------------------------------------------------------------

