============================================================
  Generated by:           Genus(TM) Synthesis Solution 23.14-s090_1
  Generated on:           Sep 12 2026  10:28:36 am
  Module:                 systemcdes
  Operating conditions:   PVT_0P7V_25C (balanced_tree)
  Wireload mode:          enclosed
  Area mode:              timing library
============================================================


Path 1: VIOLATED (-327.40000000 ps) Late External Delay Assertion at pin po78
          Group: vclk
     Startpoint: (R) pi163
          Clock: (R) vclk
       Endpoint: (R) po78
          Clock: (R) vclk

                         Capture            Launch       
        Clock Edge:+  1000.00000000       0.00000000     
        Drv Adjust:+     0.00000000      10.70000000     
       Src Latency:+     0.00000000       0.00000000     
       Net Latency:+     0.00000000 (I)   0.00000000 (I) 
           Arrival:=  1000.00000000      10.70000000     
                                                         
      Output Delay:-     0.00000000                      
     Required Time:=  1000.00000000                      
      Launch Clock:-    10.70000000                      
       Input Delay:-     0.00000000                      
         Data Path:-  1316.70000000                      
             Slack:=  -327.40000000                      

Exceptions/Constraints:
  input_delay           0.00000000         in_del_3227_1   
  output_delay          0.00000000         ou_del_3652_1   

#----------------------------------------------------------------------------------------------------------------------------
# Timing Point   Flags   Arc   Edge        Cell          Fanout     Load        Trans        Delay       Arrival    Instance 
#                                                                   (fF)        (ps)         (ps)          (ps)     Location 
#----------------------------------------------------------------------------------------------------------------------------
  pi163          <<<     -     R     (arrival)                7  4.80000000  24.90000000   0.00000000   10.70000000    (-,-) 
  _nid_148/Y     -       C->Y  R     AND3x1_ASAP7_75t_R       3  2.00000000  23.70000000  33.00000000   43.70000000    (-,-) 
  _nid_150/Y     -       A2->Y R     AO21x1_ASAP7_75t_R      58 56.00000000 488.90000000 240.80000000  284.50000000    (-,-) 
  _nid_158/Y     -       A->Y  F     INVx1_ASAP7_75t_R      109 81.00000000 564.60000000 476.60000000  761.10000000    (-,-) 
  _nid_1040/Y    -       A->Y  R     NAND2x1_ASAP7_75t_R      1  1.10000000  93.70000000  90.90000000  852.00000000    (-,-) 
  _nid_1042/Y    -       A1->Y F     AOI21x1_ASAP7_75t_R      1  0.60000000  57.60000000  20.70000000  872.70000000    (-,-) 
  _nid_1043/Y    -       B->Y  F     AO21x1_ASAP7_75t_R       2  6.70000000  52.20000000  53.20000000  925.90000000    (-,-) 
  _nid_1044/Y    -       A->Y  R     XOR2x2_ASAP7_75t_R       6  3.90000000  24.10000000  50.60000000  976.50000000    (-,-) 
  _nid_1045/Y    -       A->Y  F     INVx1_ASAP7_75t_R       12  7.10000000  50.30000000  33.50000000 1010.00000000    (-,-) 
  _nid_1062/Y    -       C->Y  F     OR3x1_ASAP7_75t_R        2  1.20000000  16.40000000  38.70000000 1048.70000000    (-,-) 
  _nid_1068/Y    -       A->Y  R     INVx1_ASAP7_75t_R        2  1.00000000  13.70000000  11.90000000 1060.60000000    (-,-) 
  _nid_1069/Y    -       B->Y  R     AO21x1_ASAP7_75t_R       2  1.60000000  19.50000000  20.30000000 1080.90000000    (-,-) 
  _nid_1070/Y    -       B->Y  F     NAND2x1_ASAP7_75t_R      3  1.80000000  17.00000000  14.10000000 1095.00000000    (-,-) 
  _nid_1072/Y    -       A->Y  F     AND3x1_ASAP7_75t_R       4  2.60000000  21.10000000  24.60000000 1119.60000000    (-,-) 
  _nid_1076/Y    -       A1->Y F     OA21x2_ASAP7_75t_R       1  0.60000000   8.60000000  25.80000000 1145.40000000    (-,-) 
  _nid_1080/Y    -       A->Y  F     OR3x1_ASAP7_75t_R        2  2.00000000  20.40000000  32.40000000 1177.80000000    (-,-) 
  _nid_1081/Y    -       B->Y  R     NOR2x1_ASAP7_75t_R       2  1.10000000  17.20000000  14.20000000 1192.00000000    (-,-) 
  _nid_1082/Y    -       A->Y  R     OR3x1_ASAP7_75t_R        2  1.20000000  14.70000000  19.10000000 1211.10000000    (-,-) 
  _nid_1085/Y    -       A1->Y R     AO21x1_ASAP7_75t_R       1  1.00000000  15.00000000  20.20000000 1231.30000000    (-,-) 
  _nid_1092/Y    -       A2->Y F     AOI21x1_ASAP7_75t_R      1  0.60000000  14.70000000   9.60000000 1240.90000000    (-,-) 
  _nid_1096/Y    -       A->Y  F     OR4x2_ASAP7_75t_R        1  0.90000000  15.10000000  40.70000000 1281.60000000    (-,-) 
  _nid_1101/Y    -       A->Y  R     XOR2x2_ASAP7_75t_R       1  5.80000000  31.00000000  45.80000000 1327.40000000    (-,-) 
  po78           <<<     -     R     (port)                   -           -            -   0.00000000 1327.40000000    (-,-) 
#----------------------------------------------------------------------------------------------------------------------------



Path 2: VIOLATED (-298.40000000 ps) Late External Delay Assertion at pin po89
          Group: vclk
     Startpoint: (R) pi163
          Clock: (R) vclk
       Endpoint: (R) po89
          Clock: (R) vclk

                         Capture            Launch       
        Clock Edge:+  1000.00000000       0.00000000     
        Drv Adjust:+     0.00000000      10.70000000     
       Src Latency:+     0.00000000       0.00000000     
       Net Latency:+     0.00000000 (I)   0.00000000 (I) 
           Arrival:=  1000.00000000      10.70000000     
                                                         
      Output Delay:-     0.00000000                      
     Required Time:=  1000.00000000                      
      Launch Clock:-    10.70000000                      
       Input Delay:-     0.00000000                      
         Data Path:-  1287.70000000                      
             Slack:=  -298.40000000                      

Exceptions/Constraints:
  input_delay           0.00000000         in_del_3227_1   
  output_delay          0.00000000         ou_del_3663_1   

#----------------------------------------------------------------------------------------------------------------------------
# Timing Point   Flags   Arc   Edge        Cell          Fanout     Load        Trans        Delay       Arrival    Instance 
#                                                                   (fF)        (ps)         (ps)          (ps)     Location 
#----------------------------------------------------------------------------------------------------------------------------
  pi163          <<<     -     R     (arrival)                7  4.80000000  24.90000000   0.00000000   10.70000000    (-,-) 
  _nid_148/Y     -       C->Y  R     AND3x1_ASAP7_75t_R       3  2.00000000  23.70000000  33.00000000   43.70000000    (-,-) 
  _nid_150/Y     -       A2->Y R     AO21x1_ASAP7_75t_R      58 56.00000000 488.90000000 240.80000000  284.50000000    (-,-) 
  _nid_158/Y     -       A->Y  F     INVx1_ASAP7_75t_R      109 81.00000000 564.60000000 476.60000000  761.10000000    (-,-) 
  _nid_1040/Y    -       A->Y  R     NAND2x1_ASAP7_75t_R      1  1.10000000  93.70000000  90.90000000  852.00000000    (-,-) 
  _nid_1042/Y    -       A1->Y F     AOI21x1_ASAP7_75t_R      1  0.60000000  57.60000000  20.70000000  872.70000000    (-,-) 
  _nid_1043/Y    -       B->Y  F     AO21x1_ASAP7_75t_R       2  6.70000000  52.20000000  53.20000000  925.90000000    (-,-) 
  _nid_1044/Y    -       A->Y  F     XOR2x2_ASAP7_75t_R       6  3.90000000  21.00000000  46.10000000  972.00000000    (-,-) 
  _nid_1045/Y    -       A->Y  R     INVx1_ASAP7_75t_R       12  7.20000000  65.50000000  38.50000000 1010.50000000    (-,-) 
  _nid_1062/Y    -       C->Y  R     OR3x1_ASAP7_75t_R        2  1.20000000  15.20000000  29.60000000 1040.10000000    (-,-) 
  _nid_1068/Y    -       A->Y  F     INVx1_ASAP7_75t_R        2  1.00000000  10.80000000  10.10000000 1050.20000000    (-,-) 
  _nid_1069/Y    -       B->Y  F     AO21x1_ASAP7_75t_R       2  1.60000000  16.50000000  25.80000000 1076.00000000    (-,-) 
  _nid_1070/Y    -       B->Y  R     NAND2x1_ASAP7_75t_R      3  1.80000000  23.80000000  17.00000000 1093.00000000    (-,-) 
  _nid_1072/Y    -       A->Y  R     AND3x1_ASAP7_75t_R       4  2.50000000  28.50000000  35.50000000 1128.50000000    (-,-) 
  _nid_1519/Y    -       A1->Y R     OA211x2_ASAP7_75t_R      2  1.10000000  13.10000000  32.00000000 1160.50000000    (-,-) 
  _nid_1521/Y    -       A->Y  R     OR3x1_ASAP7_75t_R        2  1.10000000  13.10000000  17.50000000 1178.00000000    (-,-) 
  _nid_1523/Y    -       A1->Y R     OA21x2_ASAP7_75t_R       1  0.60000000   8.80000000  21.40000000 1199.40000000    (-,-) 
  _nid_1524/Y    -       B->Y  R     OA21x2_ASAP7_75t_R       1  1.00000000  10.40000000  21.50000000 1220.90000000    (-,-) 
  _nid_1525/Y    -       B->Y  F     NOR2x1_ASAP7_75t_R       1  0.60000000  16.00000000   8.80000000 1229.70000000    (-,-) 
  _nid_1528/Y    -       A->Y  F     OR3x1_ASAP7_75t_R        1  0.80000000  12.50000000  28.90000000 1258.60000000    (-,-) 
  _nid_1529/Y    -       B->Y  R     XNOR2x2_ASAP7_75t_R      1  5.80000000  30.90000000  39.80000000 1298.40000000    (-,-) 
  po89           <<<     -     R     (port)                   -           -            -   0.00000000 1298.40000000    (-,-) 
#----------------------------------------------------------------------------------------------------------------------------



Path 3: VIOLATED (-290.10000000 ps) Late External Delay Assertion at pin po69
          Group: vclk
     Startpoint: (R) pi163
          Clock: (R) vclk
       Endpoint: (R) po69
          Clock: (R) vclk

                         Capture            Launch       
        Clock Edge:+  1000.00000000       0.00000000     
        Drv Adjust:+     0.00000000      10.70000000     
       Src Latency:+     0.00000000       0.00000000     
       Net Latency:+     0.00000000 (I)   0.00000000 (I) 
           Arrival:=  1000.00000000      10.70000000     
                                                         
      Output Delay:-     0.00000000                      
     Required Time:=  1000.00000000                      
      Launch Clock:-    10.70000000                      
       Input Delay:-     0.00000000                      
         Data Path:-  1279.40000000                      
             Slack:=  -290.10000000                      

Exceptions/Constraints:
  input_delay           0.00000000         in_del_3227_1   
  output_delay          0.00000000         ou_del_3643_1   

#----------------------------------------------------------------------------------------------------------------------------
# Timing Point   Flags   Arc   Edge        Cell          Fanout     Load        Trans        Delay       Arrival    Instance 
#                                                                   (fF)        (ps)         (ps)          (ps)     Location 
#----------------------------------------------------------------------------------------------------------------------------
  pi163          <<<     -     R     (arrival)                7  4.80000000  24.90000000   0.00000000   10.70000000    (-,-) 
  _nid_148/Y     -       C->Y  R     AND3x1_ASAP7_75t_R       3  2.00000000  23.70000000  33.00000000   43.70000000    (-,-) 
  _nid_150/Y     -       A2->Y R     AO21x1_ASAP7_75t_R      58 56.00000000 488.90000000 240.80000000  284.50000000    (-,-) 
  _nid_158/Y     -       A->Y  F     INVx1_ASAP7_75t_R      109 81.00000000 564.60000000 476.60000000  761.10000000    (-,-) 
  _nid_493/Y     -       A->Y  R     NAND2x1_ASAP7_75t_R      1  1.00000000  91.20000000  89.00000000  850.10000000    (-,-) 
  _nid_494/Y     -       A2->Y F     AOI21x1_ASAP7_75t_R      1  0.60000000  57.60000000  17.70000000  867.80000000    (-,-) 
  _nid_495/Y     -       B->Y  F     AO21x1_ASAP7_75t_R       2  6.70000000  52.20000000  53.20000000  921.00000000    (-,-) 
  _nid_499/Y     -       A->Y  R     XOR2x2_ASAP7_75t_R       6  3.60000000  22.70000000  49.90000000  970.90000000    (-,-) 
  _nid_500/Y     -       A->Y  F     INVx1_ASAP7_75t_R       13  8.90000000  61.80000000  38.90000000 1009.80000000    (-,-) 
  _nid_546/Y     -       A->Y  R     NAND2x1_ASAP7_75t_R      2  1.60000000  33.10000000  31.40000000 1041.20000000    (-,-) 
  _nid_547/Y     -       A->Y  F     INVx1_ASAP7_75t_R        2  1.60000000  18.60000000  16.90000000 1058.10000000    (-,-) 
  _nid_548/Y     -       B->Y  R     NOR2x1_ASAP7_75t_R       2  1.00000000  16.00000000  13.30000000 1071.40000000    (-,-) 
  _nid_549/Y     -       B->Y  R     OA21x2_ASAP7_75t_R       2  1.40000000  14.00000000  24.20000000 1095.60000000    (-,-) 
  _nid_550/Y     -       A->Y  F     INVx1_ASAP7_75t_R        2  1.60000000  14.00000000  12.00000000 1107.60000000    (-,-) 
  _nid_551/Y     -       B->Y  F     OR2x4_ASAP7_75t_R        1  0.40000000  10.90000000  31.30000000 1138.90000000    (-,-) 
  _nid_554/Y     -       A2->Y F     AO32x1_ASAP7_75t_R       2  1.20000000  15.60000000  31.80000000 1170.70000000    (-,-) 
  _nid_595/Y     -       A->Y  R     INVx1_ASAP7_75t_R        1  0.60000000  10.50000000   9.80000000 1180.50000000    (-,-) 
  _nid_600/Y     -       A->Y  R     AND3x1_ASAP7_75t_R       1  1.00000000  15.40000000  24.80000000 1205.30000000    (-,-) 
  _nid_601/Y     -       B->Y  F     NOR2x1_ASAP7_75t_R       1  0.50000000   9.50000000   9.60000000 1214.90000000    (-,-) 
  _nid_602/Y     -       C->Y  F     AO221x2_ASAP7_75t_R      1  0.80000000  12.90000000  35.20000000 1250.10000000    (-,-) 
  _nid_603/Y     -       B->Y  R     XNOR2x2_ASAP7_75t_R      1  5.80000000  30.90000000  40.00000000 1290.10000000    (-,-) 
  po69           <<<     -     R     (port)                   -           -            -   0.00000000 1290.10000000    (-,-) 
#----------------------------------------------------------------------------------------------------------------------------



Path 4: VIOLATED (-282.50000000 ps) Late External Delay Assertion at pin po76
          Group: vclk
     Startpoint: (R) pi163
          Clock: (R) vclk
       Endpoint: (R) po76
          Clock: (R) vclk

                         Capture            Launch       
        Clock Edge:+  1000.00000000       0.00000000     
        Drv Adjust:+     0.00000000      10.70000000     
       Src Latency:+     0.00000000       0.00000000     
       Net Latency:+     0.00000000 (I)   0.00000000 (I) 
           Arrival:=  1000.00000000      10.70000000     
                                                         
      Output Delay:-     0.00000000                      
     Required Time:=  1000.00000000                      
      Launch Clock:-    10.70000000                      
       Input Delay:-     0.00000000                      
         Data Path:-  1271.80000000                      
             Slack:=  -282.50000000                      

Exceptions/Constraints:
  input_delay           0.00000000         in_del_3227_1   
  output_delay          0.00000000         ou_del_3650_1   

#----------------------------------------------------------------------------------------------------------------------------
# Timing Point   Flags   Arc   Edge        Cell          Fanout     Load        Trans        Delay       Arrival    Instance 
#                                                                   (fF)        (ps)         (ps)          (ps)     Location 
#----------------------------------------------------------------------------------------------------------------------------
  pi163          <<<     -     R     (arrival)                7  4.80000000  24.90000000   0.00000000   10.70000000    (-,-) 
  _nid_148/Y     -       C->Y  R     AND3x1_ASAP7_75t_R       3  2.00000000  23.70000000  33.00000000   43.70000000    (-,-) 
  _nid_150/Y     -       A2->Y R     AO21x1_ASAP7_75t_R      58 56.00000000 488.90000000 240.80000000  284.50000000    (-,-) 
  _nid_158/Y     -       A->Y  F     INVx1_ASAP7_75t_R      109 81.00000000 564.60000000 476.60000000  761.10000000    (-,-) 
  _nid_493/Y     -       A->Y  R     NAND2x1_ASAP7_75t_R      1  1.00000000  91.20000000  89.00000000  850.10000000    (-,-) 
  _nid_494/Y     -       A2->Y F     AOI21x1_ASAP7_75t_R      1  0.60000000  57.60000000  17.70000000  867.80000000    (-,-) 
  _nid_495/Y     -       B->Y  F     AO21x1_ASAP7_75t_R       2  6.70000000  52.20000000  53.20000000  921.00000000    (-,-) 
  _nid_499/Y     -       A->Y  R     XOR2x2_ASAP7_75t_R       6  3.60000000  22.70000000  49.90000000  970.90000000    (-,-) 
  _nid_500/Y     -       A->Y  F     INVx1_ASAP7_75t_R       13  8.90000000  61.80000000  38.90000000 1009.80000000    (-,-) 
  _nid_504/Y     -       A->Y  R     NAND2x1_ASAP7_75t_R      4  2.70000000  41.90000000  37.60000000 1047.40000000    (-,-) 
  _nid_972/Y     -       A->Y  F     NOR2x1_ASAP7_75t_R       3  2.10000000  26.50000000  25.10000000 1072.50000000    (-,-) 
  _nid_973/Y     -       A->Y  F     OR3x1_ASAP7_75t_R        1  1.00000000  14.10000000  32.80000000 1105.30000000    (-,-) 
  _nid_975/Y     -       A2->Y R     AOI21x1_ASAP7_75t_R      1  0.60000000  19.20000000  12.10000000 1117.40000000    (-,-) 
  _nid_976/Y     -       B->Y  R     OA21x2_ASAP7_75t_R       2  1.10000000  12.50000000  24.20000000 1141.60000000    (-,-) 
  _nid_977/Y     -       B->Y  R     OA21x2_ASAP7_75t_R       1  1.00000000  10.50000000  22.30000000 1163.90000000    (-,-) 
  _nid_978/Y     -       B->Y  F     NOR2x1_ASAP7_75t_R       2  1.20000000  15.30000000  10.90000000 1174.80000000    (-,-) 
  _nid_979/Y     -       A->Y  F     OR3x1_ASAP7_75t_R        1  0.40000000  10.60000000  26.80000000 1201.60000000    (-,-) 
  _nid_986/Y     -       B->Y  F     OA211x2_ASAP7_75t_R      1  0.90000000  13.80000000  35.50000000 1237.10000000    (-,-) 
  _nid_991/Y     -       A->Y  R     XOR2x2_ASAP7_75t_R       1  5.80000000  31.00000000  45.40000000 1282.50000000    (-,-) 
  po76           <<<     -     R     (port)                   -           -            -   0.00000000 1282.50000000    (-,-) 
#----------------------------------------------------------------------------------------------------------------------------



Path 5: VIOLATED (-279.50000000 ps) Late External Delay Assertion at pin po87
          Group: vclk
     Startpoint: (R) pi163
          Clock: (R) vclk
       Endpoint: (F) po87
          Clock: (R) vclk

                         Capture            Launch       
        Clock Edge:+  1000.00000000       0.00000000     
        Drv Adjust:+     0.00000000      10.70000000     
       Src Latency:+     0.00000000       0.00000000     
       Net Latency:+     0.00000000 (I)   0.00000000 (I) 
           Arrival:=  1000.00000000      10.70000000     
                                                         
      Output Delay:-     0.00000000                      
     Required Time:=  1000.00000000                      
      Launch Clock:-    10.70000000                      
       Input Delay:-     0.00000000                      
         Data Path:-  1268.80000000                      
             Slack:=  -279.50000000                      

Exceptions/Constraints:
  input_delay           0.00000000         in_del_3227_1   
  output_delay          0.00000000         ou_del_3661_1   

#----------------------------------------------------------------------------------------------------------------------------
# Timing Point   Flags   Arc   Edge        Cell          Fanout     Load        Trans        Delay       Arrival    Instance 
#                                                                   (fF)        (ps)         (ps)          (ps)     Location 
#----------------------------------------------------------------------------------------------------------------------------
  pi163          <<<     -     R     (arrival)                7  4.80000000  24.90000000   0.00000000   10.70000000    (-,-) 
  _nid_148/Y     -       C->Y  R     AND3x1_ASAP7_75t_R       3  2.00000000  23.70000000  33.00000000   43.70000000    (-,-) 
  _nid_150/Y     -       A2->Y R     AO21x1_ASAP7_75t_R      58 56.00000000 488.90000000 240.80000000  284.50000000    (-,-) 
  _nid_158/Y     -       A->Y  F     INVx1_ASAP7_75t_R      109 81.00000000 564.60000000 476.60000000  761.10000000    (-,-) 
  _nid_1040/Y    -       A->Y  R     NAND2x1_ASAP7_75t_R      1  1.10000000  93.70000000  90.90000000  852.00000000    (-,-) 
  _nid_1042/Y    -       A1->Y F     AOI21x1_ASAP7_75t_R      1  0.60000000  57.60000000  20.70000000  872.70000000    (-,-) 
  _nid_1043/Y    -       B->Y  F     AO21x1_ASAP7_75t_R       2  6.70000000  52.20000000  53.20000000  925.90000000    (-,-) 
  _nid_1044/Y    -       A->Y  F     XOR2x2_ASAP7_75t_R       6  3.90000000  21.00000000  46.10000000  972.00000000    (-,-) 
  _nid_1045/Y    -       A->Y  R     INVx1_ASAP7_75t_R       12  7.20000000  65.50000000  38.50000000 1010.50000000    (-,-) 
  _nid_1062/Y    -       C->Y  R     OR3x1_ASAP7_75t_R        2  1.20000000  15.20000000  29.60000000 1040.10000000    (-,-) 
  _nid_1068/Y    -       A->Y  F     INVx1_ASAP7_75t_R        2  1.00000000  10.80000000  10.10000000 1050.20000000    (-,-) 
  _nid_1069/Y    -       B->Y  F     AO21x1_ASAP7_75t_R       2  1.60000000  16.50000000  25.80000000 1076.00000000    (-,-) 
  _nid_1070/Y    -       B->Y  R     NAND2x1_ASAP7_75t_R      3  1.80000000  23.80000000  17.00000000 1093.00000000    (-,-) 
  _nid_1072/Y    -       A->Y  R     AND3x1_ASAP7_75t_R       4  2.50000000  28.50000000  35.50000000 1128.50000000    (-,-) 
  _nid_1483/Y    -       B->Y  F     NOR2x1_ASAP7_75t_R       2  1.20000000  17.80000000  15.60000000 1144.10000000    (-,-) 
  _nid_1484/Y    -       A->Y  R     INVx1_ASAP7_75t_R        1  0.60000000  11.10000000  10.40000000 1154.50000000    (-,-) 
  _nid_1485/Y    -       B->Y  R     OA21x2_ASAP7_75t_R       1  0.60000000   9.80000000  21.00000000 1175.50000000    (-,-) 
  _nid_1486/Y    -       B->Y  R     AO21x1_ASAP7_75t_R       1  0.50000000   9.80000000  14.50000000 1190.00000000    (-,-) 
  _nid_1490/Y    -       B2->Y R     AO221x2_ASAP7_75t_R      1  0.60000000  12.10000000  26.60000000 1216.60000000    (-,-) 
  _nid_1491/Y    -       B->Y  R     AO21x1_ASAP7_75t_R       1  0.90000000  12.80000000  16.90000000 1233.50000000    (-,-) 
  _nid_1492/Y    -       B->Y  F     XNOR2x2_ASAP7_75t_R      1  5.80000000  26.30000000  46.00000000 1279.50000000    (-,-) 
  po87           <<<     -     F     (port)                   -           -            -   0.00000000 1279.50000000    (-,-) 
#----------------------------------------------------------------------------------------------------------------------------



Path 6: VIOLATED (-279.20000000 ps) Late External Delay Assertion at pin po73
          Group: vclk
     Startpoint: (R) pi163
          Clock: (R) vclk
       Endpoint: (F) po73
          Clock: (R) vclk

                         Capture            Launch       
        Clock Edge:+  1000.00000000       0.00000000     
        Drv Adjust:+     0.00000000      10.70000000     
       Src Latency:+     0.00000000       0.00000000     
       Net Latency:+     0.00000000 (I)   0.00000000 (I) 
           Arrival:=  1000.00000000      10.70000000     
                                                         
      Output Delay:-     0.00000000                      
     Required Time:=  1000.00000000                      
      Launch Clock:-    10.70000000                      
       Input Delay:-     0.00000000                      
         Data Path:-  1268.50000000                      
             Slack:=  -279.20000000                      

Exceptions/Constraints:
  input_delay           0.00000000         in_del_3227_1   
  output_delay          0.00000000         ou_del_3647_1   

#----------------------------------------------------------------------------------------------------------------------------
# Timing Point   Flags   Arc   Edge        Cell          Fanout     Load        Trans        Delay       Arrival    Instance 
#                                                                   (fF)        (ps)         (ps)          (ps)     Location 
#----------------------------------------------------------------------------------------------------------------------------
  pi163          <<<     -     R     (arrival)                7  4.80000000  24.90000000   0.00000000   10.70000000    (-,-) 
  _nid_148/Y     -       C->Y  R     AND3x1_ASAP7_75t_R       3  2.00000000  23.70000000  33.00000000   43.70000000    (-,-) 
  _nid_150/Y     -       A2->Y R     AO21x1_ASAP7_75t_R      58 56.00000000 488.90000000 240.80000000  284.50000000    (-,-) 
  _nid_158/Y     -       A->Y  F     INVx1_ASAP7_75t_R      109 81.00000000 564.60000000 476.60000000  761.10000000    (-,-) 
  _nid_633/Y     -       A->Y  R     NAND2x1_ASAP7_75t_R      1  1.10000000  93.70000000  90.90000000  852.00000000    (-,-) 
  _nid_635/Y     -       A1->Y F     AOI21x1_ASAP7_75t_R      1  0.60000000  57.60000000  20.70000000  872.70000000    (-,-) 
  _nid_636/Y     -       B->Y  F     AO21x1_ASAP7_75t_R       2  6.70000000  52.20000000  53.20000000  925.90000000    (-,-) 
  _nid_640/Y     -       A->Y  R     XOR2x2_ASAP7_75t_R       8  5.30000000  29.90000000  53.80000000  979.70000000    (-,-) 
  _nid_667/Y     -       A->Y  F     INVx1_ASAP7_75t_R       11  6.90000000  50.00000000  35.00000000 1014.70000000    (-,-) 
  _nid_690/Y     -       B->Y  F     AND2x2_ASAP7_75t_R       6  3.80000000  18.60000000  38.10000000 1052.80000000    (-,-) 
  _nid_789/Y     -       A1->Y F     AO21x1_ASAP7_75t_R       2  1.20000000  14.10000000  26.00000000 1078.80000000    (-,-) 
  _nid_790/Y     -       A->Y  R     INVx1_ASAP7_75t_R        1  0.40000000   8.50000000   8.40000000 1087.20000000    (-,-) 
  _nid_791/Y     -       B1->Y R     AO32x1_ASAP7_75t_R       1  0.50000000  12.10000000  22.70000000 1109.90000000    (-,-) 
  _nid_792/Y     -       B->Y  R     AND2x2_ASAP7_75t_R       2  1.10000000  10.50000000  20.80000000 1130.70000000    (-,-) 
  _nid_793/Y     -       A->Y  R     AND3x1_ASAP7_75t_R       1  0.60000000  12.80000000  22.70000000 1153.40000000    (-,-) 
  _nid_794/Y     -       A->Y  F     INVx1_ASAP7_75t_R        2  1.00000000  10.20000000   9.40000000 1162.80000000    (-,-) 
  _nid_800/Y     -       B->Y  F     OA211x2_ASAP7_75t_R      1  0.60000000  12.80000000  34.50000000 1197.30000000    (-,-) 
  _nid_801/Y     -       A->Y  R     INVx1_ASAP7_75t_R        1  0.50000000   8.90000000   8.50000000 1205.80000000    (-,-) 
  _nid_804/Y     -       B2->Y R     AO221x2_ASAP7_75t_R      1  0.90000000  12.90000000  27.30000000 1233.10000000    (-,-) 
  _nid_805/Y     -       B->Y  F     XNOR2x2_ASAP7_75t_R      1  5.80000000  26.30000000  46.10000000 1279.20000000    (-,-) 
  po73           <<<     -     F     (port)                   -           -            -   0.00000000 1279.20000000    (-,-) 
#----------------------------------------------------------------------------------------------------------------------------



Path 7: VIOLATED (-271.50000000 ps) Late External Delay Assertion at pin po95
          Group: vclk
     Startpoint: (R) pi163
          Clock: (R) vclk
       Endpoint: (R) po95
          Clock: (R) vclk

                         Capture            Launch       
        Clock Edge:+  1000.00000000       0.00000000     
        Drv Adjust:+     0.00000000      10.70000000     
       Src Latency:+     0.00000000       0.00000000     
       Net Latency:+     0.00000000 (I)   0.00000000 (I) 
           Arrival:=  1000.00000000      10.70000000     
                                                         
      Output Delay:-     0.00000000                      
     Required Time:=  1000.00000000                      
      Launch Clock:-    10.70000000                      
       Input Delay:-     0.00000000                      
         Data Path:-  1260.80000000                      
             Slack:=  -271.50000000                      

Exceptions/Constraints:
  input_delay           0.00000000         in_del_3227_1   
  output_delay          0.00000000         ou_del_3669_1   

#----------------------------------------------------------------------------------------------------------------------------
# Timing Point   Flags   Arc   Edge        Cell          Fanout     Load        Trans        Delay       Arrival    Instance 
#                                                                   (fF)        (ps)         (ps)          (ps)     Location 
#----------------------------------------------------------------------------------------------------------------------------
  pi163          <<<     -     R     (arrival)                7  4.80000000  24.90000000   0.00000000   10.70000000    (-,-) 
  _nid_148/Y     -       C->Y  R     AND3x1_ASAP7_75t_R       3  2.00000000  23.70000000  33.00000000   43.70000000    (-,-) 
  _nid_150/Y     -       A2->Y R     AO21x1_ASAP7_75t_R      58 56.00000000 488.90000000 240.80000000  284.50000000    (-,-) 
  _nid_158/Y     -       A->Y  F     INVx1_ASAP7_75t_R      109 81.00000000 564.60000000 476.60000000  761.10000000    (-,-) 
  _nid_1040/Y    -       A->Y  R     NAND2x1_ASAP7_75t_R      1  1.10000000  93.70000000  90.90000000  852.00000000    (-,-) 
  _nid_1042/Y    -       A1->Y F     AOI21x1_ASAP7_75t_R      1  0.60000000  57.60000000  20.70000000  872.70000000    (-,-) 
  _nid_1043/Y    -       B->Y  F     AO21x1_ASAP7_75t_R       2  6.70000000  52.20000000  53.20000000  925.90000000    (-,-) 
  _nid_1044/Y    -       A->Y  F     XOR2x2_ASAP7_75t_R       6  3.90000000  21.00000000  46.10000000  972.00000000    (-,-) 
  _nid_1045/Y    -       A->Y  R     INVx1_ASAP7_75t_R       12  7.20000000  65.50000000  38.50000000 1010.50000000    (-,-) 
  _nid_1062/Y    -       C->Y  R     OR3x1_ASAP7_75t_R        2  1.20000000  15.20000000  29.60000000 1040.10000000    (-,-) 
  _nid_1068/Y    -       A->Y  F     INVx1_ASAP7_75t_R        2  1.00000000  10.80000000  10.10000000 1050.20000000    (-,-) 
  _nid_1069/Y    -       B->Y  F     AO21x1_ASAP7_75t_R       2  1.60000000  16.50000000  25.80000000 1076.00000000    (-,-) 
  _nid_1070/Y    -       B->Y  R     NAND2x1_ASAP7_75t_R      3  1.80000000  23.80000000  17.00000000 1093.00000000    (-,-) 
  _nid_1072/Y    -       A->Y  R     AND3x1_ASAP7_75t_R       4  2.50000000  28.50000000  35.50000000 1128.50000000    (-,-) 
  _nid_1483/Y    -       B->Y  F     NOR2x1_ASAP7_75t_R       2  1.20000000  17.80000000  15.60000000 1144.10000000    (-,-) 
  _nid_1626/Y    -       A->Y  F     OR3x1_ASAP7_75t_R        1  0.60000000  11.70000000  28.50000000 1172.60000000    (-,-) 
  _nid_1627/Y    -       B->Y  F     OA21x2_ASAP7_75t_R       1  0.40000000   7.90000000  17.10000000 1189.70000000    (-,-) 
  _nid_1628/Y    -       C->Y  F     OA211x2_ASAP7_75t_R      1  0.90000000  13.80000000  36.40000000 1226.10000000    (-,-) 
  _nid_1633/Y    -       A->Y  R     XOR2x2_ASAP7_75t_R       1  5.80000000  31.00000000  45.40000000 1271.50000000    (-,-) 
  po95           <<<     -     R     (port)                   -           -            -   0.00000000 1271.50000000    (-,-) 
#----------------------------------------------------------------------------------------------------------------------------



Path 8: VIOLATED (-266.20000000 ps) Late External Delay Assertion at pin po70
          Group: vclk
     Startpoint: (R) pi163
          Clock: (R) vclk
       Endpoint: (R) po70
          Clock: (R) vclk

                         Capture            Launch       
        Clock Edge:+  1000.00000000       0.00000000     
        Drv Adjust:+     0.00000000      10.70000000     
       Src Latency:+     0.00000000       0.00000000     
       Net Latency:+     0.00000000 (I)   0.00000000 (I) 
           Arrival:=  1000.00000000      10.70000000     
                                                         
      Output Delay:-     0.00000000                      
     Required Time:=  1000.00000000                      
      Launch Clock:-    10.70000000                      
       Input Delay:-     0.00000000                      
         Data Path:-  1255.50000000                      
             Slack:=  -266.20000000                      

Exceptions/Constraints:
  input_delay           0.00000000         in_del_3227_1   
  output_delay          0.00000000         ou_del_3644_1   

#----------------------------------------------------------------------------------------------------------------------------
# Timing Point   Flags   Arc   Edge        Cell          Fanout     Load        Trans        Delay       Arrival    Instance 
#                                                                   (fF)        (ps)         (ps)          (ps)     Location 
#----------------------------------------------------------------------------------------------------------------------------
  pi163          <<<     -     R     (arrival)                7  4.80000000  24.90000000   0.00000000   10.70000000    (-,-) 
  _nid_148/Y     -       C->Y  R     AND3x1_ASAP7_75t_R       3  2.00000000  23.70000000  33.00000000   43.70000000    (-,-) 
  _nid_150/Y     -       A2->Y R     AO21x1_ASAP7_75t_R      58 56.00000000 488.90000000 240.80000000  284.50000000    (-,-) 
  _nid_158/Y     -       A->Y  F     INVx1_ASAP7_75t_R      109 81.00000000 564.60000000 476.60000000  761.10000000    (-,-) 
  _nid_656/Y     -       B->Y  F     AND2x2_ASAP7_75t_R       2  1.10000000  25.40000000  96.60000000  857.70000000    (-,-) 
  _nid_657/Y     -       C->Y  F     AO221x2_ASAP7_75t_R      1  0.50000000  21.40000000  38.20000000  895.90000000    (-,-) 
  _nid_661/Y     -       A1->Y F     AO21x1_ASAP7_75t_R       2  6.70000000  52.20000000  45.80000000  941.70000000    (-,-) 
  _nid_665/Y     -       A->Y  F     XOR2x2_ASAP7_75t_R       4  2.30000000  15.60000000  42.50000000  984.20000000    (-,-) 
  _nid_666/Y     -       A->Y  R     INVx1_ASAP7_75t_R       13  9.50000000  85.00000000  45.50000000 1029.70000000    (-,-) 
  _nid_688/Y     -       B->Y  F     NOR2x1_ASAP7_75t_R       2  1.20000000  26.40000000  24.50000000 1054.20000000    (-,-) 
  _nid_691/Y     -       A1->Y F     OA21x2_ASAP7_75t_R       2  1.50000000  11.70000000  29.20000000 1083.40000000    (-,-) 
  _nid_692/Y     -       B->Y  F     AO21x1_ASAP7_75t_R       2  2.00000000  18.40000000  27.50000000 1110.90000000    (-,-) 
  _nid_693/Y     -       B->Y  R     NAND2x1_ASAP7_75t_R      2  1.10000000  22.40000000  14.60000000 1125.50000000    (-,-) 
  _nid_698/Y     -       C->Y  R     AND5x1_ASAP7_75t_R       2  2.00000000  27.50000000  47.30000000 1172.80000000    (-,-) 
  _nid_699/Y     -       B->Y  F     NOR2x1_ASAP7_75t_R       1  0.60000000  14.80000000  12.50000000 1185.30000000    (-,-) 
  _nid_715/Y     -       A->Y  F     OR4x2_ASAP7_75t_R        1  0.80000000  14.70000000  40.40000000 1225.70000000    (-,-) 
  _nid_716/Y     -       B->Y  R     XNOR2x2_ASAP7_75t_R      1  5.80000000  30.90000000  40.50000000 1266.20000000    (-,-) 
  po70           <<<     -     R     (port)                   -           -            -   0.00000000 1266.20000000    (-,-) 
#----------------------------------------------------------------------------------------------------------------------------



Path 9: VIOLATED (-261.90000000 ps) Late External Delay Assertion at pin po96
          Group: vclk
     Startpoint: (R) pi163
          Clock: (R) vclk
       Endpoint: (F) po96
          Clock: (R) vclk

                         Capture            Launch       
        Clock Edge:+  1000.00000000       0.00000000     
        Drv Adjust:+     0.00000000      10.70000000     
       Src Latency:+     0.00000000       0.00000000     
       Net Latency:+     0.00000000 (I)   0.00000000 (I) 
           Arrival:=  1000.00000000      10.70000000     
                                                         
      Output Delay:-     0.00000000                      
     Required Time:=  1000.00000000                      
      Launch Clock:-    10.70000000                      
       Input Delay:-     0.00000000                      
         Data Path:-  1251.20000000                      
             Slack:=  -261.90000000                      

Exceptions/Constraints:
  input_delay           0.00000000         in_del_3227_1   
  output_delay          0.00000000         ou_del_3670_1   

#-----------------------------------------------------------------------------------------------------------------------------
# Timing Point   Flags   Arc   Edge         Cell          Fanout     Load        Trans        Delay       Arrival    Instance 
#                                                                    (fF)        (ps)         (ps)          (ps)     Location 
#-----------------------------------------------------------------------------------------------------------------------------
  pi163          <<<     -     R     (arrival)                 7  4.80000000  24.90000000   0.00000000   10.70000000    (-,-) 
  _nid_148/Y     -       C->Y  R     AND3x1_ASAP7_75t_R        3  2.00000000  23.70000000  33.00000000   43.70000000    (-,-) 
  _nid_150/Y     -       A2->Y R     AO21x1_ASAP7_75t_R       58 56.00000000 488.90000000 240.80000000  284.50000000    (-,-) 
  _nid_158/Y     -       A->Y  F     INVx1_ASAP7_75t_R       109 81.00000000 564.60000000 476.60000000  761.10000000    (-,-) 
  _nid_1108/Y    -       A->Y  R     NAND2x1_ASAP7_75t_R       1  1.10000000  93.70000000  90.90000000  852.00000000    (-,-) 
  _nid_1111/Y    -       A1->Y F     AOI21x1_ASAP7_75t_R       1  0.60000000  57.60000000  20.70000000  872.70000000    (-,-) 
  _nid_1112/Y    -       B->Y  F     AO21x1_ASAP7_75t_R        2  6.70000000  52.20000000  53.20000000  925.90000000    (-,-) 
  _nid_1113/Y    -       A->Y  F     XOR2x2_ASAP7_75t_R        9  6.10000000  28.00000000  50.60000000  976.50000000    (-,-) 
  _nid_1142/Y    -       A->Y  R     INVx1_ASAP7_75t_R         9  6.00000000  56.30000000  36.40000000 1012.90000000    (-,-) 
  _nid_1143/Y    -       C->Y  R     AND3x1_ASAP7_75t_R        6  5.10000000  50.00000000  50.40000000 1063.30000000    (-,-) 
  _nid_1186/Y    -       A->Y  F     NOR2x1_ASAP7_75t_R        1  0.50000000  17.80000000  18.40000000 1081.70000000    (-,-) 
  _nid_1188/Y    -       A1->Y F     AO21x1_ASAP7_75t_R        2  1.60000000  16.20000000  27.30000000 1109.00000000    (-,-) 
  _nid_1189/Y    -       B->Y  R     NAND2x1_ASAP7_75t_R       2  1.20000000  22.50000000  14.30000000 1123.30000000    (-,-) 
  _nid_1642/Y    -       A->Y  F     INVx1_ASAP7_75t_R         1  0.40000000   9.10000000   8.90000000 1132.20000000    (-,-) 
  _nid_1643/Y    -       B->Y  F     OA211x2_ASAP7_75t_R       1  0.90000000  13.80000000  35.00000000 1167.20000000    (-,-) 
  _nid_1645/Y    -       B->Y  R     AOI211x1_ASAP7_75t_R      1  0.60000000  20.80000000  14.50000000 1181.70000000    (-,-) 
  _nid_1646/Y    -       B->Y  R     OA21x2_ASAP7_75t_R        1  0.60000000   8.80000000  23.20000000 1204.90000000    (-,-) 
  _nid_1647/Y    -       B->Y  R     OA21x2_ASAP7_75t_R        1  0.80000000  10.20000000  21.00000000 1225.90000000    (-,-) 
  _nid_1652/Y    -       A->Y  F     XOR2x2_ASAP7_75t_R        1  5.80000000  26.20000000  36.00000000 1261.90000000    (-,-) 
  po96           <<<     -     F     (port)                    -           -            -   0.00000000 1261.90000000    (-,-) 
#-----------------------------------------------------------------------------------------------------------------------------



Path 10: VIOLATED (-254.90000000 ps) Late External Delay Assertion at pin po98
          Group: vclk
     Startpoint: (R) pi163
          Clock: (R) vclk
       Endpoint: (R) po98
          Clock: (R) vclk

                         Capture            Launch       
        Clock Edge:+  1000.00000000       0.00000000     
        Drv Adjust:+     0.00000000      10.70000000     
       Src Latency:+     0.00000000       0.00000000     
       Net Latency:+     0.00000000 (I)   0.00000000 (I) 
           Arrival:=  1000.00000000      10.70000000     
                                                         
      Output Delay:-     0.00000000                      
     Required Time:=  1000.00000000                      
      Launch Clock:-    10.70000000                      
       Input Delay:-     0.00000000                      
         Data Path:-  1244.20000000                      
             Slack:=  -254.90000000                      

Exceptions/Constraints:
  input_delay           0.00000000         in_del_3227_1   
  output_delay          0.00000000         ou_del_3672_1   

#----------------------------------------------------------------------------------------------------------------------------
# Timing Point   Flags   Arc   Edge        Cell          Fanout     Load        Trans        Delay       Arrival    Instance 
#                                                                   (fF)        (ps)         (ps)          (ps)     Location 
#----------------------------------------------------------------------------------------------------------------------------
  pi163          <<<     -     R     (arrival)                7  4.80000000  24.90000000   0.00000000   10.70000000    (-,-) 
  _nid_148/Y     -       C->Y  R     AND3x1_ASAP7_75t_R       3  2.00000000  23.70000000  33.00000000   43.70000000    (-,-) 
  _nid_150/Y     -       A2->Y R     AO21x1_ASAP7_75t_R      58 56.00000000 488.90000000 240.80000000  284.50000000    (-,-) 
  _nid_158/Y     -       A->Y  F     INVx1_ASAP7_75t_R      109 81.00000000 564.60000000 476.60000000  761.10000000    (-,-) 
  _nid_1373/Y    -       A->Y  R     NAND2x1_ASAP7_75t_R      1  1.10000000  93.70000000  90.90000000  852.00000000    (-,-) 
  _nid_1375/Y    -       A1->Y F     AOI21x1_ASAP7_75t_R      1  0.60000000  57.60000000  20.70000000  872.70000000    (-,-) 
  _nid_1376/Y    -       B->Y  F     AO21x1_ASAP7_75t_R       2  6.70000000  52.20000000  53.20000000  925.90000000    (-,-) 
  _nid_1377/Y    -       A->Y  F     XOR2x2_ASAP7_75t_R       6  3.70000000  20.30000000  45.70000000  971.60000000    (-,-) 
  _nid_1379/Y    -       A->Y  R     INVx1_ASAP7_75t_R       13  7.90000000  71.40000000  41.00000000 1012.60000000    (-,-) 
  _nid_1389/Y    -       A->Y  F     NOR2x1_ASAP7_75t_R       4  2.70000000  36.90000000  34.70000000 1047.30000000    (-,-) 
  _nid_1406/Y    -       B->Y  F     AO21x1_ASAP7_75t_R       3  2.60000000  22.80000000  35.70000000 1083.00000000    (-,-) 
  _nid_1571/Y    -       B->Y  R     NAND2x1_ASAP7_75t_R      2  1.20000000  26.40000000  16.40000000 1099.40000000    (-,-) 
  _nid_1572/Y    -       A->Y  R     AND3x1_ASAP7_75t_R       1  0.60000000  12.10000000  27.00000000 1126.40000000    (-,-) 
  _nid_1573/Y    -       A->Y  F     INVx1_ASAP7_75t_R        2  1.20000000  11.20000000   9.90000000 1136.30000000    (-,-) 
  _nid_1681/Y    -       A->Y  F     AND4x2_ASAP7_75t_R       1  0.50000000   6.80000000  16.80000000 1153.10000000    (-,-) 
  _nid_1682/Y    -       C->Y  F     AO221x2_ASAP7_75t_R      1  0.60000000  11.60000000  34.00000000 1187.10000000    (-,-) 
  _nid_1683/Y    -       B->Y  F     AO21x1_ASAP7_75t_R       1  0.90000000  11.10000000  23.20000000 1210.30000000    (-,-) 
  _nid_1688/Y    -       A->Y  R     XOR2x2_ASAP7_75t_R       1  5.80000000  31.00000000  44.60000000 1254.90000000    (-,-) 
  po98           <<<     -     R     (port)                   -           -            -   0.00000000 1254.90000000    (-,-) 
#----------------------------------------------------------------------------------------------------------------------------

